2026-10-02T02:50:06.1271580Z Current runner version: '2.337.0'
2026-10-02T02:50:06.1299664Z ##[group]Runner Image Provisioner
2026-10-02T02:50:06.1300714Z Hosted Compute Agent
2026-10-02T02:50:06.1301396Z Version: 20260901.588
2026-10-02T02:50:06.1302154Z Commit: f88ec8081b781fac6c440065ac7ff9e710ce3d0b
2026-10-02T02:50:06.1302975Z Build Date: 2026-09-01T19:56:44Z
2026-10-02T02:50:06.1303823Z Worker ID: {78507dc6-7362-4705-b4bc-c44e0d11bd45}
2026-10-02T02:50:06.1304800Z Azure Region: centralus
2026-10-02T02:50:06.1305490Z ##[endgroup]
2026-10-02T02:50:06.1307625Z ##[group]Operating System
2026-10-02T02:50:06.1308374Z Ubuntu
2026-10-02T02:50:06.1308954Z 24.04.5
2026-10-02T02:50:06.1309643Z LTS
2026-10-02T02:50:06.1310241Z ##[endgroup]
2026-10-02T02:50:06.1310879Z ##[group]Runner Image
2026-10-02T02:50:06.1311673Z Image: ubuntu-24.04
2026-10-02T02:50:06.1312365Z Version: 20260927.320.1
2026-10-02T02:50:06.1313937Z Included Software: https://github.com/actions/runner-images/blob/ubuntu24/20260927.320/images/ubuntu/Ubuntu2404-Readme.md
2026-10-02T02:50:06.1315791Z Image Release: https://github.com/actions/runner-images/releases/tag/ubuntu24%2F20260927.320
2026-10-02T02:50:06.1317160Z ##[endgroup]
2026-10-02T02:50:06.1318554Z ##[group]GITHUB_TOKEN Permissions
2026-10-02T02:50:06.1320902Z Contents: read
2026-10-02T02:50:06.1321542Z Metadata: read
2026-10-02T02:50:06.1322280Z ##[endgroup]
2026-10-02T02:50:06.1324684Z Secret source: Actions
2026-10-02T02:50:06.1325898Z Cache mode: write
2026-10-02T02:50:06.1326957Z Prepare workflow directory
2026-10-02T02:50:06.1644914Z Prepare all required actions
2026-10-02T02:50:06.1687032Z Getting action download info
2026-10-02T02:50:06.4083462Z Download action repository 'actions/checkout@v4' (SHA:11d5960a326750d5838078e36cf38b85af677262)
2026-10-02T02:50:06.4982734Z Download action repository 'actions/setup-node@v4' (SHA:49933ea5288caeca8642d1e84afbd3f7d6820020)
2026-10-02T02:50:06.7243027Z Complete job name: regressions
2026-10-02T02:50:06.7824655Z ##[group]Run actions/checkout@v4
2026-10-02T02:50:06.7825376Z with:
2026-10-02T02:50:06.7825909Z   repository: trimcrae/Kid-games
2026-10-02T02:50:06.7829177Z   token: ***
2026-10-02T02:50:06.7829618Z   ssh-strict: true
2026-10-02T02:50:06.7830095Z   ssh-user: git
2026-10-02T02:50:06.7830530Z   persist-credentials: true
2026-10-02T02:50:06.7831004Z   clean: true
2026-10-02T02:50:06.7831505Z   sparse-checkout-cone-mode: true
2026-10-02T02:50:06.7831988Z   fetch-depth: 1
2026-10-02T02:50:06.7832434Z   fetch-tags: false
2026-10-02T02:50:06.7832865Z   show-progress: true
2026-10-02T02:50:06.7833308Z   lfs: false
2026-10-02T02:50:06.7833731Z   submodules: false
2026-10-02T02:50:06.7834192Z   set-safe-directory: true
2026-10-02T02:50:06.7834682Z   allow-unsafe-pr-checkout: false
2026-10-02T02:50:06.7835315Z ##[endgroup]
2026-10-02T02:50:06.8682827Z Syncing repository: trimcrae/Kid-games
2026-10-02T02:50:06.8684684Z ##[group]Getting Git version info
2026-10-02T02:50:06.8685669Z Working directory is '/home/runner/work/Kid-games/Kid-games'
2026-10-02T02:50:06.8687012Z [command]/usr/bin/git version
2026-10-02T02:50:06.8743645Z git version 2.55.0
2026-10-02T02:50:06.8761343Z ##[endgroup]
2026-10-02T02:50:06.8773679Z Temporarily overriding HOME='/home/runner/work/_temp/53083a66-f582-481b-a8ab-06e0e6710289' before making global git config changes
2026-10-02T02:50:06.8775488Z Adding repository directory to the temporary git global config as a safe directory
2026-10-02T02:50:06.8778786Z [command]/usr/bin/git config --global --add safe.directory /home/runner/work/Kid-games/Kid-games
2026-10-02T02:50:06.8831818Z Deleting the contents of '/home/runner/work/Kid-games/Kid-games'
2026-10-02T02:50:06.8837232Z ##[group]Initializing the repository
2026-10-02T02:50:06.8841790Z [command]/usr/bin/git init /home/runner/work/Kid-games/Kid-games
2026-10-02T02:50:06.8936103Z hint: Using 'master' as the name for the initial branch. This default branch name
2026-10-02T02:50:06.8937541Z hint: will change to "main" in Git 3.0. To configure the initial branch name
2026-10-02T02:50:06.8938663Z hint: to use in all of your new repositories, which will suppress this warning,
2026-10-02T02:50:06.8939834Z hint: call:
2026-10-02T02:50:06.8940388Z hint:
2026-10-02T02:50:06.8940948Z hint: 	git config --global init.defaultBranch <name>
2026-10-02T02:50:06.8941506Z hint:
2026-10-02T02:50:06.8942034Z hint: Names commonly chosen instead of 'master' are 'main', 'trunk' and
2026-10-02T02:50:06.8942876Z hint: 'development'. The just-created branch can be renamed via this command:
2026-10-02T02:50:06.8943857Z hint:
2026-10-02T02:50:06.8944438Z hint: 	git branch -m <name>
2026-10-02T02:50:06.8945042Z hint:
2026-10-02T02:50:06.8945832Z hint: Disable this message with "git config set advice.defaultBranchName false"
2026-10-02T02:50:06.8947091Z Initialized empty Git repository in /home/runner/work/Kid-games/Kid-games/.git/
2026-10-02T02:50:06.8948857Z [command]/usr/bin/git remote add origin https://github.com/trimcrae/Kid-games
2026-10-02T02:50:06.8986296Z ##[endgroup]
2026-10-02T02:50:06.8987744Z ##[group]Disabling automatic garbage collection
2026-10-02T02:50:06.8990064Z [command]/usr/bin/git config --local gc.auto 0
2026-10-02T02:50:06.9015480Z ##[endgroup]
2026-10-02T02:50:06.9016365Z ##[group]Setting up auth
2026-10-02T02:50:06.9021754Z [command]/usr/bin/git config --local --name-only --get-regexp core\.sshCommand
2026-10-02T02:50:06.9047653Z [command]/usr/bin/git submodule foreach --recursive sh -c "git config --local --name-only --get-regexp 'core\.sshCommand' && git config --local --unset-all 'core.sshCommand' || :"
2026-10-02T02:50:06.9348028Z [command]/usr/bin/git config --local --name-only --get-regexp http\.https\:\/\/github\.com\/\.extraheader
2026-10-02T02:50:06.9378202Z [command]/usr/bin/git submodule foreach --recursive sh -c "git config --local --name-only --get-regexp 'http\.https\:\/\/github\.com\/\.extraheader' && git config --local --unset-all 'http.https://github.com/.extraheader' || :"
2026-10-02T02:50:06.9539543Z [command]/usr/bin/git config --local --name-only --get-regexp ^includeIf\.gitdir:
2026-10-02T02:50:06.9563767Z [command]/usr/bin/git submodule foreach --recursive git config --local --show-origin --name-only --get-regexp remote.origin.url
2026-10-02T02:50:06.9721744Z [command]/usr/bin/git config --local http.https://github.com/.extraheader AUTHORIZATION: basic ***
2026-10-02T02:50:06.9751183Z ##[endgroup]
2026-10-02T02:50:06.9752439Z ##[group]Fetching the repository
2026-10-02T02:50:06.9760013Z [command]/usr/bin/git -c protocol.version=2 fetch --no-tags --prune --no-recurse-submodules --depth=1 origin +37c6011104332b231112e0b2bc98ccb72b0a7aae:refs/remotes/pull/5/merge
2026-10-02T02:50:19.2695418Z From https://github.com/trimcrae/Kid-games
2026-10-02T02:50:19.2701540Z  * [new ref]         37c6011104332b231112e0b2bc98ccb72b0a7aae -> pull/5/merge
2026-10-02T02:50:19.2703863Z ##[endgroup]
2026-10-02T02:50:19.2704672Z ##[group]Determining the checkout info
2026-10-02T02:50:19.2705388Z ##[endgroup]
2026-10-02T02:50:19.2707501Z [command]/usr/bin/git sparse-checkout disable
2026-10-02T02:50:19.2748364Z [command]/usr/bin/git config --local --unset-all extensions.worktreeConfig
2026-10-02T02:50:19.2774967Z ##[group]Checking out the ref
2026-10-02T02:50:19.2778028Z [command]/usr/bin/git checkout --progress --force refs/remotes/pull/5/merge
2026-10-02T02:50:20.0680156Z Note: switching to 'refs/remotes/pull/5/merge'.
2026-10-02T02:50:20.0681528Z 
2026-10-02T02:50:20.0681901Z You are in 'detached HEAD' state. You can look around, make experimental
2026-10-02T02:50:20.0682749Z changes and commit them, and you can discard any commits you make in this
2026-10-02T02:50:20.0683497Z state without impacting any branches by switching back to a branch.
2026-10-02T02:50:20.0683937Z 
2026-10-02T02:50:20.0684221Z If you want to create a new branch to retain commits you create, you may
2026-10-02T02:50:20.0684909Z do so (now or later) by using -c with the switch command. Example:
2026-10-02T02:50:20.0685261Z 
2026-10-02T02:50:20.0685536Z   git switch -c <new-branch-name>
2026-10-02T02:50:20.0685834Z 
2026-10-02T02:50:20.0686085Z Or undo this operation with:
2026-10-02T02:50:20.0686914Z 
2026-10-02T02:50:20.0687117Z   git switch -
2026-10-02T02:50:20.0687307Z 
2026-10-02T02:50:20.0687610Z Turn off this advice by setting config variable advice.detachedHead to false
2026-10-02T02:50:20.0687879Z 
2026-10-02T02:50:20.0688300Z HEAD is now at 37c6011 Merge 341b5025b2671d74e29b6dfe3f3125f9144a8dc8 into 8dc6b584488f34a2894bf4557bbb72db8ab6e864
2026-10-02T02:50:20.0720906Z ##[endgroup]
2026-10-02T02:50:20.0759217Z [command]/usr/bin/git log -1 --format=%H
2026-10-02T02:50:20.0781255Z 37c6011104332b231112e0b2bc98ccb72b0a7aae
2026-10-02T02:50:20.0999907Z ##[group]Run actions/setup-node@v4
2026-10-02T02:50:20.1000290Z with:
2026-10-02T02:50:20.1000596Z   node-version: 22
2026-10-02T02:50:20.1000940Z   always-auth: false
2026-10-02T02:50:20.1001280Z   check-latest: false
2026-10-02T02:50:20.1003287Z   token: ***
2026-10-02T02:50:20.1003655Z ##[endgroup]
2026-10-02T02:50:20.2720767Z Found in cache @ /opt/hostedtoolcache/node/22.23.3/x64
2026-10-02T02:50:20.2724161Z (node:2085) [DEP0040] DeprecationWarning: The `punycode` module is deprecated. Please use a userland alternative instead.
2026-10-02T02:50:20.2725315Z (Use `node --trace-deprecation ...` to show where the warning was created)
2026-10-02T02:50:20.2727172Z ##[group]Environment details
2026-10-02T02:50:24.3610581Z node: v22.23.3
2026-10-02T02:50:24.3610979Z npm: 10.9.9
2026-10-02T02:50:24.3611383Z yarn: 1.22.22
2026-10-02T02:50:24.3612407Z ##[endgroup]
2026-10-02T02:50:24.3718596Z ##[group]Run npm install --no-package-lock --no-audit --no-fund
2026-10-02T02:50:24.3719159Z [36;1mnpm install --no-package-lock --no-audit --no-fund[0m
2026-10-02T02:50:24.3948746Z shell: /usr/bin/bash -e {0}
2026-10-02T02:50:24.3949313Z ##[endgroup]
2026-10-02T02:50:26.8028001Z 
2026-10-02T02:50:26.8035794Z added 1 package in 2s
2026-10-02T02:50:26.8248775Z ##[group]Run node node_modules/playwright-core/cli.js install --with-deps --no-shell chromium
2026-10-02T02:50:26.8249413Z [36;1mnode node_modules/playwright-core/cli.js install --with-deps --no-shell chromium[0m
2026-10-02T02:50:26.8288178Z shell: /usr/bin/bash -e {0}
2026-10-02T02:50:26.8288635Z ##[endgroup]
2026-10-02T02:50:27.1690167Z Installing dependencies...
2026-10-02T02:50:27.1770054Z Switching to root user to install dependencies...
2026-10-02T02:50:27.3019536Z Get:1 file:/etc/apt/apt-mirrors.txt Mirrorlist [144 B]
2026-10-02T02:50:27.3554061Z Hit:2 http://azure.archive.ubuntu.com/ubuntu noble InRelease
2026-10-02T02:50:27.3558502Z Get:6 https://packages.microsoft.com/ubuntu/24.04/prod noble InRelease [3600 B]
2026-10-02T02:50:27.3603942Z Get:3 http://azure.archive.ubuntu.com/ubuntu noble-updates InRelease [126 kB]
2026-10-02T02:50:27.3827893Z Get:4 http://azure.archive.ubuntu.com/ubuntu noble-backports InRelease [126 kB]
2026-10-02T02:50:27.3881429Z Get:5 http://azure.archive.ubuntu.com/ubuntu noble-security InRelease [126 kB]
2026-10-02T02:50:27.5432085Z Get:7 https://packages.microsoft.com/ubuntu/24.04/prod noble/main arm64 Packages [458 kB]
2026-10-02T02:50:27.5598775Z Get:8 https://packages.microsoft.com/ubuntu/24.04/prod noble/main armhf Packages [12.6 kB]
2026-10-02T02:50:27.5648277Z Get:9 https://packages.microsoft.com/ubuntu/24.04/prod noble/main amd64 Packages [510 kB]
2026-10-02T02:50:27.5659288Z Get:10 http://azure.archive.ubuntu.com/ubuntu noble-updates/main amd64 Packages [1364 kB]
2026-10-02T02:50:27.5755026Z Get:11 http://azure.archive.ubuntu.com/ubuntu noble-updates/main Translation-en [304 kB]
2026-10-02T02:50:27.5769798Z Get:12 http://azure.archive.ubuntu.com/ubuntu noble-updates/main amd64 Components [181 kB]
2026-10-02T02:50:27.5782598Z Get:13 http://azure.archive.ubuntu.com/ubuntu noble-updates/universe amd64 Packages [1699 kB]
2026-10-02T02:50:27.5850664Z Get:14 http://azure.archive.ubuntu.com/ubuntu noble-updates/universe Translation-en [341 kB]
2026-10-02T02:50:27.5899907Z Get:15 http://azure.archive.ubuntu.com/ubuntu noble-updates/universe amd64 Components [388 kB]
2026-10-02T02:50:27.5915502Z Get:16 http://azure.archive.ubuntu.com/ubuntu noble-updates/restricted amd64 Packages [1720 kB]
2026-10-02T02:50:27.5993416Z Get:17 http://azure.archive.ubuntu.com/ubuntu noble-updates/restricted Translation-en [394 kB]
2026-10-02T02:50:27.6017322Z Get:18 http://azure.archive.ubuntu.com/ubuntu noble-updates/multiverse amd64 Components [940 B]
2026-10-02T02:50:27.6122490Z Get:19 http://azure.archive.ubuntu.com/ubuntu noble-backports/main amd64 Components [5760 B]
2026-10-02T02:50:27.6613246Z Get:20 http://azure.archive.ubuntu.com/ubuntu noble-backports/universe amd64 Components [12.6 kB]
2026-10-02T02:50:27.6622622Z Get:21 http://azure.archive.ubuntu.com/ubuntu noble-security/main amd64 Packages [1069 kB]
2026-10-02T02:50:27.6667043Z Get:22 http://azure.archive.ubuntu.com/ubuntu noble-security/main Translation-en [221 kB]
2026-10-02T02:50:27.6680753Z Get:23 http://azure.archive.ubuntu.com/ubuntu noble-security/main amd64 Components [46.4 kB]
2026-10-02T02:50:27.6687869Z Get:24 http://azure.archive.ubuntu.com/ubuntu noble-security/universe amd64 Packages [1216 kB]
2026-10-02T02:50:27.6738052Z Get:25 http://azure.archive.ubuntu.com/ubuntu noble-security/universe Translation-en [244 kB]
2026-10-02T02:50:27.6751339Z Get:26 http://azure.archive.ubuntu.com/ubuntu noble-security/universe amd64 Components [76.3 kB]
2026-10-02T02:50:27.6779434Z Get:27 http://azure.archive.ubuntu.com/ubuntu noble-security/restricted amd64 Packages [1566 kB]
2026-10-02T02:50:27.6843677Z Get:28 http://azure.archive.ubuntu.com/ubuntu noble-security/restricted Translation-en [361 kB]
2026-10-02T02:50:38.1139383Z Fetched 12.6 MB in 1s (9362 kB/s)
2026-10-02T02:50:38.8052094Z Reading package lists...
2026-10-02T02:50:38.8260494Z Reading package lists...
2026-10-02T02:50:38.9680233Z Building dependency tree...
2026-10-02T02:50:38.9685730Z Reading state information...
2026-10-02T02:50:39.1076006Z libasound2t64 is already the newest version (1.2.11-1ubuntu0.3).
2026-10-02T02:50:39.1077253Z libasound2t64 set to manually installed.
2026-10-02T02:50:39.1077730Z libatk-bridge2.0-0t64 is already the newest version (2.52.0-1build1).
2026-10-02T02:50:39.1078193Z libatk-bridge2.0-0t64 set to manually installed.
2026-10-02T02:50:39.1078779Z libatk1.0-0t64 is already the newest version (2.52.0-1build1).
2026-10-02T02:50:39.1079402Z libatk1.0-0t64 set to manually installed.
2026-10-02T02:50:39.1079851Z libatspi2.0-0t64 is already the newest version (2.52.0-1build1).
2026-10-02T02:50:39.1080288Z libatspi2.0-0t64 set to manually installed.
2026-10-02T02:50:39.1080689Z libcairo2 is already the newest version (1.18.0-3build1).
2026-10-02T02:50:39.1081119Z libcairo2 set to manually installed.
2026-10-02T02:50:39.1081564Z libcups2t64 is already the newest version (2.4.7-1.2ubuntu7.14).
2026-10-02T02:50:39.1082023Z libcups2t64 set to manually installed.
2026-10-02T02:50:39.1082459Z libdbus-1-3 is already the newest version (1.14.10-4ubuntu4.1).
2026-10-02T02:50:39.1082846Z libdbus-1-3 set to manually installed.
2026-10-02T02:50:39.1083300Z libdrm2 is already the newest version (2.4.125-1ubuntu0.1~24.04.2).
2026-10-02T02:50:39.1083740Z libdrm2 set to manually installed.
2026-10-02T02:50:39.1084210Z libglib2.0-0t64 is already the newest version (2.80.0-6ubuntu3.9).
2026-10-02T02:50:39.1084742Z libglib2.0-0t64 set to manually installed.
2026-10-02T02:50:39.1085323Z libnspr4 is already the newest version (2:4.35-1.1build1).
2026-10-02T02:50:39.1085737Z libnspr4 set to manually installed.
2026-10-02T02:50:39.1086151Z libnss3 is already the newest version (2:3.98-1ubuntu0.2).
2026-10-02T02:50:39.1086649Z libnss3 set to manually installed.
2026-10-02T02:50:39.1087073Z libpango-1.0-0 is already the newest version (1.52.1+ds-1build1).
2026-10-02T02:50:39.1087481Z libpango-1.0-0 set to manually installed.
2026-10-02T02:50:39.1087995Z libx11-6 is already the newest version (2:1.8.7-1build1).
2026-10-02T02:50:39.1088410Z libx11-6 set to manually installed.
2026-10-02T02:50:39.1088786Z libxcb1 is already the newest version (1.15-1ubuntu2).
2026-10-02T02:50:39.1089197Z libxcb1 set to manually installed.
2026-10-02T02:50:39.1089578Z libxcomposite1 is already the newest version (1:0.4.5-1build3).
2026-10-02T02:50:39.1090203Z libxcomposite1 set to manually installed.
2026-10-02T02:50:39.1090625Z libxdamage1 is already the newest version (1:1.1.6-1build1).
2026-10-02T02:50:39.1091093Z libxdamage1 set to manually installed.
2026-10-02T02:50:39.1091603Z libxext6 is already the newest version (2:1.3.4-1build2).
2026-10-02T02:50:39.1091963Z libxext6 set to manually installed.
2026-10-02T02:50:39.1092405Z libxfixes3 is already the newest version (1:6.0.0-2build1).
2026-10-02T02:50:39.1092796Z libxfixes3 set to manually installed.
2026-10-02T02:50:39.1093203Z libxkbcommon0 is already the newest version (1.6.0-1build1).
2026-10-02T02:50:39.1093644Z libxkbcommon0 set to manually installed.
2026-10-02T02:50:39.1094033Z libxrandr2 is already the newest version (2:1.5.2-2build1).
2026-10-02T02:50:39.1094483Z libxrandr2 set to manually installed.
2026-10-02T02:50:39.1094878Z xvfb is already the newest version (2:21.1.12-1ubuntu1.8).
2026-10-02T02:50:39.1095827Z fonts-noto-color-emoji is already the newest version (2.047-0ubuntu0.24.04.1).
2026-10-02T02:50:39.1096414Z libfontconfig1 is already the newest version (2.15.0-1.1ubuntu2).
2026-10-02T02:50:39.1097245Z libfontconfig1 set to manually installed.
2026-10-02T02:50:39.1097933Z libfreetype6 is already the newest version (2.13.2+dfsg-1ubuntu0.1).
2026-10-02T02:50:39.1098354Z libfreetype6 set to manually installed.
2026-10-02T02:50:39.1098781Z fonts-liberation is already the newest version (1:2.1.5-3).
2026-10-02T02:50:39.1099196Z fonts-liberation set to manually installed.
2026-10-02T02:50:39.1099635Z The following additional packages will be installed:
2026-10-02T02:50:39.1100109Z   libgl1-mesa-dri libglx-mesa0 libwayland-server0 mesa-libgallium
2026-10-02T02:50:39.1100511Z   xfonts-encodings xfonts-utils
2026-10-02T02:50:39.1100937Z Recommended packages:
2026-10-02T02:50:39.1101258Z   fonts-ipafont-mincho fonts-tlwg-loma
2026-10-02T02:50:39.1422232Z The following NEW packages will be installed:
2026-10-02T02:50:39.1422935Z   fonts-freefont-ttf fonts-ipafont-gothic fonts-tlwg-loma-otf fonts-unifont
2026-10-02T02:50:39.1427605Z   fonts-wqy-zenhei libwayland-server0 xfonts-cyrillic xfonts-encodings
2026-10-02T02:50:39.1428250Z   xfonts-scalable xfonts-utils
2026-10-02T02:50:39.1432028Z The following packages will be upgraded:
2026-10-02T02:50:39.1436715Z   libgbm1 libgl1-mesa-dri libglx-mesa0 mesa-libgallium
2026-10-02T02:50:39.1572351Z 4 upgraded, 10 newly installed, 0 to remove and 21 not upgraded.
2026-10-02T02:50:39.1573019Z Need to get 32.1 MB of archives.
2026-10-02T02:50:39.1573791Z After this operation, 79.7 MB of additional disk space will be used.
2026-10-02T02:50:39.1574291Z Get:1 file:/etc/apt/apt-mirrors.txt Mirrorlist [144 B]
2026-10-02T02:50:39.2177666Z Get:2 http://azure.archive.ubuntu.com/ubuntu noble/universe amd64 fonts-ipafont-gothic all 00303-21ubuntu1 [3513 kB]
2026-10-02T02:50:39.2799517Z Get:3 http://azure.archive.ubuntu.com/ubuntu noble/main amd64 fonts-freefont-ttf all 20211204+svn4273-2 [5641 kB]
2026-10-02T02:50:39.3657007Z Get:4 http://azure.archive.ubuntu.com/ubuntu noble/universe amd64 fonts-tlwg-loma-otf all 1:0.7.3-1 [107 kB]
2026-10-02T02:50:39.3933367Z Get:5 http://azure.archive.ubuntu.com/ubuntu noble/universe amd64 fonts-unifont all 1:15.1.01-1build1 [2993 kB]
2026-10-02T02:50:39.4451639Z Get:6 http://azure.archive.ubuntu.com/ubuntu noble/universe amd64 fonts-wqy-zenhei all 0.9.45-8 [7472 kB]
2026-10-02T02:50:39.5427519Z Get:7 http://azure.archive.ubuntu.com/ubuntu noble-updates/main amd64 libgl1-mesa-dri amd64 25.2.8-0ubuntu0.24.04.3 [37.9 kB]
2026-10-02T02:50:39.5745675Z Get:8 http://azure.archive.ubuntu.com/ubuntu noble/main amd64 libwayland-server0 amd64 1.22.0-2.1build1 [33.9 kB]
2026-10-02T02:50:39.6063239Z Get:9 http://azure.archive.ubuntu.com/ubuntu noble-updates/main amd64 libglx-mesa0 amd64 25.2.8-0ubuntu0.24.04.3 [110 kB]
2026-10-02T02:50:39.6382850Z Get:10 http://azure.archive.ubuntu.com/ubuntu noble-updates/main amd64 libgbm1 amd64 25.2.8-0ubuntu0.24.04.3 [34.3 kB]
2026-10-02T02:50:39.6697242Z Get:11 http://azure.archive.ubuntu.com/ubuntu noble-updates/main amd64 mesa-libgallium amd64 25.2.8-0ubuntu0.24.04.3 [10.8 MB]
2026-10-02T02:50:39.8045751Z Get:12 http://azure.archive.ubuntu.com/ubuntu noble/main amd64 xfonts-encodings all 1:1.0.5-0ubuntu2 [578 kB]
2026-10-02T02:50:39.8425773Z Get:13 http://azure.archive.ubuntu.com/ubuntu noble/main amd64 xfonts-utils amd64 1:7.7+6build3 [94.4 kB]
2026-10-02T02:50:39.8747072Z Get:14 http://azure.archive.ubuntu.com/ubuntu noble/universe amd64 xfonts-cyrillic all 1:1.0.5+nmu1 [384 kB]
2026-10-02T02:50:39.9091523Z Get:15 http://azure.archive.ubuntu.com/ubuntu noble/main amd64 xfonts-scalable all 1:1.0.3-1.3 [304 kB]
2026-10-02T02:50:40.1398259Z Fetched 32.1 MB in 1s (42.1 MB/s)
2026-10-02T02:50:40.1773001Z Selecting previously unselected package fonts-ipafont-gothic.
2026-10-02T02:50:40.2314767Z (Reading database ... 
2026-10-02T02:50:40.2315400Z (Reading database ... 5%
2026-10-02T02:50:40.2315814Z (Reading database ... 10%
2026-10-02T02:50:40.2316167Z (Reading database ... 15%
2026-10-02T02:50:40.2316849Z (Reading database ... 20%
2026-10-02T02:50:40.2317218Z (Reading database ... 25%
2026-10-02T02:50:40.2317486Z (Reading database ... 30%
2026-10-02T02:50:40.2317872Z (Reading database ... 35%
2026-10-02T02:50:40.2318151Z (Reading database ... 40%
2026-10-02T02:50:40.2318469Z (Reading database ... 45%
2026-10-02T02:50:40.2318746Z (Reading database ... 50%
2026-10-02T02:50:40.2709533Z (Reading database ... 55%
2026-10-02T02:50:40.8430035Z (Reading database ... 60%
2026-10-02T02:50:41.1475266Z (Reading database ... 65%
2026-10-02T02:50:41.4357680Z (Reading database ... 70%
2026-10-02T02:50:41.7341706Z (Reading database ... 75%
2026-10-02T02:50:42.3685997Z (Reading database ... 80%
2026-10-02T02:50:43.0274215Z (Reading database ... 85%
2026-10-02T02:50:43.7384227Z (Reading database ... 90%
2026-10-02T02:50:44.4860109Z (Reading database ... 95%
2026-10-02T02:50:44.4860615Z (Reading database ... 100%
2026-10-02T02:50:44.4861295Z (Reading database ... 202296 files and directories currently installed.)
2026-10-02T02:50:44.4900073Z Preparing to unpack .../00-fonts-ipafont-gothic_00303-21ubuntu1_all.deb ...
2026-10-02T02:50:44.5067408Z Unpacking fonts-ipafont-gothic (00303-21ubuntu1) ...
2026-10-02T02:50:44.7622621Z Selecting previously unselected package fonts-freefont-ttf.
2026-10-02T02:50:44.7728633Z Preparing to unpack .../01-fonts-freefont-ttf_20211204+svn4273-2_all.deb ...
2026-10-02T02:50:44.7738917Z Unpacking fonts-freefont-ttf (20211204+svn4273-2) ...
2026-10-02T02:50:44.8624941Z Selecting previously unselected package fonts-tlwg-loma-otf.
2026-10-02T02:50:44.8731649Z Preparing to unpack .../02-fonts-tlwg-loma-otf_1%3a0.7.3-1_all.deb ...
2026-10-02T02:50:44.8741101Z Unpacking fonts-tlwg-loma-otf (1:0.7.3-1) ...
2026-10-02T02:50:44.8935661Z Selecting previously unselected package fonts-unifont.
2026-10-02T02:50:44.9041966Z Preparing to unpack .../03-fonts-unifont_1%3a15.1.01-1build1_all.deb ...
2026-10-02T02:50:44.9052444Z Unpacking fonts-unifont (1:15.1.01-1build1) ...
2026-10-02T02:50:45.1045750Z Selecting previously unselected package fonts-wqy-zenhei.
2026-10-02T02:50:45.1152854Z Preparing to unpack .../04-fonts-wqy-zenhei_0.9.45-8_all.deb ...
2026-10-02T02:50:45.1232670Z Unpacking fonts-wqy-zenhei (0.9.45-8) ...
2026-10-02T02:50:45.6372755Z Preparing to unpack .../05-libgl1-mesa-dri_25.2.8-0ubuntu0.24.04.3_amd64.deb ...
2026-10-02T02:50:45.6489243Z Unpacking libgl1-mesa-dri:amd64 (25.2.8-0ubuntu0.24.04.3) over (25.2.8-0ubuntu0.24.04.2) ...
2026-10-02T02:50:45.6952322Z Selecting previously unselected package libwayland-server0:amd64.
2026-10-02T02:50:45.7061755Z Preparing to unpack .../06-libwayland-server0_1.22.0-2.1build1_amd64.deb ...
2026-10-02T02:50:45.7082752Z Unpacking libwayland-server0:amd64 (1.22.0-2.1build1) ...
2026-10-02T02:50:45.7349892Z Preparing to unpack .../07-libglx-mesa0_25.2.8-0ubuntu0.24.04.3_amd64.deb ...
2026-10-02T02:50:45.7377999Z Unpacking libglx-mesa0:amd64 (25.2.8-0ubuntu0.24.04.3) over (25.2.8-0ubuntu0.24.04.2) ...
2026-10-02T02:50:45.7721995Z Preparing to unpack .../08-libgbm1_25.2.8-0ubuntu0.24.04.3_amd64.deb ...
2026-10-02T02:50:45.7797365Z Unpacking libgbm1:amd64 (25.2.8-0ubuntu0.24.04.3) over (25.2.8-0ubuntu0.24.04.2) ...
2026-10-02T02:50:45.8137749Z Preparing to unpack .../09-mesa-libgallium_25.2.8-0ubuntu0.24.04.3_amd64.deb ...
2026-10-02T02:50:45.8164871Z Unpacking mesa-libgallium:amd64 (25.2.8-0ubuntu0.24.04.3) over (25.2.8-0ubuntu0.24.04.2) ...
2026-10-02T02:50:46.1600390Z Selecting previously unselected package xfonts-encodings.
2026-10-02T02:50:46.1707294Z Preparing to unpack .../10-xfonts-encodings_1%3a1.0.5-0ubuntu2_all.deb ...
2026-10-02T02:50:46.1717820Z Unpacking xfonts-encodings (1:1.0.5-0ubuntu2) ...
2026-10-02T02:50:46.1916884Z Selecting previously unselected package xfonts-utils.
2026-10-02T02:50:46.2024137Z Preparing to unpack .../11-xfonts-utils_1%3a7.7+6build3_amd64.deb ...
2026-10-02T02:50:46.2032793Z Unpacking xfonts-utils (1:7.7+6build3) ...
2026-10-02T02:50:46.2644395Z Selecting previously unselected package xfonts-cyrillic.
2026-10-02T02:50:46.2750252Z Preparing to unpack .../12-xfonts-cyrillic_1%3a1.0.5+nmu1_all.deb ...
2026-10-02T02:50:46.2759973Z Unpacking xfonts-cyrillic (1:1.0.5+nmu1) ...
2026-10-02T02:50:46.2968553Z Selecting previously unselected package xfonts-scalable.
2026-10-02T02:50:46.3075660Z Preparing to unpack .../13-xfonts-scalable_1%3a1.0.3-1.3_all.deb ...
2026-10-02T02:50:46.3087018Z Unpacking xfonts-scalable (1:1.0.3-1.3) ...
2026-10-02T02:50:46.3457945Z Setting up libwayland-server0:amd64 (1.22.0-2.1build1) ...
2026-10-02T02:50:46.3484286Z Setting up mesa-libgallium:amd64 (25.2.8-0ubuntu0.24.04.3) ...
2026-10-02T02:50:46.3507771Z Setting up libgbm1:amd64 (25.2.8-0ubuntu0.24.04.3) ...
2026-10-02T02:50:46.3529328Z Setting up libgl1-mesa-dri:amd64 (25.2.8-0ubuntu0.24.04.3) ...
2026-10-02T02:50:46.3591390Z Setting up fonts-wqy-zenhei (0.9.45-8) ...
2026-10-02T02:50:46.3689989Z Setting up fonts-freefont-ttf (20211204+svn4273-2) ...
2026-10-02T02:50:46.3711708Z Setting up fonts-tlwg-loma-otf (1:0.7.3-1) ...
2026-10-02T02:50:46.3733154Z Setting up xfonts-encodings (1:1.0.5-0ubuntu2) ...
2026-10-02T02:50:46.3754875Z Setting up fonts-ipafont-gothic (00303-21ubuntu1) ...
2026-10-02T02:50:46.3808981Z update-alternatives: using /usr/share/fonts/opentype/ipafont-gothic/ipag.ttf to provide /usr/share/fonts/truetype/fonts-japanese-gothic.ttf (fonts-japanese-gothic.ttf) in auto mode
2026-10-02T02:50:46.3822652Z Setting up fonts-unifont (1:15.1.01-1build1) ...
2026-10-02T02:50:46.3844761Z Setting up libglx-mesa0:amd64 (25.2.8-0ubuntu0.24.04.3) ...
2026-10-02T02:50:46.3862015Z Setting up xfonts-utils (1:7.7+6build3) ...
2026-10-02T02:50:46.3896256Z Setting up xfonts-cyrillic (1:1.0.5+nmu1) ...
2026-10-02T02:50:46.4163790Z Setting up xfonts-scalable (1:1.0.3-1.3) ...
2026-10-02T02:50:46.4414312Z Processing triggers for libc-bin (2.39-0ubuntu8.9) ...
2026-10-02T02:50:48.4322027Z Processing triggers for man-db (2.12.0-4build2) ...
2026-10-02T02:50:48.4341177Z Not building database; man-db/auto-update is not 'true'.
2026-10-02T02:50:48.4353831Z Processing triggers for fontconfig (2.15.0-1.1ubuntu2) ...
2026-10-02T02:50:49.6848893Z 
2026-10-02T02:50:49.6849862Z Running kernel seems to be up-to-date.
2026-10-02T02:50:49.6850497Z 
2026-10-02T02:50:49.6851019Z No services need to be restarted.
2026-10-02T02:50:49.6851323Z 
2026-10-02T02:50:49.6851505Z No containers need to be restarted.
2026-10-02T02:50:49.6851841Z 
2026-10-02T02:50:49.6852119Z No user sessions are running outdated binaries.
2026-10-02T02:50:49.6852403Z 
2026-10-02T02:50:49.6852803Z No VM guests are running outdated hypervisor (qemu) binaries on this host.
2026-10-02T02:50:50.4452893Z Downloading Chrome for Testing 153.0.8010.12 (playwright chromium v1243) from https://cdn.playwright.dev/builds/cft/153.0.8010.12/linux64/chrome-linux64.zip
2026-10-02T02:50:50.8628481Z |                                                                                |   0% of 186.8 MiB
2026-10-02T02:50:51.1573618Z |■■■■■■■■                                                                        |  10% of 186.8 MiB
2026-10-02T02:50:51.2256553Z |■■■■■■■■■■■■■■■■                                                                |  20% of 186.8 MiB
2026-10-02T02:50:51.2659165Z |■■■■■■■■■■■■■■■■■■■■■■■■                                                        |  30% of 186.8 MiB
2026-10-02T02:50:51.3069864Z |■■■■■■■■■■■■■■■■■■■■■■■■■■■■■■■■                                                |  40% of 186.8 MiB
2026-10-02T02:50:51.3438992Z |■■■■■■■■■■■■■■■■■■■■■■■■■■■■■■■■■■■■■■■■                                        |  50% of 186.8 MiB
2026-10-02T02:50:51.3810534Z |■■■■■■■■■■■■■■■■■■■■■■■■■■■■■■■■■■■■■■■■■■■■■■■■                                |  60% of 186.8 MiB
2026-10-02T02:50:51.4123575Z |■■■■■■■■■■■■■■■■■■■■■■■■■■■■■■■■■■■■■■■■■■■■■■■■■■■■■■■■                        |  70% of 186.8 MiB
2026-10-02T02:50:51.4448298Z |■■■■■■■■■■■■■■■■■■■■■■■■■■■■■■■■■■■■■■■■■■■■■■■■■■■■■■■■■■■■■■■■                |  80% of 186.8 MiB
2026-10-02T02:50:51.4792422Z |■■■■■■■■■■■■■■■■■■■■■■■■■■■■■■■■■■■■■■■■■■■■■■■■■■■■■■■■■■■■■■■■■■■■■■■■        |  90% of 186.8 MiB
2026-10-02T02:50:51.5161224Z |■■■■■■■■■■■■■■■■■■■■■■■■■■■■■■■■■■■■■■■■■■■■■■■■■■■■■■■■■■■■■■■■■■■■■■■■■■■■■■■■| 100% of 186.8 MiB
2026-10-02T02:50:54.1832271Z Chrome for Testing 153.0.8010.12 (playwright chromium v1243) downloaded to /home/runner/.cache/ms-playwright/chromium-1243
2026-10-02T02:50:54.1833325Z Downloading FFmpeg (playwright ffmpeg v1011) from https://cdn.playwright.dev/dbazure/download/playwright/builds/ffmpeg/1011/ffmpeg-linux.zip
2026-10-02T02:50:54.5675799Z |                                                                                |   0% of 2.3 MiB
2026-10-02T02:50:54.5865246Z |■■■■■■■■                                                                        |  10% of 2.3 MiB
2026-10-02T02:50:54.5975731Z |■■■■■■■■■■■■■■■■                                                                |  20% of 2.3 MiB
2026-10-02T02:50:54.6055077Z |■■■■■■■■■■■■■■■■■■■■■■■■                                                        |  30% of 2.3 MiB
2026-10-02T02:50:54.6127084Z |■■■■■■■■■■■■■■■■■■■■■■■■■■■■■■■■                                                |  40% of 2.3 MiB
2026-10-02T02:50:54.6201400Z |■■■■■■■■■■■■■■■■■■■■■■■■■■■■■■■■■■■■■■■■                                        |  50% of 2.3 MiB
2026-10-02T02:50:54.6222774Z |■■■■■■■■■■■■■■■■■■■■■■■■■■■■■■■■■■■■■■■■■■■■■■■■                                |  60% of 2.3 MiB
2026-10-02T02:50:54.6245122Z |■■■■■■■■■■■■■■■■■■■■■■■■■■■■■■■■■■■■■■■■■■■■■■■■■■■■■■■■                        |  70% of 2.3 MiB
2026-10-02T02:50:54.6301947Z |■■■■■■■■■■■■■■■■■■■■■■■■■■■■■■■■■■■■■■■■■■■■■■■■■■■■■■■■■■■■■■■■                |  80% of 2.3 MiB
2026-10-02T02:50:54.6320712Z |■■■■■■■■■■■■■■■■■■■■■■■■■■■■■■■■■■■■■■■■■■■■■■■■■■■■■■■■■■■■■■■■■■■■■■■■        |  90% of 2.3 MiB
2026-10-02T02:50:54.6335908Z |■■■■■■■■■■■■■■■■■■■■■■■■■■■■■■■■■■■■■■■■■■■■■■■■■■■■■■■■■■■■■■■■■■■■■■■■■■■■■■■■| 100% of 2.3 MiB
2026-10-02T02:50:54.6815112Z FFmpeg (playwright ffmpeg v1011) downloaded to /home/runner/.cache/ms-playwright/ffmpeg-1011
2026-10-02T02:50:54.6922486Z ##[group]Run node -e 'const { chromium } = require("playwright-core"); const fs = require("node:fs"); const executable = chromium.executablePath(); fs.accessSync(executable, fs.constants.X_OK); fs.appendFileSync(process.env.GITHUB_ENV, `CHROMIUM_PATH=${executable}\n`);'
2026-10-02T02:50:54.6923914Z [36;1mnode -e 'const { chromium } = require("playwright-core"); const fs = require("node:fs"); const executable = chromium.executablePath(); fs.accessSync(executable, fs.constants.X_OK); fs.appendFileSync(process.env.GITHUB_ENV, `CHROMIUM_PATH=${executable}\n`);'[0m
2026-10-02T02:50:54.6960772Z shell: /usr/bin/bash -e {0}
2026-10-02T02:50:54.6961085Z ##[endgroup]
2026-10-02T02:50:54.9791054Z ##[group]Run npm run test:regressions
2026-10-02T02:50:54.9791551Z [36;1mnpm run test:regressions[0m
2026-10-02T02:50:54.9839269Z shell: /usr/bin/bash -e {0}
2026-10-02T02:50:54.9840399Z env:
2026-10-02T02:50:54.9841325Z   CHROMIUM_PATH: /home/runner/.cache/ms-playwright/chromium-1243/chrome-linux64/chrome
2026-10-02T02:50:54.9842008Z ##[endgroup]
2026-10-02T02:50:55.0699055Z 
2026-10-02T02:50:55.0700150Z > kid-games-playtests@1.0.0 test:regressions
2026-10-02T02:50:55.0701081Z > node regressions.cjs
2026-10-02T02:50:55.0701492Z 
2026-10-02T02:50:55.3199828Z Running 16 focused regression suites with /home/runner/.cache/ms-playwright/chromium-1243/chrome-linux64/chrome
2026-10-02T02:50:55.3200616Z 
2026-10-02T02:50:55.3201030Z --- craepets-auto-seeding.cjs ---
2026-10-02T02:50:55.3788670Z PASS jeannie does not seed stats string
2026-10-02T02:50:55.3869743Z PASS jeannie does not seed fractional legacy house
2026-10-02T02:50:55.3945218Z PASS jeannie does not seed review null
2026-10-02T02:50:55.4024587Z PASS jeannie does not seed bag string count
2026-10-02T02:50:55.4104565Z PASS jeannie does not seed subject stats
2026-10-02T02:50:55.4179568Z PASS jeannie does not seed room array
2026-10-02T02:50:55.4262353Z PASS jeannie does not seed species
2026-10-02T02:50:55.4325039Z PASS jeannie does not seed colour
2026-10-02T02:50:55.4398325Z PASS jeannie does not seed blank pet name
2026-10-02T02:50:55.4465755Z PASS jeannie does not seed null needs
2026-10-02T02:50:55.4541595Z PASS jeannie does not seed diary record
2026-10-02T02:50:55.4609754Z PASS jeannie does not seed mail record
2026-10-02T02:50:55.4684304Z PASS jeannie does not seed quest record
2026-10-02T02:50:55.4754672Z PASS jeannie does not seed negative coins
2026-10-02T02:50:55.4829375Z PASS jeannie does not seed bank array
2026-10-02T02:50:55.4899095Z PASS jeannie does not seed seen row
2026-10-02T02:50:55.4969371Z PASS jeannie does not seed pet array
2026-10-02T02:50:55.5052056Z PASS jeannie does not seed version
2026-10-02T02:50:55.5118328Z PASS jeannie does not seed answer index
2026-10-02T02:50:55.5181885Z PASS cory does not seed stats string
2026-10-02T02:50:55.5272907Z PASS cory does not seed fractional legacy house
2026-10-02T02:50:55.5338781Z PASS cory does not seed review null
2026-10-02T02:50:55.5401795Z PASS cory does not seed bag string count
2026-10-02T02:50:55.5464439Z PASS cory does not seed subject stats
2026-10-02T02:50:55.5537543Z PASS cory does not seed room array
2026-10-02T02:50:55.5607094Z PASS cory does not seed species
2026-10-02T02:50:55.5669089Z PASS cory does not seed colour
2026-10-02T02:50:55.5731620Z PASS cory does not seed blank pet name
2026-10-02T02:50:55.5806553Z PASS cory does not seed null needs
2026-10-02T02:50:55.5868581Z PASS cory does not seed diary record
2026-10-02T02:50:55.5930483Z PASS cory does not seed mail record
2026-10-02T02:50:55.5992404Z PASS cory does not seed quest record
2026-10-02T02:50:55.6070320Z PASS cory does not seed negative coins
2026-10-02T02:50:55.6132400Z PASS cory does not seed bank array
2026-10-02T02:50:55.6193662Z PASS cory does not seed seen row
2026-10-02T02:50:55.6256759Z PASS cory does not seed pet array
2026-10-02T02:50:55.6325219Z PASS cory does not seed version
2026-10-02T02:50:55.6395181Z PASS cory does not seed answer index
2026-10-02T02:50:55.6464978Z PASS ellie does not seed stats string
2026-10-02T02:50:55.6535787Z PASS ellie does not seed fractional legacy house
2026-10-02T02:50:55.6616770Z PASS ellie does not seed review null
2026-10-02T02:50:55.6681533Z PASS ellie does not seed bag string count
2026-10-02T02:50:55.6747283Z PASS ellie does not seed subject stats
2026-10-02T02:50:55.6813413Z PASS ellie does not seed room array
2026-10-02T02:50:55.6883751Z PASS ellie does not seed species
2026-10-02T02:50:55.6953982Z PASS ellie does not seed colour
2026-10-02T02:50:55.7023635Z PASS ellie does not seed blank pet name
2026-10-02T02:50:55.7134825Z PASS ellie does not seed null needs
2026-10-02T02:50:55.7200129Z PASS ellie does not seed diary record
2026-10-02T02:50:55.7265552Z PASS ellie does not seed mail record
2026-10-02T02:50:55.7330325Z PASS ellie does not seed quest record
2026-10-02T02:50:55.7393884Z PASS ellie does not seed negative coins
2026-10-02T02:50:55.7457638Z PASS ellie does not seed bank array
2026-10-02T02:50:55.7522215Z PASS ellie does not seed seen row
2026-10-02T02:50:55.7605396Z PASS ellie does not seed pet array
2026-10-02T02:50:55.7670935Z PASS ellie does not seed version
2026-10-02T02:50:55.7736429Z PASS ellie does not seed answer index
2026-10-02T02:50:55.7801963Z PASS kieran does not seed stats string
2026-10-02T02:50:55.7867549Z PASS kieran does not seed fractional legacy house
2026-10-02T02:50:55.7933054Z PASS kieran does not seed review null
2026-10-02T02:50:55.7998923Z PASS kieran does not seed bag string count
2026-10-02T02:50:55.8082064Z PASS kieran does not seed subject stats
2026-10-02T02:50:55.8147240Z PASS kieran does not seed room array
2026-10-02T02:50:55.8211999Z PASS kieran does not seed species
2026-10-02T02:50:55.8276722Z PASS kieran does not seed colour
2026-10-02T02:50:55.8344407Z PASS kieran does not seed blank pet name
2026-10-02T02:50:55.8411407Z PASS kieran does not seed null needs
2026-10-02T02:50:55.8476406Z PASS kieran does not seed diary record
2026-10-02T02:50:55.8562927Z PASS kieran does not seed mail record
2026-10-02T02:50:55.8628684Z PASS kieran does not seed quest record
2026-10-02T02:50:55.8692589Z PASS kieran does not seed negative coins
2026-10-02T02:50:55.8756937Z PASS kieran does not seed bank array
2026-10-02T02:50:55.8822091Z PASS kieran does not seed seen row
2026-10-02T02:50:55.8885200Z PASS kieran does not seed pet array
2026-10-02T02:50:55.8949323Z PASS kieran does not seed version
2026-10-02T02:50:55.9058057Z PASS kieran does not seed answer index
2026-10-02T02:50:55.9120874Z PASS shannon does not seed stats string
2026-10-02T02:50:55.9185201Z PASS shannon does not seed fractional legacy house
2026-10-02T02:50:55.9250437Z PASS shannon does not seed review null
2026-10-02T02:50:55.9314075Z PASS shannon does not seed bag string count
2026-10-02T02:50:55.9377901Z PASS shannon does not seed subject stats
2026-10-02T02:50:55.9445649Z PASS shannon does not seed room array
2026-10-02T02:50:55.9512965Z PASS shannon does not seed species
2026-10-02T02:50:55.9591160Z PASS shannon does not seed colour
2026-10-02T02:50:55.9655662Z PASS shannon does not seed blank pet name
2026-10-02T02:50:55.9720798Z PASS shannon does not seed null needs
2026-10-02T02:50:55.9784874Z PASS shannon does not seed diary record
2026-10-02T02:50:55.9851056Z PASS shannon does not seed mail record
2026-10-02T02:50:55.9915942Z PASS shannon does not seed quest record
2026-10-02T02:50:55.9980233Z PASS shannon does not seed negative coins
2026-10-02T02:50:56.0063111Z PASS shannon does not seed bank array
2026-10-02T02:50:56.0128508Z PASS shannon does not seed seen row
2026-10-02T02:50:56.0194549Z PASS shannon does not seed pet array
2026-10-02T02:50:56.0258463Z PASS shannon does not seed version
2026-10-02T02:50:56.0322802Z PASS shannon does not seed answer index
2026-10-02T02:50:56.0387885Z PASS tristan does not seed stats string
2026-10-02T02:50:56.0452823Z PASS tristan does not seed fractional legacy house
2026-10-02T02:50:56.0534889Z PASS tristan does not seed review null
2026-10-02T02:50:56.0600136Z PASS tristan does not seed bag string count
2026-10-02T02:50:56.0664360Z PASS tristan does not seed subject stats
2026-10-02T02:50:56.0728649Z PASS tristan does not seed room array
2026-10-02T02:50:56.0795707Z PASS tristan does not seed species
2026-10-02T02:50:56.0859561Z PASS tristan does not seed colour
2026-10-02T02:50:56.0924270Z PASS tristan does not seed blank pet name
2026-10-02T02:50:56.0989425Z PASS tristan does not seed null needs
2026-10-02T02:50:56.1069843Z PASS tristan does not seed diary record
2026-10-02T02:50:56.1135565Z PASS tristan does not seed mail record
2026-10-02T02:50:56.1203700Z PASS tristan does not seed quest record
2026-10-02T02:50:56.1267742Z PASS tristan does not seed negative coins
2026-10-02T02:50:56.1331087Z PASS tristan does not seed bank array
2026-10-02T02:50:56.1395159Z PASS tristan does not seed seen row
2026-10-02T02:50:56.1459994Z PASS tristan does not seed pet array
2026-10-02T02:50:56.1541160Z PASS tristan does not seed version
2026-10-02T02:50:56.1603994Z PASS tristan does not seed answer index
2026-10-02T02:50:56.1667918Z PASS guest does not seed stats string
2026-10-02T02:50:56.1736407Z PASS guest does not seed fractional legacy house
2026-10-02T02:50:56.1801434Z PASS guest does not seed review null
2026-10-02T02:50:56.1864632Z PASS guest does not seed bag string count
2026-10-02T02:50:56.1928547Z PASS guest does not seed subject stats
2026-10-02T02:50:56.2008250Z PASS guest does not seed room array
2026-10-02T02:50:56.2077426Z PASS guest does not seed species
2026-10-02T02:50:56.2139992Z PASS guest does not seed colour
2026-10-02T02:50:56.2203202Z PASS guest does not seed blank pet name
2026-10-02T02:50:56.2267204Z PASS guest does not seed null needs
2026-10-02T02:50:56.2331735Z PASS guest does not seed diary record
2026-10-02T02:50:56.2395237Z PASS guest does not seed mail record
2026-10-02T02:50:56.2476125Z PASS guest does not seed quest record
2026-10-02T02:50:56.2539356Z PASS guest does not seed negative coins
2026-10-02T02:50:56.2602474Z PASS guest does not seed bank array
2026-10-02T02:50:56.2666748Z PASS guest does not seed seen row
2026-10-02T02:50:56.2730517Z PASS guest does not seed pet array
2026-10-02T02:50:56.2793420Z PASS guest does not seed version
2026-10-02T02:50:56.2857287Z PASS guest does not seed answer index
2026-10-02T02:50:56.2940310Z PASS jeannie preserves present raw ""
2026-10-02T02:50:56.3002180Z PASS jeannie preserves present raw "null"
2026-10-02T02:50:56.3065775Z PASS jeannie preserves present raw "[]"
2026-10-02T02:50:56.3129706Z PASS jeannie preserves present raw "0"
2026-10-02T02:50:56.3193542Z PASS jeannie preserves present raw "  "
2026-10-02T02:50:56.3258241Z PASS jeannie preserves present raw "{ valuable partial bytes"
2026-10-02T02:50:56.3321376Z PASS jeannie preserves present raw "{\"v\":2,\"pet\":{\"name\":\"Future\",\"species\":\"blorb\",\"colour\":\"meadow\"}}"
2026-10-02T02:50:56.3403991Z PASS jeannie preserves present raw "{\"v\":1,\"pet\":{\"name\":\"Damaged\",\"species\":\"blorb\",\"colour\":\"meadow\"},\"stats\":\"broken\"}"
2026-10-02T02:50:56.3465496Z PASS cory preserves present raw ""
2026-10-02T02:50:56.3527702Z PASS cory preserves present raw "null"
2026-10-02T02:50:56.3593817Z PASS cory preserves present raw "[]"
2026-10-02T02:50:56.3656323Z PASS cory preserves present raw "0"
2026-10-02T02:50:56.3718101Z PASS cory preserves present raw "  "
2026-10-02T02:50:56.3781894Z PASS cory preserves present raw "{ valuable partial bytes"
2026-10-02T02:50:56.3892346Z PASS cory preserves present raw "{\"v\":2,\"pet\":{\"name\":\"Future\",\"species\":\"blorb\",\"colour\":\"meadow\"}}"
2026-10-02T02:50:56.3954545Z PASS cory preserves present raw "{\"v\":1,\"pet\":{\"name\":\"Damaged\",\"species\":\"blorb\",\"colour\":\"meadow\"},\"stats\":\"broken\"}"
2026-10-02T02:50:56.4016655Z PASS ellie preserves present raw ""
2026-10-02T02:50:56.4078954Z PASS ellie preserves present raw "null"
2026-10-02T02:50:56.4143096Z PASS ellie preserves present raw "[]"
2026-10-02T02:50:56.4205391Z PASS ellie preserves present raw "0"
2026-10-02T02:50:56.4269193Z PASS ellie preserves present raw "  "
2026-10-02T02:50:56.4333141Z PASS ellie preserves present raw "{ valuable partial bytes"
2026-10-02T02:50:56.4396122Z PASS ellie preserves present raw "{\"v\":2,\"pet\":{\"name\":\"Future\",\"species\":\"blorb\",\"colour\":\"meadow\"}}"
2026-10-02T02:50:56.4472073Z PASS ellie preserves present raw "{\"v\":1,\"pet\":{\"name\":\"Damaged\",\"species\":\"blorb\",\"colour\":\"meadow\"},\"stats\":\"broken\"}"
2026-10-02T02:50:56.4534799Z PASS kieran preserves present raw ""
2026-10-02T02:50:56.4599829Z PASS kieran preserves present raw "null"
2026-10-02T02:50:56.4663169Z PASS kieran preserves present raw "[]"
2026-10-02T02:50:56.4727418Z PASS kieran preserves present raw "0"
2026-10-02T02:50:56.4790247Z PASS kieran preserves present raw "  "
2026-10-02T02:50:56.4870831Z PASS kieran preserves present raw "{ valuable partial bytes"
2026-10-02T02:50:56.4934036Z PASS kieran preserves present raw "{\"v\":2,\"pet\":{\"name\":\"Future\",\"species\":\"blorb\",\"colour\":\"meadow\"}}"
2026-10-02T02:50:56.5005169Z PASS kieran preserves present raw "{\"v\":1,\"pet\":{\"name\":\"Damaged\",\"species\":\"blorb\",\"colour\":\"meadow\"},\"stats\":\"broken\"}"
2026-10-02T02:50:56.5080015Z PASS shannon preserves present raw ""
2026-10-02T02:50:56.5145407Z PASS shannon preserves present raw "null"
2026-10-02T02:50:56.5207948Z PASS shannon preserves present raw "[]"
2026-10-02T02:50:56.5269897Z PASS shannon preserves present raw "0"
2026-10-02T02:50:56.5331614Z PASS shannon preserves present raw "  "
2026-10-02T02:50:56.5410242Z PASS shannon preserves present raw "{ valuable partial bytes"
2026-10-02T02:50:56.5485062Z PASS shannon preserves present raw "{\"v\":2,\"pet\":{\"name\":\"Future\",\"species\":\"blorb\",\"colour\":\"meadow\"}}"
2026-10-02T02:50:56.5560654Z PASS shannon preserves present raw "{\"v\":1,\"pet\":{\"name\":\"Damaged\",\"species\":\"blorb\",\"colour\":\"meadow\"},\"stats\":\"broken\"}"
2026-10-02T02:50:56.5644817Z PASS tristan preserves present raw ""
2026-10-02T02:50:56.5721733Z PASS tristan preserves present raw "null"
2026-10-02T02:50:56.5796873Z PASS tristan preserves present raw "[]"
2026-10-02T02:50:56.5861698Z PASS tristan preserves present raw "0"
2026-10-02T02:50:56.5941600Z PASS tristan preserves present raw "  "
2026-10-02T02:50:56.6002557Z PASS tristan preserves present raw "{ valuable partial bytes"
2026-10-02T02:50:56.6065629Z PASS tristan preserves present raw "{\"v\":2,\"pet\":{\"name\":\"Future\",\"species\":\"blorb\",\"colour\":\"meadow\"}}"
2026-10-02T02:50:56.6128897Z PASS tristan preserves present raw "{\"v\":1,\"pet\":{\"name\":\"Damaged\",\"species\":\"blorb\",\"colour\":\"meadow\"},\"stats\":\"broken\"}"
2026-10-02T02:50:56.6211763Z PASS guest preserves present raw ""
2026-10-02T02:50:56.6294376Z PASS guest preserves present raw "null"
2026-10-02T02:50:56.6368813Z PASS guest preserves present raw "[]"
2026-10-02T02:50:56.6501886Z PASS guest preserves present raw "0"
2026-10-02T02:50:56.6599597Z PASS guest preserves present raw "  "
2026-10-02T02:50:56.6690388Z PASS guest preserves present raw "{ valuable partial bytes"
2026-10-02T02:50:56.6766132Z PASS guest preserves present raw "{\"v\":2,\"pet\":{\"name\":\"Future\",\"species\":\"blorb\",\"colour\":\"meadow\"}}"
2026-10-02T02:50:56.6831133Z PASS guest preserves present raw "{\"v\":1,\"pet\":{\"name\":\"Damaged\",\"species\":\"blorb\",\"colour\":\"meadow\"},\"stats\":\"broken\"}"
2026-10-02T02:50:56.6893557Z PASS jeannie respects reset marker "1"
2026-10-02T02:50:56.6957517Z PASS jeannie respects reset marker ""
2026-10-02T02:50:56.7041471Z PASS jeannie respects reset marker "0"
2026-10-02T02:50:56.7106261Z PASS cory respects reset marker "1"
2026-10-02T02:50:56.7166623Z PASS cory respects reset marker ""
2026-10-02T02:50:56.7228877Z PASS cory respects reset marker "0"
2026-10-02T02:50:56.7291084Z PASS ellie respects reset marker "1"
2026-10-02T02:50:56.7354593Z PASS ellie respects reset marker ""
2026-10-02T02:50:56.7418818Z PASS ellie respects reset marker "0"
2026-10-02T02:50:56.7500002Z PASS kieran respects reset marker "1"
2026-10-02T02:50:56.7562912Z PASS kieran respects reset marker ""
2026-10-02T02:50:56.7629307Z PASS kieran respects reset marker "0"
2026-10-02T02:50:56.7691946Z PASS shannon respects reset marker "1"
2026-10-02T02:50:56.7754637Z PASS shannon respects reset marker ""
2026-10-02T02:50:56.7817619Z PASS shannon respects reset marker "0"
2026-10-02T02:50:56.7880688Z PASS tristan respects reset marker "1"
2026-10-02T02:50:56.7943673Z PASS tristan respects reset marker ""
2026-10-02T02:50:56.8022201Z PASS tristan respects reset marker "0"
2026-10-02T02:50:56.8082709Z PASS guest respects reset marker "1"
2026-10-02T02:50:56.8144993Z PASS guest respects reset marker ""
2026-10-02T02:50:56.8207487Z PASS guest respects reset marker "0"
2026-10-02T02:50:56.8276418Z PASS jeannie isolates set failure at craepets.house.v1.jeannie
2026-10-02T02:50:56.8338196Z PASS jeannie isolates get failure at craepets.house.v1.jeannie
2026-10-02T02:50:56.8400560Z PASS jeannie isolates get failure at craepets.v1.jeannie
2026-10-02T02:50:56.8478608Z PASS jeannie isolates get failure at craepets.house.reset.jeannie
2026-10-02T02:50:56.8540442Z PASS cory isolates set failure at craepets.house.v1.cory
2026-10-02T02:50:56.8604658Z PASS cory isolates get failure at craepets.house.v1.cory
2026-10-02T02:50:56.8665488Z PASS cory isolates get failure at craepets.v1.cory
2026-10-02T02:50:56.8726656Z PASS cory isolates get failure at craepets.house.reset.cory
2026-10-02T02:50:56.8790478Z PASS ellie isolates set failure at craepets.house.v1.ellie
2026-10-02T02:50:56.8853531Z PASS ellie isolates get failure at craepets.house.v1.ellie
2026-10-02T02:50:56.8964063Z PASS ellie isolates get failure at craepets.v1.ellie
2026-10-02T02:50:56.9025913Z PASS ellie isolates get failure at craepets.house.reset.ellie
2026-10-02T02:50:56.9089816Z PASS kieran isolates set failure at craepets.house.v1.kieran
2026-10-02T02:50:56.9153002Z PASS kieran isolates get failure at craepets.house.v1.kieran
2026-10-02T02:50:56.9215683Z PASS kieran isolates get failure at craepets.v1.kieran
2026-10-02T02:50:56.9278684Z PASS kieran isolates get failure at craepets.house.reset.kieran
2026-10-02T02:50:56.9342964Z PASS shannon isolates set failure at craepets.house.v1.shannon
2026-10-02T02:50:56.9406184Z PASS shannon isolates get failure at craepets.house.v1.shannon
2026-10-02T02:50:56.9482970Z PASS shannon isolates get failure at craepets.v1.shannon
2026-10-02T02:50:56.9543264Z PASS shannon isolates get failure at craepets.house.reset.shannon
2026-10-02T02:50:56.9606702Z PASS tristan isolates set failure at craepets.house.v1.tristan
2026-10-02T02:50:56.9669522Z PASS tristan isolates get failure at craepets.house.v1.tristan
2026-10-02T02:50:56.9732337Z PASS tristan isolates get failure at craepets.v1.tristan
2026-10-02T02:50:56.9795705Z PASS tristan isolates get failure at craepets.house.reset.tristan
2026-10-02T02:50:56.9859096Z PASS guest isolates set failure at craepets.house.v1.guest
2026-10-02T02:50:56.9937444Z PASS guest isolates get failure at craepets.house.v1.guest
2026-10-02T02:50:56.9998193Z PASS guest isolates get failure at craepets.v1.guest
2026-10-02T02:50:57.0061325Z PASS guest isolates get failure at craepets.house.reset.guest
2026-10-02T02:50:57.0133445Z PASS waits for preparation; then seeds all seven without losing earned progress
2026-10-02T02:50:57.0198583Z PASS jeannie normalizes legacy original only in new house slot
2026-10-02T02:50:57.0259917Z PASS cory normalizes legacy original only in new house slot
2026-10-02T02:50:57.0322251Z PASS ellie normalizes legacy original only in new house slot
2026-10-02T02:50:57.0401572Z PASS kieran normalizes legacy original only in new house slot
2026-10-02T02:50:57.0464131Z PASS shannon normalizes legacy original only in new house slot
2026-10-02T02:50:57.0528367Z PASS tristan normalizes legacy original only in new house slot
2026-10-02T02:50:57.0591600Z PASS guest normalizes legacy original only in new house slot
2026-10-02T02:50:57.0656203Z PASS jeannie rechecks newer slot after preparation
2026-10-02T02:50:57.0723464Z PASS jeannie rechecks newer reset after preparation
2026-10-02T02:50:57.0785764Z PASS cory rechecks newer slot after preparation
2026-10-02T02:50:57.0864281Z PASS cory rechecks newer reset after preparation
2026-10-02T02:50:57.0926380Z PASS ellie rechecks newer slot after preparation
2026-10-02T02:50:57.0989386Z PASS ellie rechecks newer reset after preparation
2026-10-02T02:50:57.1052497Z PASS kieran rechecks newer slot after preparation
2026-10-02T02:50:57.1115469Z PASS kieran rechecks newer reset after preparation
2026-10-02T02:50:57.1177686Z PASS shannon rechecks newer slot after preparation
2026-10-02T02:50:57.1241375Z PASS shannon rechecks newer reset after preparation
2026-10-02T02:50:57.1321682Z PASS tristan rechecks newer slot after preparation
2026-10-02T02:50:57.1387772Z PASS tristan rechecks newer reset after preparation
2026-10-02T02:50:57.1449382Z PASS guest rechecks newer slot after preparation
2026-10-02T02:50:57.1512775Z PASS guest rechecks newer reset after preparation
2026-10-02T02:50:57.1560661Z PASS shared game mode never seeds even on explicit request
2026-10-02T02:50:57.1611753Z PASS export-only page does not seed or change selection/preferences
2026-10-02T02:50:57.1672582Z PASS existing selection and voice are preserved
2026-10-02T02:50:57.1751769Z PASS unknown original selection cannot redirect outside real profiles
2026-10-02T02:50:57.1816654Z PASS metadata write failure preserves valid new copies: craepets.house.who
2026-10-02T02:50:57.1880465Z PASS metadata write failure preserves valid new copies: craepets.house.voice
2026-10-02T02:50:57.1953817Z PASS unacknowledged copy is not reported successful
2026-10-02T02:50:57.2000500Z PASS completed pending recovery suppresses automatic recopy
2026-10-02T02:50:57.2001642Z PASS house auto-seeding: 268 production checks across seven profiles; deep source admission, every present raw target, reset/game/recovery controls, delayed registration and storage failures.
2026-10-02T02:50:57.2119894Z PASS: craepets-auto-seeding.cjs (1.9s)
2026-10-02T02:50:57.2120366Z 
2026-10-02T02:50:57.2120612Z --- craepets-auto-seeding-browser.cjs ---
2026-10-02T02:51:01.3590188Z PASS auto-seeding Chromium Desktop: actual startup, damaged sibling/malformed source/reset/quota isolation, all seven original profiles, legacy defaults, real learning/reload, shared mode and downloaded export.
2026-10-02T02:51:03.6212135Z PASS auto-seeding Chromium iPad: actual startup, damaged sibling/malformed source/reset/quota isolation, all seven original profiles, legacy defaults, real learning/reload, shared mode and downloaded export.
2026-10-02T02:51:05.7713059Z PASS auto-seeding Chromium iPhone: actual startup, damaged sibling/malformed source/reset/quota isolation, all seven original profiles, legacy defaults, real learning/reload, shared mode and downloaded export.
2026-10-02T02:51:05.8459723Z PASS: craepets-auto-seeding-browser.cjs (8.6s)
2026-10-02T02:51:05.8460249Z 
2026-10-02T02:51:05.8460643Z --- craepets-family-restore.cjs ---
2026-10-02T02:51:05.8832841Z PASS jeannie rejects stats string
2026-10-02T02:51:05.8898707Z PASS jeannie rejects fractional house
2026-10-02T02:51:05.8961390Z PASS jeannie rejects review null
2026-10-02T02:51:05.9021532Z PASS jeannie rejects bag count string
2026-10-02T02:51:05.9074669Z PASS jeannie rejects subject stats string
2026-10-02T02:51:05.9134503Z PASS jeannie rejects room array
2026-10-02T02:51:05.9193550Z PASS jeannie rejects pet unknown species
2026-10-02T02:51:05.9253691Z PASS jeannie rejects pet unknown colour
2026-10-02T02:51:05.9328647Z PASS jeannie rejects blank name
2026-10-02T02:51:05.9387979Z PASS jeannie rejects invalid needs
2026-10-02T02:51:05.9451393Z PASS jeannie rejects bad diary
2026-10-02T02:51:05.9506249Z PASS jeannie rejects mail markup shape
2026-10-02T02:51:05.9574871Z PASS jeannie rejects invalid quest
2026-10-02T02:51:05.9627173Z PASS jeannie rejects bad coins
2026-10-02T02:51:05.9679348Z PASS jeannie rejects bad bank
2026-10-02T02:51:05.9738068Z PASS jeannie rejects seen string
2026-10-02T02:51:05.9796071Z PASS jeannie rejects pet array
2026-10-02T02:51:05.9858732Z PASS jeannie rejects bad version
2026-10-02T02:51:05.9935656Z PASS jeannie rejects review answer
2026-10-02T02:51:06.0030335Z PASS cory rejects stats string
2026-10-02T02:51:06.0098014Z PASS cory rejects fractional house
2026-10-02T02:51:06.0169707Z PASS cory rejects review null
2026-10-02T02:51:06.0222581Z PASS cory rejects bag count string
2026-10-02T02:51:06.0301609Z PASS cory rejects subject stats string
2026-10-02T02:51:06.0355372Z PASS cory rejects room array
2026-10-02T02:51:06.0406790Z PASS cory rejects pet unknown species
2026-10-02T02:51:06.0459142Z PASS cory rejects pet unknown colour
2026-10-02T02:51:06.0510620Z PASS cory rejects blank name
2026-10-02T02:51:06.0573356Z PASS cory rejects invalid needs
2026-10-02T02:51:06.0626871Z PASS cory rejects bad diary
2026-10-02T02:51:06.0680271Z PASS cory rejects mail markup shape
2026-10-02T02:51:06.0734840Z PASS cory rejects invalid quest
2026-10-02T02:51:06.0805427Z PASS cory rejects bad coins
2026-10-02T02:51:06.0859014Z PASS cory rejects bad bank
2026-10-02T02:51:06.0913808Z PASS cory rejects seen string
2026-10-02T02:51:06.0963781Z PASS cory rejects pet array
2026-10-02T02:51:06.1014844Z PASS cory rejects bad version
2026-10-02T02:51:06.1072595Z PASS cory rejects review answer
2026-10-02T02:51:06.1131391Z PASS ellie rejects stats string
2026-10-02T02:51:06.1193566Z PASS ellie rejects fractional house
2026-10-02T02:51:06.1257331Z PASS ellie rejects review null
2026-10-02T02:51:06.1317843Z PASS ellie rejects bag count string
2026-10-02T02:51:06.1389386Z PASS ellie rejects subject stats string
2026-10-02T02:51:06.1443539Z PASS ellie rejects room array
2026-10-02T02:51:06.1498964Z PASS ellie rejects pet unknown species
2026-10-02T02:51:06.1552539Z PASS ellie rejects pet unknown colour
2026-10-02T02:51:06.1610942Z PASS ellie rejects blank name
2026-10-02T02:51:06.1670743Z PASS ellie rejects invalid needs
2026-10-02T02:51:06.1730738Z PASS ellie rejects bad diary
2026-10-02T02:51:06.1792822Z PASS ellie rejects mail markup shape
2026-10-02T02:51:06.1875896Z PASS ellie rejects invalid quest
2026-10-02T02:51:06.1930866Z PASS ellie rejects bad coins
2026-10-02T02:51:06.1986929Z PASS ellie rejects bad bank
2026-10-02T02:51:06.2043313Z PASS ellie rejects seen string
2026-10-02T02:51:06.2093201Z PASS ellie rejects pet array
2026-10-02T02:51:06.2144740Z PASS ellie rejects bad version
2026-10-02T02:51:06.2200867Z PASS ellie rejects review answer
2026-10-02T02:51:06.2266256Z PASS kieran rejects stats string
2026-10-02T02:51:06.2324262Z PASS kieran rejects fractional house
2026-10-02T02:51:06.2402722Z PASS kieran rejects review null
2026-10-02T02:51:06.2457800Z PASS kieran rejects bag count string
2026-10-02T02:51:06.2514245Z PASS kieran rejects subject stats string
2026-10-02T02:51:06.2571155Z PASS kieran rejects room array
2026-10-02T02:51:06.2627152Z PASS kieran rejects pet unknown species
2026-10-02T02:51:06.2683810Z PASS kieran rejects pet unknown colour
2026-10-02T02:51:06.2739773Z PASS kieran rejects blank name
2026-10-02T02:51:06.2797119Z PASS kieran rejects invalid needs
2026-10-02T02:51:06.2877625Z PASS kieran rejects bad diary
2026-10-02T02:51:06.2934545Z PASS kieran rejects mail markup shape
2026-10-02T02:51:06.2989706Z PASS kieran rejects invalid quest
2026-10-02T02:51:06.3045801Z PASS kieran rejects bad coins
2026-10-02T02:51:06.3103721Z PASS kieran rejects bad bank
2026-10-02T02:51:06.3161300Z PASS kieran rejects seen string
2026-10-02T02:51:06.3212731Z PASS kieran rejects pet array
2026-10-02T02:51:06.3263646Z PASS kieran rejects bad version
2026-10-02T02:51:06.3320949Z PASS kieran rejects review answer
2026-10-02T02:51:06.3399864Z PASS shannon rejects stats string
2026-10-02T02:51:06.3456003Z PASS shannon rejects fractional house
2026-10-02T02:51:06.3513826Z PASS shannon rejects review null
2026-10-02T02:51:06.3572164Z PASS shannon rejects bag count string
2026-10-02T02:51:06.3630129Z PASS shannon rejects subject stats string
2026-10-02T02:51:06.3688221Z PASS shannon rejects room array
2026-10-02T02:51:06.3745690Z PASS shannon rejects pet unknown species
2026-10-02T02:51:06.3802799Z PASS shannon rejects pet unknown colour
2026-10-02T02:51:06.3907468Z PASS shannon rejects blank name
2026-10-02T02:51:06.3964438Z PASS shannon rejects invalid needs
2026-10-02T02:51:06.4021392Z PASS shannon rejects bad diary
2026-10-02T02:51:06.4078928Z PASS shannon rejects mail markup shape
2026-10-02T02:51:06.4136260Z PASS shannon rejects invalid quest
2026-10-02T02:51:06.4193798Z PASS shannon rejects bad coins
2026-10-02T02:51:06.4249711Z PASS shannon rejects bad bank
2026-10-02T02:51:06.4305919Z PASS shannon rejects seen string
2026-10-02T02:51:06.4357881Z PASS shannon rejects pet array
2026-10-02T02:51:06.4408243Z PASS shannon rejects bad version
2026-10-02T02:51:06.4466192Z PASS shannon rejects review answer
2026-10-02T02:51:06.4538290Z PASS tristan rejects stats string
2026-10-02T02:51:06.4596614Z PASS tristan rejects fractional house
2026-10-02T02:51:06.4655559Z PASS tristan rejects review null
2026-10-02T02:51:06.4715091Z PASS tristan rejects bag count string
2026-10-02T02:51:06.4775424Z PASS tristan rejects subject stats string
2026-10-02T02:51:06.4833893Z PASS tristan rejects room array
2026-10-02T02:51:06.4891879Z PASS tristan rejects pet unknown species
2026-10-02T02:51:06.4968886Z PASS tristan rejects pet unknown colour
2026-10-02T02:51:06.5025271Z PASS tristan rejects blank name
2026-10-02T02:51:06.5083491Z PASS tristan rejects invalid needs
2026-10-02T02:51:06.5141988Z PASS tristan rejects bad diary
2026-10-02T02:51:06.5198948Z PASS tristan rejects mail markup shape
2026-10-02T02:51:06.5257830Z PASS tristan rejects invalid quest
2026-10-02T02:51:06.5315342Z PASS tristan rejects bad coins
2026-10-02T02:51:06.5373522Z PASS tristan rejects bad bank
2026-10-02T02:51:06.5431997Z PASS tristan rejects seen string
2026-10-02T02:51:06.5500289Z PASS tristan rejects pet array
2026-10-02T02:51:06.5549861Z PASS tristan rejects bad version
2026-10-02T02:51:06.5608386Z PASS tristan rejects review answer
2026-10-02T02:51:06.5668074Z PASS guest rejects stats string
2026-10-02T02:51:06.5730096Z PASS guest rejects fractional house
2026-10-02T02:51:06.5789609Z PASS guest rejects review null
2026-10-02T02:51:06.5849320Z PASS guest rejects bag count string
2026-10-02T02:51:06.5908174Z PASS guest rejects subject stats string
2026-10-02T02:51:06.5986761Z PASS guest rejects room array
2026-10-02T02:51:06.6045361Z PASS guest rejects pet unknown species
2026-10-02T02:51:06.6104052Z PASS guest rejects pet unknown colour
2026-10-02T02:51:06.6169281Z PASS guest rejects blank name
2026-10-02T02:51:06.6232578Z PASS guest rejects invalid needs
2026-10-02T02:51:06.6291829Z PASS guest rejects bad diary
2026-10-02T02:51:06.6351258Z PASS guest rejects mail markup shape
2026-10-02T02:51:06.6410403Z PASS guest rejects invalid quest
2026-10-02T02:51:06.6486601Z PASS guest rejects bad coins
2026-10-02T02:51:06.6545082Z PASS guest rejects bad bank
2026-10-02T02:51:06.6604876Z PASS guest rejects seen string
2026-10-02T02:51:06.6654582Z PASS guest rejects pet array
2026-10-02T02:51:06.6704257Z PASS guest rejects bad version
2026-10-02T02:51:06.6764851Z PASS guest rejects review answer
2026-10-02T02:51:06.6814982Z PASS invalid JSON
2026-10-02T02:51:06.6864510Z PASS empty family
2026-10-02T02:51:06.6931582Z PASS unknown ID
2026-10-02T02:51:06.6981793Z PASS array profiles
2026-10-02T02:51:06.7030300Z PASS unsupported family version
2026-10-02T02:51:06.7117486Z PASS prepare is detached; all seven profiles retain tier, progress and namespaces
2026-10-02T02:51:06.7168059Z PASS jeannie legacy single-pet normalization
2026-10-02T02:51:06.7218931Z PASS cory legacy single-pet normalization
2026-10-02T02:51:06.7270993Z PASS ellie legacy single-pet normalization
2026-10-02T02:51:06.7321583Z PASS kieran legacy single-pet normalization
2026-10-02T02:51:06.7369841Z PASS shannon legacy single-pet normalization
2026-10-02T02:51:06.7420028Z PASS tristan legacy single-pet normalization
2026-10-02T02:51:06.7488648Z PASS guest legacy single-pet normalization
2026-10-02T02:51:06.7554491Z PASS jeannie failed target write restores all original bytes
2026-10-02T02:51:06.7616338Z PASS cory failed target write restores all original bytes
2026-10-02T02:51:06.7678197Z PASS ellie failed target write restores all original bytes
2026-10-02T02:51:06.7740520Z PASS kieran failed target write restores all original bytes
2026-10-02T02:51:06.7803798Z PASS shannon failed target write restores all original bytes
2026-10-02T02:51:06.7868076Z PASS tristan failed target write restores all original bytes
2026-10-02T02:51:06.7953730Z PASS guest failed target write restores all original bytes
2026-10-02T02:51:06.8016090Z PASS failure at craepets.house.import-recovery.v1
2026-10-02T02:51:06.8078285Z PASS failure at craepets.house.reset.cory
2026-10-02T02:51:06.8140125Z PASS failure at craepets.house.who
2026-10-02T02:51:06.8205769Z PASS size quota rollback frees changed pets before restoring larger old bytes
2026-10-02T02:51:06.8315690Z PASS persistent rollback failure preserves journal, blocks writes and recovers on next boot
2026-10-02T02:51:06.8874943Z PASS full/malformed/foreign-key journals safely refuse imports
2026-10-02T02:51:06.8923983Z PASS pending recovery failure blocks boot auto-copy
2026-10-02T02:51:06.8987417Z PASS pending journal acknowledgment failure refuses import without stale writes
2026-10-02T02:51:06.9103046Z PASS completed journal acknowledgment failure reports uncertainty and pauses stale engine
2026-10-02T02:51:06.9148648Z PASS pending boot preserves exact damaged previous bytes instead of automatic recopy
2026-10-02T02:51:06.9149888Z PASS family restore: 163 production checks; seven profile namespaces, malformed state, exact-byte recovery, real size quota and interrupted recovery.
2026-10-02T02:51:06.9242357Z PASS: craepets-family-restore.cjs (1.1s)
2026-10-02T02:51:06.9242872Z 
2026-10-02T02:51:06.9243317Z --- craepets-family-restore-browser.cjs ---
2026-10-02T02:51:09.7650825Z PASS family restore Chromium Desktop: real file preview/apply, seven profiles, literal text, quota retry, interrupted recovery/reload, original export and isolation.
2026-10-02T02:51:11.9141665Z PASS family restore Chromium iPad: real file preview/apply, seven profiles, literal text, quota retry, interrupted recovery/reload, original export and isolation.
2026-10-02T02:51:14.0992744Z PASS family restore Chromium iPhone: real file preview/apply, seven profiles, literal text, quota retry, interrupted recovery/reload, original export and isolation.
2026-10-02T02:51:14.1747487Z PASS: craepets-family-restore-browser.cjs (7.3s)
2026-10-02T02:51:14.1748930Z 
2026-10-02T02:51:14.1749692Z --- post-office-storage.cjs ---
2026-10-02T02:51:14.1985731Z PASS normal saves and key ordering do not create recovery copies
2026-10-02T02:51:14.1996075Z PASS all six drafts and valid family mail survive mixed damage without read-time writes
2026-10-02T02:51:14.1998424Z PASS invalid letter 0 cannot hide a valid sibling
2026-10-02T02:51:14.1999682Z PASS invalid letter 1 cannot hide a valid sibling
2026-10-02T02:51:14.2000462Z PASS invalid letter 2 cannot hide a valid sibling
2026-10-02T02:51:14.2002631Z PASS invalid letter 3 cannot hide a valid sibling
2026-10-02T02:51:14.2003399Z PASS invalid letter 4 cannot hide a valid sibling
2026-10-02T02:51:14.2004675Z PASS invalid letter 5 cannot hide a valid sibling
2026-10-02T02:51:14.2005882Z PASS invalid letter 6 cannot hide a valid sibling
2026-10-02T02:51:14.2009240Z PASS invalid letter 7 cannot hide a valid sibling
2026-10-02T02:51:14.2010472Z PASS invalid letter 8 cannot hide a valid sibling
2026-10-02T02:51:14.2011394Z PASS invalid letter 9 cannot hide a valid sibling
2026-10-02T02:51:14.2012010Z PASS invalid letter 10 cannot hide a valid sibling
2026-10-02T02:51:14.2012648Z PASS invalid letter 11 cannot hide a valid sibling
2026-10-02T02:51:14.2020083Z PASS invalid letter 12 cannot hide a valid sibling
2026-10-02T02:51:14.2020791Z PASS invalid letter 13 cannot hide a valid sibling
2026-10-02T02:51:14.2021359Z PASS invalid letter 14 cannot hide a valid sibling
2026-10-02T02:51:14.2021950Z PASS invalid letter 15 cannot hide a valid sibling
2026-10-02T02:51:14.2022587Z PASS invalid letter 16 cannot hide a valid sibling
2026-10-02T02:51:14.2023394Z PASS invalid letter 17 cannot hide a valid sibling
2026-10-02T02:51:14.2030115Z PASS invalid letter 18 cannot hide a valid sibling
2026-10-02T02:51:14.2030569Z PASS invalid letter 19 cannot hide a valid sibling
2026-10-02T02:51:14.2030973Z PASS invalid letter 20 cannot hide a valid sibling
2026-10-02T02:51:14.2031465Z PASS invalid letter 21 cannot hide a valid sibling
2026-10-02T02:51:14.2032012Z PASS invalid letter 22 cannot hide a valid sibling
2026-10-02T02:51:14.2032600Z PASS invalid letter 23 cannot hide a valid sibling
2026-10-02T02:51:14.2033138Z PASS invalid letter 24 cannot hide a valid sibling
2026-10-02T02:51:14.2033918Z PASS invalid letter 25 cannot hide a valid sibling
2026-10-02T02:51:14.2034613Z PASS invalid letter 26 cannot hide a valid sibling
2026-10-02T02:51:14.2035044Z PASS invalid letter 27 cannot hide a valid sibling
2026-10-02T02:51:14.2035485Z PASS invalid letter 28 cannot hide a valid sibling
2026-10-02T02:51:14.2036025Z PASS invalid letter 29 cannot hide a valid sibling
2026-10-02T02:51:14.2036742Z PASS invalid letter 30 cannot hide a valid sibling
2026-10-02T02:51:14.2037463Z PASS invalid letter 31 cannot hide a valid sibling
2026-10-02T02:51:14.2037987Z PASS invalid letter 32 cannot hide a valid sibling
2026-10-02T02:51:14.2038602Z PASS invalid letter 33 cannot hide a valid sibling
2026-10-02T02:51:14.2038987Z PASS invalid letter 34 cannot hide a valid sibling
2026-10-02T02:51:14.2039404Z PASS invalid letter 35 cannot hide a valid sibling
2026-10-02T02:51:14.2040104Z PASS malformed draft repair preserves jeannie text and isolates recipients
2026-10-02T02:51:14.2040968Z PASS malformed draft repair preserves cory text and isolates recipients
2026-10-02T02:51:14.2041753Z PASS malformed draft repair preserves ellie text and isolates recipients
2026-10-02T02:51:14.2042533Z PASS malformed draft repair preserves kieran text and isolates recipients
2026-10-02T02:51:14.2043368Z PASS malformed draft repair preserves shannon text and isolates recipients
2026-10-02T02:51:14.2044054Z PASS malformed draft repair preserves tristan text and isolates recipients
2026-10-02T02:51:14.2046277Z PASS bad draft body cannot reach trim and valid siblings survive
2026-10-02T02:51:14.2047302Z PASS old Dad draft migration uses only own known IDs
2026-10-02T02:51:14.2048807Z PASS unusable snapshot stays intact until protected repair: {broken
2026-10-02T02:51:14.2049544Z PASS unusable snapshot stays intact until protected repair: null
2026-10-02T02:51:14.2050313Z PASS unusable snapshot stays intact until protected repair: []
2026-10-02T02:51:14.2050956Z PASS unusable snapshot stays intact until protected repair: 45
2026-10-02T02:51:14.2051626Z PASS unusable snapshot stays intact until protected repair: "broken"
2026-10-02T02:51:14.2052338Z PASS backup quota failure refuses original overwrite and warns
2026-10-02T02:51:14.2053101Z PASS mailbag quota failure retains the already captured damaged bytes
2026-10-02T02:51:14.2055679Z PASS distinct recovery copies are append-only, deduplicated and bounded
2026-10-02T02:51:14.2057263Z PASS damaged recovery storage is never overwritten
2026-10-02T02:51:14.2061053Z PASS duplicate IDs cannot bind readers to multiple letters
2026-10-02T02:51:14.2061751Z Post Office storage regressions: 56 checks passed.
2026-10-02T02:51:14.2083315Z PASS: post-office-storage.cjs (0.0s)
2026-10-02T02:51:14.2083659Z 
2026-10-02T02:51:14.2083896Z --- post-office-storage-browser.cjs ---
2026-10-02T02:51:45.7757689Z PASS Post Office Desktop: damaged save recovery, six drafts, real storage events, rebound read/delete, removed/switch reader cancellation, sender preview, quota retry, reload, namespaces and literal text
2026-10-02T02:52:17.8583716Z PASS Post Office iPad: damaged save recovery, six drafts, real storage events, rebound read/delete, removed/switch reader cancellation, sender preview, quota retry, reload, namespaces and literal text
2026-10-02T02:52:56.0552899Z PASS Post Office iPhone: damaged save recovery, six drafts, real storage events, rebound read/delete, removed/switch reader cancellation, sender preview, quota retry, reload, namespaces and literal text
2026-10-02T02:52:56.1343539Z PASS: post-office-storage-browser.cjs (101.9s)
2026-10-02T02:52:56.1343844Z 
2026-10-02T02:52:56.1344078Z --- craepets-import.cjs ---
2026-10-02T02:52:56.4734071Z PASS games/craepets/craepets.js [craepets.] import transactions: 53 invalid backups, storage failure, full and legacy transfers, reload, house progress and shared-profile interoperability
2026-10-02T02:52:56.7719440Z PASS house-test/engine.js [craepets.house.] import transactions: 53 invalid backups, storage failure, full and legacy transfers, reload, house progress and shared-profile interoperability
2026-10-02T02:52:57.0621485Z PASS house-test/engine.js [craepets.] import transactions: 53 invalid backups, storage failure, full and legacy transfers, reload, house progress and shared-profile interoperability
2026-10-02T02:52:57.0746448Z PASS: craepets-import.cjs (0.9s)
2026-10-02T02:52:57.0747031Z 
2026-10-02T02:52:57.0747260Z --- craepets-import-browser.cjs ---
2026-10-02T02:53:01.1742083Z PASS game import browser checks at desktop/phone
2026-10-02T02:53:04.3069321Z PASS house import browser checks at desktop/phone
2026-10-02T02:53:08.6834673Z PASS shared import browser checks at desktop/phone
2026-10-02T02:53:08.6836946Z PASS Craepets browser imports: rejected files and quota failure preserve active lessons; current and legacy transfers reload and play on desktop/phone in game, standalone-house and shared-house modes
2026-10-02T02:53:08.7642498Z PASS: craepets-import-browser.cjs (11.7s)
2026-10-02T02:53:08.7643940Z 
2026-10-02T02:53:08.7644240Z --- shared-media-lifecycle.cjs ---
2026-10-02T02:53:08.8427793Z PASS shared media: canceled narration, audio failure recovery, bounded effects, live preferences, and background cleanup
2026-10-02T02:53:08.8462883Z PASS: shared-media-lifecycle.cjs (0.1s)
2026-10-02T02:53:08.8463281Z 
2026-10-02T02:53:08.8463624Z --- photo-daily-assignment.cjs ---
2026-10-02T02:53:08.8803637Z PASS: Photo daily assignments (300 date/explorer/unlock cases; 101 compatible low-bit hashes, 149 high-bit hashes), real map rendering and one daily reward
2026-10-02T02:53:08.8828249Z PASS: photo-daily-assignment.cjs (0.0s)
2026-10-02T02:53:08.8828578Z 
2026-10-02T02:53:08.8828795Z --- arcade-usability.cjs ---
2026-10-02T02:53:09.8717697Z PASS: corrupt saved preferences, canonical resume metadata and keyboard navigation
2026-10-02T02:53:10.4439117Z PASS: search, kid filters, result status, empty state, reset and reduced motion at 1280px
2026-10-02T02:53:10.9585985Z PASS: search, kid filters, result status, empty state, reset and reduced motion at 320px
2026-10-02T02:53:11.3503140Z PASS: arcade remains playable without localStorage; Surprise me respects search
2026-10-02T02:53:11.4175632Z PASS: arcade-usability.cjs (2.5s)
2026-10-02T02:53:11.4176006Z 
2026-10-02T02:53:11.4176399Z --- math-reliability.test.js ---
2026-10-02T02:53:16.2349393Z Math/logic reliability checks passed (5 games, numeric answers, blocked storage, damaged saves, immediate reload and phone layouts).
2026-10-02T02:53:16.5464082Z PASS: math-reliability.test.js (5.1s)
2026-10-02T02:53:16.5464448Z 
2026-10-02T02:53:16.5464717Z --- service-worker.cjs ---
2026-10-02T02:53:18.7265523Z PASS: scoped cache cleanup, safe bounded warming, module refresh, nested/dynamic imports offline, partial responses, correct fallback URL
2026-10-02T02:53:18.7949273Z PASS: service-worker.cjs (2.2s)
2026-10-02T02:53:18.7949664Z 
2026-10-02T02:53:18.7949929Z --- young-games-regressions.js ---
2026-10-02T02:53:30.0899405Z PASS young games: Desktop
2026-10-02T02:53:40.7371079Z PASS young games: Phone
2026-10-02T02:53:41.5038129Z PASS young games: corrupt and blocked saves
2026-10-02T02:53:41.5891474Z PASS: young-games-regressions.js (22.8s)
2026-10-02T02:53:41.5891924Z 
2026-10-02T02:53:41.5892151Z --- word-puzzles-lifecycle.cjs ---
2026-10-02T02:53:43.3970568Z PASS word puzzles: Desktop, duplicate submit, disabled cards, solve/hint cancellation, stopped/restored clocks, Clear and crossing direction
2026-10-02T02:53:44.7304893Z PASS word puzzles: Phone, duplicate submit, disabled cards, solve/hint cancellation, stopped/restored clocks, Clear and crossing direction
2026-10-02T02:53:44.8059650Z PASS: word-puzzles-lifecycle.cjs (3.2s)
2026-10-02T02:53:44.8060034Z 
2026-10-02T02:53:44.8060247Z --- three-model-visuals.cjs ---
2026-10-02T02:54:21.7693691Z PASS models: 35 wildlife, 18 pets/companions, 221 furnishings, 12 biome/quality variants; geometry, shaders, animation and disposal
2026-10-02T02:54:21.7822482Z PASS real WebGL: 35 wildlife models, 18 pets and companions, 221 furnishings, 12 biome/quality variants; finite geometry and rigs, shaders, animation, quality and disposal.
2026-10-02T02:54:21.7832290Z {"maxAnimalDraws":33,"maxAnimalTriangles":15564,"maxPetDraws":2,"maxFurnitureDraws":4,"maxFurnitureTriangles":2480,"maxWorldDraws":614,"maxWorldTriangles":1034478,"evidence":"/tmp/kid-games-visuals/validation"}
2026-10-02T02:54:21.8461243Z PASS: three-model-visuals.cjs (37.0s)
2026-10-02T02:54:21.8461654Z 
2026-10-02T02:54:21.8461792Z Regressions: 16/16 passed.
2026-10-02T02:54:21.8652294Z Post job cleanup.
2026-10-02T02:54:21.9705933Z (node:5198) [DEP0040] DeprecationWarning: The `punycode` module is deprecated. Please use a userland alternative instead.
2026-10-02T02:54:21.9706809Z (Use `node --trace-deprecation ...` to show where the warning was created)
2026-10-02T02:54:21.9876097Z Post job cleanup.
2026-10-02T02:54:22.0612619Z [command]/usr/bin/git version
2026-10-02T02:54:22.0646426Z git version 2.55.0
2026-10-02T02:54:22.0675037Z Temporarily overriding HOME='/home/runner/work/_temp/1fb6183a-856e-4c53-81d7-fc155b06042e' before making global git config changes
2026-10-02T02:54:22.0676872Z Adding repository directory to the temporary git global config as a safe directory
2026-10-02T02:54:22.0680159Z [command]/usr/bin/git config --global --add safe.directory /home/runner/work/Kid-games/Kid-games
2026-10-02T02:54:22.0713105Z [command]/usr/bin/git config --local --name-only --get-regexp core\.sshCommand
2026-10-02T02:54:22.0739353Z [command]/usr/bin/git submodule foreach --recursive sh -c "git config --local --name-only --get-regexp 'core\.sshCommand' && git config --local --unset-all 'core.sshCommand' || :"
2026-10-02T02:54:22.0930025Z [command]/usr/bin/git config --local --name-only --get-regexp http\.https\:\/\/github\.com\/\.extraheader
2026-10-02T02:54:22.0952592Z http.https://github.com/.extraheader
2026-10-02T02:54:22.0961270Z [command]/usr/bin/git config --local --unset-all http.https://github.com/.extraheader
2026-10-02T02:54:22.0990609Z [command]/usr/bin/git submodule foreach --recursive sh -c "git config --local --name-only --get-regexp 'http\.https\:\/\/github\.com\/\.extraheader' && git config --local --unset-all 'http.https://github.com/.extraheader' || :"
2026-10-02T02:54:22.1164489Z [command]/usr/bin/git config --local --name-only --get-regexp ^includeIf\.gitdir:
2026-10-02T02:54:22.1192284Z [command]/usr/bin/git submodule foreach --recursive git config --local --show-origin --name-only --get-regexp remote.origin.url
2026-10-02T02:54:22.1525208Z Cleaning up orphan processes
2026-10-02T02:54:22.1761147Z ##[warning]Node.js 20 is deprecated. The following actions target Node.js 20 but are being forced to run on Node.js 24: actions/checkout@v4, actions/setup-node@v4. For more information see: https://github.blog/changelog/2025-09-19-deprecation-of-node-20-on-github-actions-runners/
