2026-10-02T01:46:59.0399261Z Current runner version: '2.337.0'
2026-10-02T01:46:59.0424257Z ##[group]Runner Image Provisioner
2026-10-02T01:46:59.0425231Z Hosted Compute Agent
2026-10-02T01:46:59.0425915Z Version: 20260901.588
2026-10-02T01:46:59.0426567Z Commit: f88ec8081b781fac6c440065ac7ff9e710ce3d0b
2026-10-02T01:46:59.0427282Z Build Date: 2026-09-01T19:56:44Z
2026-10-02T01:46:59.0428344Z Worker ID: {45a1be74-ab1a-47b5-bc98-6ab3f8e104f9}
2026-10-02T01:46:59.0429148Z Azure Region: eastus2
2026-10-02T01:46:59.0429792Z ##[endgroup]
2026-10-02T01:46:59.0431403Z ##[group]Operating System
2026-10-02T01:46:59.0432146Z Ubuntu
2026-10-02T01:46:59.0432698Z 24.04.5
2026-10-02T01:46:59.0433245Z LTS
2026-10-02T01:46:59.0433807Z ##[endgroup]
2026-10-02T01:46:59.0434366Z ##[group]Runner Image
2026-10-02T01:46:59.0434960Z Image: ubuntu-24.04
2026-10-02T01:46:59.0435598Z Version: 20260927.320.1
2026-10-02T01:46:59.0436945Z Included Software: https://github.com/actions/runner-images/blob/ubuntu24/20260927.320/images/ubuntu/Ubuntu2404-Readme.md
2026-10-02T01:46:59.0439147Z Image Release: https://github.com/actions/runner-images/releases/tag/ubuntu24%2F20260927.320
2026-10-02T01:46:59.0440324Z ##[endgroup]
2026-10-02T01:46:59.0441617Z ##[group]GITHUB_TOKEN Permissions
2026-10-02T01:46:59.0443824Z Contents: read
2026-10-02T01:46:59.0444537Z Metadata: read
2026-10-02T01:46:59.0445101Z ##[endgroup]
2026-10-02T01:46:59.0447405Z Secret source: Actions
2026-10-02T01:46:59.0448624Z Cache mode: write
2026-10-02T01:46:59.0449435Z Prepare workflow directory
2026-10-02T01:46:59.0849514Z Prepare all required actions
2026-10-02T01:46:59.0898265Z Getting action download info
2026-10-02T01:46:59.3286992Z Download action repository 'actions/checkout@v4' (SHA:11d5960a326750d5838078e36cf38b85af677262)
2026-10-02T01:46:59.4373160Z Download action repository 'actions/setup-node@v4' (SHA:49933ea5288caeca8642d1e84afbd3f7d6820020)
2026-10-02T01:46:59.6225072Z Complete job name: regressions
2026-10-02T01:46:59.6996073Z ##[group]Run actions/checkout@v4
2026-10-02T01:46:59.6996968Z with:
2026-10-02T01:46:59.6997460Z   repository: trimcrae/Kid-games
2026-10-02T01:46:59.7001667Z   token: ***
2026-10-02T01:46:59.7002117Z   ssh-strict: true
2026-10-02T01:46:59.7002554Z   ssh-user: git
2026-10-02T01:46:59.7003009Z   persist-credentials: true
2026-10-02T01:46:59.7003517Z   clean: true
2026-10-02T01:46:59.7003979Z   sparse-checkout-cone-mode: true
2026-10-02T01:46:59.7004510Z   fetch-depth: 1
2026-10-02T01:46:59.7004948Z   fetch-tags: false
2026-10-02T01:46:59.7005408Z   show-progress: true
2026-10-02T01:46:59.7005863Z   lfs: false
2026-10-02T01:46:59.7006287Z   submodules: false
2026-10-02T01:46:59.7006740Z   set-safe-directory: true
2026-10-02T01:46:59.7007248Z   allow-unsafe-pr-checkout: false
2026-10-02T01:46:59.7008207Z ##[endgroup]
2026-10-02T01:46:59.8010688Z Syncing repository: trimcrae/Kid-games
2026-10-02T01:46:59.8012625Z ##[group]Getting Git version info
2026-10-02T01:46:59.8013461Z Working directory is '/home/runner/work/Kid-games/Kid-games'
2026-10-02T01:46:59.8014768Z [command]/usr/bin/git version
2026-10-02T01:46:59.8132062Z git version 2.55.0
2026-10-02T01:46:59.8159784Z ##[endgroup]
2026-10-02T01:46:59.8175800Z Temporarily overriding HOME='/home/runner/work/_temp/95b3a831-3f8f-49e3-931f-0d16615328d6' before making global git config changes
2026-10-02T01:46:59.8178430Z Adding repository directory to the temporary git global config as a safe directory
2026-10-02T01:46:59.8181950Z [command]/usr/bin/git config --global --add safe.directory /home/runner/work/Kid-games/Kid-games
2026-10-02T01:46:59.8237541Z Deleting the contents of '/home/runner/work/Kid-games/Kid-games'
2026-10-02T01:46:59.8244014Z ##[group]Initializing the repository
2026-10-02T01:46:59.8250129Z [command]/usr/bin/git init /home/runner/work/Kid-games/Kid-games
2026-10-02T01:46:59.8360821Z hint: Using 'master' as the name for the initial branch. This default branch name
2026-10-02T01:46:59.8362160Z hint: will change to "main" in Git 3.0. To configure the initial branch name
2026-10-02T01:46:59.8363118Z hint: to use in all of your new repositories, which will suppress this warning,
2026-10-02T01:46:59.8364165Z hint: call:
2026-10-02T01:46:59.8364576Z hint:
2026-10-02T01:46:59.8365114Z hint: 	git config --global init.defaultBranch <name>
2026-10-02T01:46:59.8365739Z hint:
2026-10-02T01:46:59.8366328Z hint: Names commonly chosen instead of 'master' are 'main', 'trunk' and
2026-10-02T01:46:59.8367261Z hint: 'development'. The just-created branch can be renamed via this command:
2026-10-02T01:46:59.8368378Z hint:
2026-10-02T01:46:59.8369159Z hint: 	git branch -m <name>
2026-10-02T01:46:59.8370004Z hint:
2026-10-02T01:46:59.8371122Z hint: Disable this message with "git config set advice.defaultBranchName false"
2026-10-02T01:46:59.8372974Z Initialized empty Git repository in /home/runner/work/Kid-games/Kid-games/.git/
2026-10-02T01:46:59.8385441Z [command]/usr/bin/git remote add origin https://github.com/trimcrae/Kid-games
2026-10-02T01:46:59.8436403Z ##[endgroup]
2026-10-02T01:46:59.8437807Z ##[group]Disabling automatic garbage collection
2026-10-02T01:46:59.8440433Z [command]/usr/bin/git config --local gc.auto 0
2026-10-02T01:46:59.8474879Z ##[endgroup]
2026-10-02T01:46:59.8476120Z ##[group]Setting up auth
2026-10-02T01:46:59.8489605Z [command]/usr/bin/git config --local --name-only --get-regexp core\.sshCommand
2026-10-02T01:46:59.8525867Z [command]/usr/bin/git submodule foreach --recursive sh -c "git config --local --name-only --get-regexp 'core\.sshCommand' && git config --local --unset-all 'core.sshCommand' || :"
2026-10-02T01:46:59.8899295Z [command]/usr/bin/git config --local --name-only --get-regexp http\.https\:\/\/github\.com\/\.extraheader
2026-10-02T01:46:59.8941195Z [command]/usr/bin/git submodule foreach --recursive sh -c "git config --local --name-only --get-regexp 'http\.https\:\/\/github\.com\/\.extraheader' && git config --local --unset-all 'http.https://github.com/.extraheader' || :"
2026-10-02T01:46:59.9173020Z [command]/usr/bin/git config --local --name-only --get-regexp ^includeIf\.gitdir:
2026-10-02T01:46:59.9208871Z [command]/usr/bin/git submodule foreach --recursive git config --local --show-origin --name-only --get-regexp remote.origin.url
2026-10-02T01:46:59.9434767Z [command]/usr/bin/git config --local http.https://github.com/.extraheader AUTHORIZATION: basic ***
2026-10-02T01:46:59.9477891Z ##[endgroup]
2026-10-02T01:46:59.9479447Z ##[group]Fetching the repository
2026-10-02T01:46:59.9488539Z [command]/usr/bin/git -c protocol.version=2 fetch --no-tags --prune --no-recurse-submodules --depth=1 origin +beaa382954da3f5ff917ba83f58c0013cf337a64:refs/remotes/pull/4/merge
2026-10-02T01:47:10.6799241Z From https://github.com/trimcrae/Kid-games
2026-10-02T01:47:10.6800272Z  * [new ref]         beaa382954da3f5ff917ba83f58c0013cf337a64 -> pull/4/merge
2026-10-02T01:47:10.6804875Z ##[endgroup]
2026-10-02T01:47:10.6806196Z ##[group]Determining the checkout info
2026-10-02T01:47:10.6806969Z ##[endgroup]
2026-10-02T01:47:10.6819110Z [command]/usr/bin/git sparse-checkout disable
2026-10-02T01:47:10.7171180Z [command]/usr/bin/git config --local --unset-all extensions.worktreeConfig
2026-10-02T01:47:10.7228879Z ##[group]Checking out the ref
2026-10-02T01:47:10.7232502Z [command]/usr/bin/git checkout --progress --force refs/remotes/pull/4/merge
2026-10-02T01:47:11.5797492Z Note: switching to 'refs/remotes/pull/4/merge'.
2026-10-02T01:47:11.5799424Z 
2026-10-02T01:47:11.5799845Z You are in 'detached HEAD' state. You can look around, make experimental
2026-10-02T01:47:11.5800803Z changes and commit them, and you can discard any commits you make in this
2026-10-02T01:47:11.5801765Z state without impacting any branches by switching back to a branch.
2026-10-02T01:47:11.5802187Z 
2026-10-02T01:47:11.5802447Z If you want to create a new branch to retain commits you create, you may
2026-10-02T01:47:11.5802991Z do so (now or later) by using -c with the switch command. Example:
2026-10-02T01:47:11.5803303Z 
2026-10-02T01:47:11.5803511Z   git switch -c <new-branch-name>
2026-10-02T01:47:11.5803725Z 
2026-10-02T01:47:11.5803865Z Or undo this operation with:
2026-10-02T01:47:11.5804353Z 
2026-10-02T01:47:11.5804468Z   git switch -
2026-10-02T01:47:11.5804643Z 
2026-10-02T01:47:11.5804911Z Turn off this advice by setting config variable advice.detachedHead to false
2026-10-02T01:47:11.5805266Z 
2026-10-02T01:47:11.5805662Z HEAD is now at beaa382 Merge d6511b278422c7900e762ad620b827f3f4da52ba into 9ee843c7bfbf10ffd0c90ecde411b787dbf60ac9
2026-10-02T01:47:11.5869954Z ##[endgroup]
2026-10-02T01:47:11.5920005Z [command]/usr/bin/git log -1 --format=%H
2026-10-02T01:47:11.5948592Z beaa382954da3f5ff917ba83f58c0013cf337a64
2026-10-02T01:47:11.6224493Z ##[group]Run actions/setup-node@v4
2026-10-02T01:47:11.6289461Z with:
2026-10-02T01:47:11.6289992Z   node-version: 22
2026-10-02T01:47:11.6290525Z   always-auth: false
2026-10-02T01:47:11.6291031Z   check-latest: false
2026-10-02T01:47:11.6293966Z   token: ***
2026-10-02T01:47:11.6294237Z ##[endgroup]
2026-10-02T01:47:11.7701710Z Found in cache @ /opt/hostedtoolcache/node/22.23.3/x64
2026-10-02T01:47:11.7706436Z (node:2414) [DEP0040] DeprecationWarning: The `punycode` module is deprecated. Please use a userland alternative instead.
2026-10-02T01:47:11.7707266Z (Use `node --trace-deprecation ...` to show where the warning was created)
2026-10-02T01:47:11.7709902Z ##[group]Environment details
2026-10-02T01:47:12.1699610Z node: v22.23.3
2026-10-02T01:47:12.1699921Z npm: 10.9.9
2026-10-02T01:47:12.1700160Z yarn: 1.22.22
2026-10-02T01:47:12.1701183Z ##[endgroup]
2026-10-02T01:47:12.1837283Z ##[group]Run npm install --no-package-lock --no-audit --no-fund
2026-10-02T01:47:12.1837840Z [36;1mnpm install --no-package-lock --no-audit --no-fund[0m
2026-10-02T01:47:12.2106621Z shell: /usr/bin/bash -e {0}
2026-10-02T01:47:12.2106961Z ##[endgroup]
2026-10-02T01:47:13.7434251Z 
2026-10-02T01:47:13.7441141Z added 1 package in 1s
2026-10-02T01:47:13.7888463Z ##[group]Run node node_modules/playwright-core/cli.js install --with-deps --no-shell chromium
2026-10-02T01:47:13.7889252Z [36;1mnode node_modules/playwright-core/cli.js install --with-deps --no-shell chromium[0m
2026-10-02T01:47:13.7955207Z shell: /usr/bin/bash -e {0}
2026-10-02T01:47:13.7955488Z ##[endgroup]
2026-10-02T01:47:14.1169599Z Installing dependencies...
2026-10-02T01:47:14.1293500Z Switching to root user to install dependencies...
2026-10-02T01:47:14.2147326Z Get:1 file:/etc/apt/apt-mirrors.txt Mirrorlist [144 B]
2026-10-02T01:47:14.2580594Z Hit:2 http://azure.archive.ubuntu.com/ubuntu noble InRelease
2026-10-02T01:47:14.2603703Z Get:3 http://azure.archive.ubuntu.com/ubuntu noble-updates InRelease [126 kB]
2026-10-02T01:47:14.2649413Z Get:4 http://azure.archive.ubuntu.com/ubuntu noble-backports InRelease [126 kB]
2026-10-02T01:47:14.2675585Z Get:5 http://azure.archive.ubuntu.com/ubuntu noble-security InRelease [126 kB]
2026-10-02T01:47:14.2779673Z Get:6 https://packages.microsoft.com/ubuntu/24.04/prod noble InRelease [3600 B]
2026-10-02T01:47:14.4057564Z Get:7 http://azure.archive.ubuntu.com/ubuntu noble-updates/main amd64 Packages [1364 kB]
2026-10-02T01:47:14.4193304Z Get:8 http://azure.archive.ubuntu.com/ubuntu noble-updates/main Translation-en [304 kB]
2026-10-02T01:47:14.4212070Z Get:9 http://azure.archive.ubuntu.com/ubuntu noble-updates/main amd64 Components [181 kB]
2026-10-02T01:47:14.4259651Z Get:10 http://azure.archive.ubuntu.com/ubuntu noble-updates/universe amd64 Packages [1699 kB]
2026-10-02T01:47:14.4331497Z Get:11 http://azure.archive.ubuntu.com/ubuntu noble-updates/universe Translation-en [341 kB]
2026-10-02T01:47:14.4354244Z Get:12 http://azure.archive.ubuntu.com/ubuntu noble-updates/universe amd64 Components [388 kB]
2026-10-02T01:47:14.4376180Z Get:13 http://azure.archive.ubuntu.com/ubuntu noble-updates/restricted amd64 Packages [1720 kB]
2026-10-02T01:47:14.4462688Z Get:14 http://azure.archive.ubuntu.com/ubuntu noble-updates/restricted Translation-en [394 kB]
2026-10-02T01:47:14.4497026Z Get:15 http://azure.archive.ubuntu.com/ubuntu noble-updates/multiverse amd64 Components [940 B]
2026-10-02T01:47:14.4674255Z Get:16 http://azure.archive.ubuntu.com/ubuntu noble-backports/main amd64 Components [5760 B]
2026-10-02T01:47:14.5137135Z Get:17 http://azure.archive.ubuntu.com/ubuntu noble-backports/universe amd64 Components [12.6 kB]
2026-10-02T01:47:14.5202593Z Get:18 http://azure.archive.ubuntu.com/ubuntu noble-security/main amd64 Packages [1069 kB]
2026-10-02T01:47:14.5271108Z Get:19 http://azure.archive.ubuntu.com/ubuntu noble-security/main Translation-en [221 kB]
2026-10-02T01:47:14.5298689Z Get:20 http://azure.archive.ubuntu.com/ubuntu noble-security/main amd64 Components [46.4 kB]
2026-10-02T01:47:14.5305140Z Get:21 http://azure.archive.ubuntu.com/ubuntu noble-security/universe amd64 Packages [1216 kB]
2026-10-02T01:47:14.5373027Z Get:22 http://azure.archive.ubuntu.com/ubuntu noble-security/universe Translation-en [244 kB]
2026-10-02T01:47:14.5392538Z Get:23 http://azure.archive.ubuntu.com/ubuntu noble-security/universe amd64 Components [76.3 kB]
2026-10-02T01:47:14.5406033Z Get:24 http://azure.archive.ubuntu.com/ubuntu noble-security/restricted amd64 Packages [1566 kB]
2026-10-02T01:47:14.5499291Z Get:25 http://azure.archive.ubuntu.com/ubuntu noble-security/restricted Translation-en [361 kB]
2026-10-02T01:47:14.5752312Z Get:26 https://packages.microsoft.com/ubuntu/24.04/prod noble/main amd64 Packages [510 kB]
2026-10-02T01:47:14.5871448Z Get:27 https://packages.microsoft.com/ubuntu/24.04/prod noble/main armhf Packages [12.6 kB]
2026-10-02T01:47:14.5911456Z Get:28 https://packages.microsoft.com/ubuntu/24.04/prod noble/main arm64 Packages [458 kB]
2026-10-02T01:47:18.8020954Z Fetched 12.6 MB in 1s (9052 kB/s)
2026-10-02T01:47:19.6319429Z Reading package lists...
2026-10-02T01:47:19.6557551Z Reading package lists...
2026-10-02T01:47:19.8369376Z Building dependency tree...
2026-10-02T01:47:19.8376627Z Reading state information...
2026-10-02T01:47:19.9787086Z libasound2t64 is already the newest version (1.2.11-1ubuntu0.3).
2026-10-02T01:47:19.9788482Z libasound2t64 set to manually installed.
2026-10-02T01:47:19.9789507Z libatk-bridge2.0-0t64 is already the newest version (2.52.0-1build1).
2026-10-02T01:47:19.9790554Z libatk-bridge2.0-0t64 set to manually installed.
2026-10-02T01:47:19.9791540Z libatk1.0-0t64 is already the newest version (2.52.0-1build1).
2026-10-02T01:47:19.9792288Z libatk1.0-0t64 set to manually installed.
2026-10-02T01:47:19.9793042Z libatspi2.0-0t64 is already the newest version (2.52.0-1build1).
2026-10-02T01:47:19.9793781Z libatspi2.0-0t64 set to manually installed.
2026-10-02T01:47:19.9794486Z libcairo2 is already the newest version (1.18.0-3build1).
2026-10-02T01:47:19.9795151Z libcairo2 set to manually installed.
2026-10-02T01:47:19.9795887Z libcups2t64 is already the newest version (2.4.7-1.2ubuntu7.14).
2026-10-02T01:47:19.9796603Z libcups2t64 set to manually installed.
2026-10-02T01:47:19.9797342Z libdbus-1-3 is already the newest version (1.14.10-4ubuntu4.1).
2026-10-02T01:47:19.9798251Z libdbus-1-3 set to manually installed.
2026-10-02T01:47:19.9799014Z libdrm2 is already the newest version (2.4.125-1ubuntu0.1~24.04.2).
2026-10-02T01:47:19.9799722Z libdrm2 set to manually installed.
2026-10-02T01:47:19.9800189Z libglib2.0-0t64 is already the newest version (2.80.0-6ubuntu3.9).
2026-10-02T01:47:19.9800661Z libglib2.0-0t64 set to manually installed.
2026-10-02T01:47:19.9801141Z libnspr4 is already the newest version (2:4.35-1.1build1).
2026-10-02T01:47:19.9801584Z libnspr4 set to manually installed.
2026-10-02T01:47:19.9802033Z libnss3 is already the newest version (2:3.98-1ubuntu0.2).
2026-10-02T01:47:19.9802431Z libnss3 set to manually installed.
2026-10-02T01:47:19.9802839Z libpango-1.0-0 is already the newest version (1.52.1+ds-1build1).
2026-10-02T01:47:19.9803262Z libpango-1.0-0 set to manually installed.
2026-10-02T01:47:19.9803850Z libx11-6 is already the newest version (2:1.8.7-1build1).
2026-10-02T01:47:19.9804244Z libx11-6 set to manually installed.
2026-10-02T01:47:19.9804608Z libxcb1 is already the newest version (1.15-1ubuntu2).
2026-10-02T01:47:19.9804971Z libxcb1 set to manually installed.
2026-10-02T01:47:19.9805377Z libxcomposite1 is already the newest version (1:0.4.5-1build3).
2026-10-02T01:47:19.9806010Z libxcomposite1 set to manually installed.
2026-10-02T01:47:19.9806433Z libxdamage1 is already the newest version (1:1.1.6-1build1).
2026-10-02T01:47:19.9806823Z libxdamage1 set to manually installed.
2026-10-02T01:47:19.9807210Z libxext6 is already the newest version (2:1.3.4-1build2).
2026-10-02T01:47:19.9807579Z libxext6 set to manually installed.
2026-10-02T01:47:19.9808229Z libxfixes3 is already the newest version (1:6.0.0-2build1).
2026-10-02T01:47:19.9808646Z libxfixes3 set to manually installed.
2026-10-02T01:47:19.9809052Z libxkbcommon0 is already the newest version (1.6.0-1build1).
2026-10-02T01:47:19.9809451Z libxkbcommon0 set to manually installed.
2026-10-02T01:47:19.9809879Z libxrandr2 is already the newest version (2:1.5.2-2build1).
2026-10-02T01:47:19.9810265Z libxrandr2 set to manually installed.
2026-10-02T01:47:19.9810651Z xvfb is already the newest version (2:21.1.12-1ubuntu1.8).
2026-10-02T01:47:19.9811204Z fonts-noto-color-emoji is already the newest version (2.047-0ubuntu0.24.04.1).
2026-10-02T01:47:19.9811790Z libfontconfig1 is already the newest version (2.15.0-1.1ubuntu2).
2026-10-02T01:47:19.9812213Z libfontconfig1 set to manually installed.
2026-10-02T01:47:19.9812683Z libfreetype6 is already the newest version (2.13.2+dfsg-1ubuntu0.1).
2026-10-02T01:47:19.9813112Z libfreetype6 set to manually installed.
2026-10-02T01:47:19.9813529Z fonts-liberation is already the newest version (1:2.1.5-3).
2026-10-02T01:47:19.9813950Z fonts-liberation set to manually installed.
2026-10-02T01:47:19.9814356Z The following additional packages will be installed:
2026-10-02T01:47:19.9814816Z   libgl1-mesa-dri libglx-mesa0 libwayland-server0 mesa-libgallium
2026-10-02T01:47:19.9815226Z   xfonts-encodings xfonts-utils
2026-10-02T01:47:19.9815659Z Recommended packages:
2026-10-02T01:47:19.9815947Z   fonts-ipafont-mincho fonts-tlwg-loma
2026-10-02T01:47:20.0004505Z The following NEW packages will be installed:
2026-10-02T01:47:20.0005438Z   fonts-freefont-ttf fonts-ipafont-gothic fonts-tlwg-loma-otf fonts-unifont
2026-10-02T01:47:20.0012902Z   fonts-wqy-zenhei libwayland-server0 xfonts-cyrillic xfonts-encodings
2026-10-02T01:47:20.0013627Z   xfonts-scalable xfonts-utils
2026-10-02T01:47:20.0018417Z The following packages will be upgraded:
2026-10-02T01:47:20.0024410Z   libgbm1 libgl1-mesa-dri libglx-mesa0 mesa-libgallium
2026-10-02T01:47:20.0195032Z 4 upgraded, 10 newly installed, 0 to remove and 21 not upgraded.
2026-10-02T01:47:20.0195525Z Need to get 32.1 MB of archives.
2026-10-02T01:47:20.0195976Z After this operation, 79.7 MB of additional disk space will be used.
2026-10-02T01:47:20.0196870Z Get:1 file:/etc/apt/apt-mirrors.txt Mirrorlist [144 B]
2026-10-02T01:47:20.1371778Z Get:2 http://azure.archive.ubuntu.com/ubuntu noble/universe amd64 fonts-ipafont-gothic all 00303-21ubuntu1 [3513 kB]
2026-10-02T01:47:20.3460550Z Get:3 http://azure.archive.ubuntu.com/ubuntu noble/main amd64 fonts-freefont-ttf all 20211204+svn4273-2 [5641 kB]
2026-10-02T01:47:20.5821070Z Get:4 http://azure.archive.ubuntu.com/ubuntu noble/universe amd64 fonts-tlwg-loma-otf all 1:0.7.3-1 [107 kB]
2026-10-02T01:47:20.6860625Z Get:5 http://azure.archive.ubuntu.com/ubuntu noble/universe amd64 fonts-unifont all 1:15.1.01-1build1 [2993 kB]
2026-10-02T01:47:20.8225234Z Get:6 http://azure.archive.ubuntu.com/ubuntu noble/universe amd64 fonts-wqy-zenhei all 0.9.45-8 [7472 kB]
2026-10-02T01:47:21.1486351Z Get:7 http://azure.archive.ubuntu.com/ubuntu noble-updates/main amd64 libgl1-mesa-dri amd64 25.2.8-0ubuntu0.24.04.3 [37.9 kB]
2026-10-02T01:47:21.2523087Z Get:8 http://azure.archive.ubuntu.com/ubuntu noble/main amd64 libwayland-server0 amd64 1.22.0-2.1build1 [33.9 kB]
2026-10-02T01:47:21.3569968Z Get:9 http://azure.archive.ubuntu.com/ubuntu noble-updates/main amd64 libglx-mesa0 amd64 25.2.8-0ubuntu0.24.04.3 [110 kB]
2026-10-02T01:47:21.4626219Z Get:10 http://azure.archive.ubuntu.com/ubuntu noble-updates/main amd64 libgbm1 amd64 25.2.8-0ubuntu0.24.04.3 [34.3 kB]
2026-10-02T01:47:21.5662289Z Get:11 http://azure.archive.ubuntu.com/ubuntu noble-updates/main amd64 mesa-libgallium amd64 25.2.8-0ubuntu0.24.04.3 [10.8 MB]
2026-10-02T01:47:22.0627461Z Get:12 http://azure.archive.ubuntu.com/ubuntu noble/main amd64 xfonts-encodings all 1:1.0.5-0ubuntu2 [578 kB]
2026-10-02T01:47:22.1834681Z Get:13 http://azure.archive.ubuntu.com/ubuntu noble/main amd64 xfonts-utils amd64 1:7.7+6build3 [94.4 kB]
2026-10-02T01:47:22.2886246Z Get:14 http://azure.archive.ubuntu.com/ubuntu noble/universe amd64 xfonts-cyrillic all 1:1.0.5+nmu1 [384 kB]
2026-10-02T01:47:22.4035374Z Get:15 http://azure.archive.ubuntu.com/ubuntu noble/main amd64 xfonts-scalable all 1:1.0.3-1.3 [304 kB]
2026-10-02T01:47:22.6596504Z Fetched 32.1 MB in 2s (13.4 MB/s)
2026-10-02T01:47:22.6825721Z Selecting previously unselected package fonts-ipafont-gothic.
2026-10-02T01:47:22.7081082Z (Reading database ... 
2026-10-02T01:47:22.7081466Z (Reading database ... 5%
2026-10-02T01:47:22.7081780Z (Reading database ... 10%
2026-10-02T01:47:22.7082081Z (Reading database ... 15%
2026-10-02T01:47:22.7082351Z (Reading database ... 20%
2026-10-02T01:47:22.7082636Z (Reading database ... 25%
2026-10-02T01:47:22.7082945Z (Reading database ... 30%
2026-10-02T01:47:22.7083280Z (Reading database ... 35%
2026-10-02T01:47:22.7083582Z (Reading database ... 40%
2026-10-02T01:47:22.7084692Z (Reading database ... 45%
2026-10-02T01:47:22.7085173Z (Reading database ... 50%
2026-10-02T01:47:22.7128307Z (Reading database ... 55%
2026-10-02T01:47:22.8134472Z (Reading database ... 60%
2026-10-02T01:47:23.0194749Z (Reading database ... 65%
2026-10-02T01:47:23.2235628Z (Reading database ... 70%
2026-10-02T01:47:23.4125275Z (Reading database ... 75%
2026-10-02T01:47:23.5269005Z (Reading database ... 80%
2026-10-02T01:47:23.7256717Z (Reading database ... 85%
2026-10-02T01:47:23.8335581Z (Reading database ... 90%
2026-10-02T01:47:23.9755098Z (Reading database ... 95%
2026-10-02T01:47:23.9755530Z (Reading database ... 100%
2026-10-02T01:47:23.9756113Z (Reading database ... 202296 files and directories currently installed.)
2026-10-02T01:47:23.9797288Z Preparing to unpack .../00-fonts-ipafont-gothic_00303-21ubuntu1_all.deb ...
2026-10-02T01:47:23.9890219Z Unpacking fonts-ipafont-gothic (00303-21ubuntu1) ...
2026-10-02T01:47:24.2159856Z Selecting previously unselected package fonts-freefont-ttf.
2026-10-02T01:47:24.2281527Z Preparing to unpack .../01-fonts-freefont-ttf_20211204+svn4273-2_all.deb ...
2026-10-02T01:47:24.2288768Z Unpacking fonts-freefont-ttf (20211204+svn4273-2) ...
2026-10-02T01:47:24.3102872Z Selecting previously unselected package fonts-tlwg-loma-otf.
2026-10-02T01:47:24.3227812Z Preparing to unpack .../02-fonts-tlwg-loma-otf_1%3a0.7.3-1_all.deb ...
2026-10-02T01:47:24.3235895Z Unpacking fonts-tlwg-loma-otf (1:0.7.3-1) ...
2026-10-02T01:47:24.3445066Z Selecting previously unselected package fonts-unifont.
2026-10-02T01:47:24.3566571Z Preparing to unpack .../03-fonts-unifont_1%3a15.1.01-1build1_all.deb ...
2026-10-02T01:47:24.3579667Z Unpacking fonts-unifont (1:15.1.01-1build1) ...
2026-10-02T01:47:24.4610963Z Selecting previously unselected package fonts-wqy-zenhei.
2026-10-02T01:47:24.4734750Z Preparing to unpack .../04-fonts-wqy-zenhei_0.9.45-8_all.deb ...
2026-10-02T01:47:24.4834408Z Unpacking fonts-wqy-zenhei (0.9.45-8) ...
2026-10-02T01:47:24.9554320Z Preparing to unpack .../05-libgl1-mesa-dri_25.2.8-0ubuntu0.24.04.3_amd64.deb ...
2026-10-02T01:47:24.9727337Z Unpacking libgl1-mesa-dri:amd64 (25.2.8-0ubuntu0.24.04.3) over (25.2.8-0ubuntu0.24.04.2) ...
2026-10-02T01:47:25.0104391Z Selecting previously unselected package libwayland-server0:amd64.
2026-10-02T01:47:25.0227511Z Preparing to unpack .../06-libwayland-server0_1.22.0-2.1build1_amd64.deb ...
2026-10-02T01:47:25.0245494Z Unpacking libwayland-server0:amd64 (1.22.0-2.1build1) ...
2026-10-02T01:47:25.0584007Z Preparing to unpack .../07-libglx-mesa0_25.2.8-0ubuntu0.24.04.3_amd64.deb ...
2026-10-02T01:47:25.0610050Z Unpacking libglx-mesa0:amd64 (25.2.8-0ubuntu0.24.04.3) over (25.2.8-0ubuntu0.24.04.2) ...
2026-10-02T01:47:25.1000167Z Preparing to unpack .../08-libgbm1_25.2.8-0ubuntu0.24.04.3_amd64.deb ...
2026-10-02T01:47:25.1023135Z Unpacking libgbm1:amd64 (25.2.8-0ubuntu0.24.04.3) over (25.2.8-0ubuntu0.24.04.2) ...
2026-10-02T01:47:25.1388262Z Preparing to unpack .../09-mesa-libgallium_25.2.8-0ubuntu0.24.04.3_amd64.deb ...
2026-10-02T01:47:25.1418555Z Unpacking mesa-libgallium:amd64 (25.2.8-0ubuntu0.24.04.3) over (25.2.8-0ubuntu0.24.04.2) ...
2026-10-02T01:47:25.3170201Z Selecting previously unselected package xfonts-encodings.
2026-10-02T01:47:25.3294440Z Preparing to unpack .../10-xfonts-encodings_1%3a1.0.5-0ubuntu2_all.deb ...
2026-10-02T01:47:25.3302912Z Unpacking xfonts-encodings (1:1.0.5-0ubuntu2) ...
2026-10-02T01:47:25.3594336Z Selecting previously unselected package xfonts-utils.
2026-10-02T01:47:25.3715733Z Preparing to unpack .../11-xfonts-utils_1%3a7.7+6build3_amd64.deb ...
2026-10-02T01:47:25.3725530Z Unpacking xfonts-utils (1:7.7+6build3) ...
2026-10-02T01:47:25.4071859Z Selecting previously unselected package xfonts-cyrillic.
2026-10-02T01:47:25.4195476Z Preparing to unpack .../12-xfonts-cyrillic_1%3a1.0.5+nmu1_all.deb ...
2026-10-02T01:47:25.4204034Z Unpacking xfonts-cyrillic (1:1.0.5+nmu1) ...
2026-10-02T01:47:25.4554513Z Selecting previously unselected package xfonts-scalable.
2026-10-02T01:47:25.4676760Z Preparing to unpack .../13-xfonts-scalable_1%3a1.0.3-1.3_all.deb ...
2026-10-02T01:47:25.4689866Z Unpacking xfonts-scalable (1:1.0.3-1.3) ...
2026-10-02T01:47:25.5126226Z Setting up libwayland-server0:amd64 (1.22.0-2.1build1) ...
2026-10-02T01:47:25.5150393Z Setting up mesa-libgallium:amd64 (25.2.8-0ubuntu0.24.04.3) ...
2026-10-02T01:47:25.5170947Z Setting up libgbm1:amd64 (25.2.8-0ubuntu0.24.04.3) ...
2026-10-02T01:47:25.5190292Z Setting up libgl1-mesa-dri:amd64 (25.2.8-0ubuntu0.24.04.3) ...
2026-10-02T01:47:25.5263972Z Setting up fonts-wqy-zenhei (0.9.45-8) ...
2026-10-02T01:47:25.5379387Z Setting up fonts-freefont-ttf (20211204+svn4273-2) ...
2026-10-02T01:47:25.5396597Z Setting up fonts-tlwg-loma-otf (1:0.7.3-1) ...
2026-10-02T01:47:25.5418785Z Setting up xfonts-encodings (1:1.0.5-0ubuntu2) ...
2026-10-02T01:47:25.5438304Z Setting up fonts-ipafont-gothic (00303-21ubuntu1) ...
2026-10-02T01:47:25.5507399Z update-alternatives: using /usr/share/fonts/opentype/ipafont-gothic/ipag.ttf to provide /usr/share/fonts/truetype/fonts-japanese-gothic.ttf (fonts-japanese-gothic.ttf) in auto mode
2026-10-02T01:47:25.5525158Z Setting up fonts-unifont (1:15.1.01-1build1) ...
2026-10-02T01:47:25.5546368Z Setting up libglx-mesa0:amd64 (25.2.8-0ubuntu0.24.04.3) ...
2026-10-02T01:47:25.5568919Z Setting up xfonts-utils (1:7.7+6build3) ...
2026-10-02T01:47:25.5610413Z Setting up xfonts-cyrillic (1:1.0.5+nmu1) ...
2026-10-02T01:47:25.5905293Z Setting up xfonts-scalable (1:1.0.3-1.3) ...
2026-10-02T01:47:25.6182353Z Processing triggers for libc-bin (2.39-0ubuntu8.9) ...
2026-10-02T01:47:25.6483549Z Processing triggers for man-db (2.12.0-4build2) ...
2026-10-02T01:47:25.6504885Z Not building database; man-db/auto-update is not 'true'.
2026-10-02T01:47:25.6521809Z Processing triggers for fontconfig (2.15.0-1.1ubuntu2) ...
2026-10-02T01:47:26.3546339Z 
2026-10-02T01:47:26.3546980Z Running kernel seems to be up-to-date.
2026-10-02T01:47:26.3547404Z 
2026-10-02T01:47:26.3547676Z No services need to be restarted.
2026-10-02T01:47:26.3548237Z 
2026-10-02T01:47:26.3548522Z No containers need to be restarted.
2026-10-02T01:47:26.3548841Z 
2026-10-02T01:47:26.3549167Z No user sessions are running outdated binaries.
2026-10-02T01:47:26.3549546Z 
2026-10-02T01:47:26.3550076Z No VM guests are running outdated hypervisor (qemu) binaries on this host.
2026-10-02T01:47:27.2067047Z Downloading Chrome for Testing 153.0.8010.12 (playwright chromium v1243) from https://cdn.playwright.dev/builds/cft/153.0.8010.12/linux64/chrome-linux64.zip
2026-10-02T01:47:27.5975759Z |                                                                                |   0% of 186.8 MiB
2026-10-02T01:47:27.8726211Z |■■■■■■■■                                                                        |  10% of 186.8 MiB
2026-10-02T01:47:28.0059709Z |■■■■■■■■■■■■■■■■                                                                |  20% of 186.8 MiB
2026-10-02T01:47:28.1069428Z |■■■■■■■■■■■■■■■■■■■■■■■■                                                        |  30% of 186.8 MiB
2026-10-02T01:47:28.1774210Z |■■■■■■■■■■■■■■■■■■■■■■■■■■■■■■■■                                                |  40% of 186.8 MiB
2026-10-02T01:47:28.2470463Z |■■■■■■■■■■■■■■■■■■■■■■■■■■■■■■■■■■■■■■■■                                        |  50% of 186.8 MiB
2026-10-02T01:47:28.3173423Z |■■■■■■■■■■■■■■■■■■■■■■■■■■■■■■■■■■■■■■■■■■■■■■■■                                |  60% of 186.8 MiB
2026-10-02T01:47:28.3881417Z |■■■■■■■■■■■■■■■■■■■■■■■■■■■■■■■■■■■■■■■■■■■■■■■■■■■■■■■■                        |  70% of 186.8 MiB
2026-10-02T01:47:28.4584740Z |■■■■■■■■■■■■■■■■■■■■■■■■■■■■■■■■■■■■■■■■■■■■■■■■■■■■■■■■■■■■■■■■                |  80% of 186.8 MiB
2026-10-02T01:47:28.5166198Z |■■■■■■■■■■■■■■■■■■■■■■■■■■■■■■■■■■■■■■■■■■■■■■■■■■■■■■■■■■■■■■■■■■■■■■■■        |  90% of 186.8 MiB
2026-10-02T01:47:28.5974291Z |■■■■■■■■■■■■■■■■■■■■■■■■■■■■■■■■■■■■■■■■■■■■■■■■■■■■■■■■■■■■■■■■■■■■■■■■■■■■■■■■| 100% of 186.8 MiB
2026-10-02T01:47:31.4278544Z Chrome for Testing 153.0.8010.12 (playwright chromium v1243) downloaded to /home/runner/.cache/ms-playwright/chromium-1243
2026-10-02T01:47:31.4281773Z Downloading FFmpeg (playwright ffmpeg v1011) from https://cdn.playwright.dev/dbazure/download/playwright/builds/ffmpeg/1011/ffmpeg-linux.zip
2026-10-02T01:47:31.8040041Z |                                                                                |   0% of 2.3 MiB
2026-10-02T01:47:31.8146809Z |■■■■■■■■                                                                        |  10% of 2.3 MiB
2026-10-02T01:47:31.8230143Z |■■■■■■■■■■■■■■■■                                                                |  20% of 2.3 MiB
2026-10-02T01:47:31.8269346Z |■■■■■■■■■■■■■■■■■■■■■■■■                                                        |  30% of 2.3 MiB
2026-10-02T01:47:31.8303823Z |■■■■■■■■■■■■■■■■■■■■■■■■■■■■■■■■                                                |  40% of 2.3 MiB
2026-10-02T01:47:31.8349655Z |■■■■■■■■■■■■■■■■■■■■■■■■■■■■■■■■■■■■■■■■                                        |  50% of 2.3 MiB
2026-10-02T01:47:31.8367309Z |■■■■■■■■■■■■■■■■■■■■■■■■■■■■■■■■■■■■■■■■■■■■■■■■                                |  60% of 2.3 MiB
2026-10-02T01:47:31.8387840Z |■■■■■■■■■■■■■■■■■■■■■■■■■■■■■■■■■■■■■■■■■■■■■■■■■■■■■■■■                        |  70% of 2.3 MiB
2026-10-02T01:47:31.8432352Z |■■■■■■■■■■■■■■■■■■■■■■■■■■■■■■■■■■■■■■■■■■■■■■■■■■■■■■■■■■■■■■■■                |  80% of 2.3 MiB
2026-10-02T01:47:31.8454808Z |■■■■■■■■■■■■■■■■■■■■■■■■■■■■■■■■■■■■■■■■■■■■■■■■■■■■■■■■■■■■■■■■■■■■■■■■        |  90% of 2.3 MiB
2026-10-02T01:47:31.8463718Z |■■■■■■■■■■■■■■■■■■■■■■■■■■■■■■■■■■■■■■■■■■■■■■■■■■■■■■■■■■■■■■■■■■■■■■■■■■■■■■■■| 100% of 2.3 MiB
2026-10-02T01:47:31.9102825Z FFmpeg (playwright ffmpeg v1011) downloaded to /home/runner/.cache/ms-playwright/ffmpeg-1011
2026-10-02T01:47:31.9248444Z ##[group]Run node -e 'const { chromium } = require("playwright-core"); const fs = require("node:fs"); const executable = chromium.executablePath(); fs.accessSync(executable, fs.constants.X_OK); fs.appendFileSync(process.env.GITHUB_ENV, `CHROMIUM_PATH=${executable}\n`);'
2026-10-02T01:47:31.9250382Z [36;1mnode -e 'const { chromium } = require("playwright-core"); const fs = require("node:fs"); const executable = chromium.executablePath(); fs.accessSync(executable, fs.constants.X_OK); fs.appendFileSync(process.env.GITHUB_ENV, `CHROMIUM_PATH=${executable}\n`);'[0m
2026-10-02T01:47:31.9314347Z shell: /usr/bin/bash -e {0}
2026-10-02T01:47:31.9314619Z ##[endgroup]
2026-10-02T01:47:32.2771008Z ##[group]Run npm run test:regressions
2026-10-02T01:47:32.2771560Z [36;1mnpm run test:regressions[0m
2026-10-02T01:47:32.2851923Z shell: /usr/bin/bash -e {0}
2026-10-02T01:47:32.2852231Z env:
2026-10-02T01:47:32.2852623Z   CHROMIUM_PATH: /home/runner/.cache/ms-playwright/chromium-1243/chrome-linux64/chrome
2026-10-02T01:47:32.2853121Z ##[endgroup]
2026-10-02T01:47:32.3886736Z 
2026-10-02T01:47:32.3887388Z > kid-games-playtests@1.0.0 test:regressions
2026-10-02T01:47:32.3888123Z > node regressions.cjs
2026-10-02T01:47:32.3888307Z 
2026-10-02T01:47:32.7023068Z Running 14 focused regression suites with /home/runner/.cache/ms-playwright/chromium-1243/chrome-linux64/chrome
2026-10-02T01:47:32.7023992Z 
2026-10-02T01:47:32.7859500Z --- craepets-family-restore.cjs ---
2026-10-02T01:47:32.7860159Z PASS jeannie rejects stats string
2026-10-02T01:47:32.7995293Z PASS jeannie rejects fractional house
2026-10-02T01:47:32.8139547Z PASS jeannie rejects review null
2026-10-02T01:47:32.8242895Z PASS jeannie rejects bag count string
2026-10-02T01:47:32.8355818Z PASS jeannie rejects subject stats string
2026-10-02T01:47:32.8468854Z PASS jeannie rejects room array
2026-10-02T01:47:32.8551850Z PASS jeannie rejects pet unknown species
2026-10-02T01:47:32.8623289Z PASS jeannie rejects pet unknown colour
2026-10-02T01:47:32.8702159Z PASS jeannie rejects blank name
2026-10-02T01:47:32.8793432Z PASS jeannie rejects invalid needs
2026-10-02T01:47:32.8872813Z PASS jeannie rejects bad diary
2026-10-02T01:47:32.8940050Z PASS jeannie rejects mail markup shape
2026-10-02T01:47:32.9025939Z PASS jeannie rejects invalid quest
2026-10-02T01:47:32.9106408Z PASS jeannie rejects bad coins
2026-10-02T01:47:32.9172268Z PASS jeannie rejects bad bank
2026-10-02T01:47:32.9244507Z PASS jeannie rejects seen string
2026-10-02T01:47:32.9314812Z PASS jeannie rejects pet array
2026-10-02T01:47:32.9395872Z PASS jeannie rejects bad version
2026-10-02T01:47:32.9462487Z PASS jeannie rejects review answer
2026-10-02T01:47:32.9538876Z PASS cory rejects stats string
2026-10-02T01:47:32.9614356Z PASS cory rejects fractional house
2026-10-02T01:47:32.9703187Z PASS cory rejects review null
2026-10-02T01:47:32.9771591Z PASS cory rejects bag count string
2026-10-02T01:47:32.9838341Z PASS cory rejects subject stats string
2026-10-02T01:47:32.9926244Z PASS cory rejects room array
2026-10-02T01:47:33.0007598Z PASS cory rejects pet unknown species
2026-10-02T01:47:33.0073597Z PASS cory rejects pet unknown colour
2026-10-02T01:47:33.0139566Z PASS cory rejects blank name
2026-10-02T01:47:33.0206268Z PASS cory rejects invalid needs
2026-10-02T01:47:33.0272611Z PASS cory rejects bad diary
2026-10-02T01:47:33.0348416Z PASS cory rejects mail markup shape
2026-10-02T01:47:33.0414579Z PASS cory rejects invalid quest
2026-10-02T01:47:33.0478792Z PASS cory rejects bad coins
2026-10-02T01:47:33.0544223Z PASS cory rejects bad bank
2026-10-02T01:47:33.0635437Z PASS cory rejects seen string
2026-10-02T01:47:33.0697481Z PASS cory rejects pet array
2026-10-02T01:47:33.0760968Z PASS cory rejects bad version
2026-10-02T01:47:33.0830537Z PASS cory rejects review answer
2026-10-02T01:47:33.0898849Z PASS ellie rejects stats string
2026-10-02T01:47:33.0975395Z PASS ellie rejects fractional house
2026-10-02T01:47:33.1051611Z PASS ellie rejects review null
2026-10-02T01:47:33.1127160Z PASS ellie rejects bag count string
2026-10-02T01:47:33.1202441Z PASS ellie rejects subject stats string
2026-10-02T01:47:33.1277663Z PASS ellie rejects room array
2026-10-02T01:47:33.1365611Z PASS ellie rejects pet unknown species
2026-10-02T01:47:33.1433221Z PASS ellie rejects pet unknown colour
2026-10-02T01:47:33.1501438Z PASS ellie rejects blank name
2026-10-02T01:47:33.1570426Z PASS ellie rejects invalid needs
2026-10-02T01:47:33.1642156Z PASS ellie rejects bad diary
2026-10-02T01:47:33.1718780Z PASS ellie rejects mail markup shape
2026-10-02T01:47:33.1795904Z PASS ellie rejects invalid quest
2026-10-02T01:47:33.1872166Z PASS ellie rejects bad coins
2026-10-02T01:47:33.1971519Z PASS ellie rejects bad bank
2026-10-02T01:47:33.2042447Z PASS ellie rejects seen string
2026-10-02T01:47:33.2105088Z PASS ellie rejects pet array
2026-10-02T01:47:33.2168255Z PASS ellie rejects bad version
2026-10-02T01:47:33.2238081Z PASS ellie rejects review answer
2026-10-02T01:47:33.2310214Z PASS kieran rejects stats string
2026-10-02T01:47:33.2382571Z PASS kieran rejects fractional house
2026-10-02T01:47:33.2455235Z PASS kieran rejects review null
2026-10-02T01:47:33.2526817Z PASS kieran rejects bag count string
2026-10-02T01:47:33.2625641Z PASS kieran rejects subject stats string
2026-10-02T01:47:33.2698074Z PASS kieran rejects room array
2026-10-02T01:47:33.2768631Z PASS kieran rejects pet unknown species
2026-10-02T01:47:33.2839698Z PASS kieran rejects pet unknown colour
2026-10-02T01:47:33.2909985Z PASS kieran rejects blank name
2026-10-02T01:47:33.2982115Z PASS kieran rejects invalid needs
2026-10-02T01:47:33.3055286Z PASS kieran rejects bad diary
2026-10-02T01:47:33.3127302Z PASS kieran rejects mail markup shape
2026-10-02T01:47:33.3224965Z PASS kieran rejects invalid quest
2026-10-02T01:47:33.3296824Z PASS kieran rejects bad coins
2026-10-02T01:47:33.3369047Z PASS kieran rejects bad bank
2026-10-02T01:47:33.3440575Z PASS kieran rejects seen string
2026-10-02T01:47:33.3503558Z PASS kieran rejects pet array
2026-10-02T01:47:33.3565849Z PASS kieran rejects bad version
2026-10-02T01:47:33.3637334Z PASS kieran rejects review answer
2026-10-02T01:47:33.3710331Z PASS shannon rejects stats string
2026-10-02T01:47:33.3784246Z PASS shannon rejects fractional house
2026-10-02T01:47:33.3886553Z PASS shannon rejects review null
2026-10-02T01:47:33.3958942Z PASS shannon rejects bag count string
2026-10-02T01:47:33.4031515Z PASS shannon rejects subject stats string
2026-10-02T01:47:33.4105044Z PASS shannon rejects room array
2026-10-02T01:47:33.4176899Z PASS shannon rejects pet unknown species
2026-10-02T01:47:33.4248655Z PASS shannon rejects pet unknown colour
2026-10-02T01:47:33.4320053Z PASS shannon rejects blank name
2026-10-02T01:47:33.4394255Z PASS shannon rejects invalid needs
2026-10-02T01:47:33.4522444Z PASS shannon rejects bad diary
2026-10-02T01:47:33.4593734Z PASS shannon rejects mail markup shape
2026-10-02T01:47:33.4665504Z PASS shannon rejects invalid quest
2026-10-02T01:47:33.4737601Z PASS shannon rejects bad coins
2026-10-02T01:47:33.4809964Z PASS shannon rejects bad bank
2026-10-02T01:47:33.4883525Z PASS shannon rejects seen string
2026-10-02T01:47:33.4957558Z PASS shannon rejects pet array
2026-10-02T01:47:33.5019348Z PASS shannon rejects bad version
2026-10-02T01:47:33.5091043Z PASS shannon rejects review answer
2026-10-02T01:47:33.5166432Z PASS tristan rejects stats string
2026-10-02T01:47:33.5257048Z PASS tristan rejects fractional house
2026-10-02T01:47:33.5330173Z PASS tristan rejects review null
2026-10-02T01:47:33.5403170Z PASS tristan rejects bag count string
2026-10-02T01:47:33.5478130Z PASS tristan rejects subject stats string
2026-10-02T01:47:33.5551720Z PASS tristan rejects room array
2026-10-02T01:47:33.5623888Z PASS tristan rejects pet unknown species
2026-10-02T01:47:33.5695750Z PASS tristan rejects pet unknown colour
2026-10-02T01:47:33.5767407Z PASS tristan rejects blank name
2026-10-02T01:47:33.5863445Z PASS tristan rejects invalid needs
2026-10-02T01:47:33.5937171Z PASS tristan rejects bad diary
2026-10-02T01:47:33.6010721Z PASS tristan rejects mail markup shape
2026-10-02T01:47:33.6084232Z PASS tristan rejects invalid quest
2026-10-02T01:47:33.6156263Z PASS tristan rejects bad coins
2026-10-02T01:47:33.6229143Z PASS tristan rejects bad bank
2026-10-02T01:47:33.6302336Z PASS tristan rejects seen string
2026-10-02T01:47:33.6364106Z PASS tristan rejects pet array
2026-10-02T01:47:33.6425631Z PASS tristan rejects bad version
2026-10-02T01:47:33.6519935Z PASS tristan rejects review answer
2026-10-02T01:47:33.6594789Z PASS guest rejects stats string
2026-10-02T01:47:33.6671671Z PASS guest rejects fractional house
2026-10-02T01:47:33.6750440Z PASS guest rejects review null
2026-10-02T01:47:33.6834937Z PASS guest rejects bag count string
2026-10-02T01:47:33.6909879Z PASS guest rejects subject stats string
2026-10-02T01:47:33.6984698Z PASS guest rejects room array
2026-10-02T01:47:33.7081554Z PASS guest rejects pet unknown species
2026-10-02T01:47:33.7180219Z PASS guest rejects pet unknown colour
2026-10-02T01:47:33.7254153Z PASS guest rejects blank name
2026-10-02T01:47:33.7359565Z PASS guest rejects invalid needs
2026-10-02T01:47:33.7434761Z PASS guest rejects bad diary
2026-10-02T01:47:33.7541619Z PASS guest rejects mail markup shape
2026-10-02T01:47:33.7636424Z PASS guest rejects invalid quest
2026-10-02T01:47:33.7711415Z PASS guest rejects bad coins
2026-10-02T01:47:33.7788724Z PASS guest rejects bad bank
2026-10-02T01:47:33.7887177Z PASS guest rejects seen string
2026-10-02T01:47:33.7948905Z PASS guest rejects pet array
2026-10-02T01:47:33.8036941Z PASS guest rejects bad version
2026-10-02T01:47:33.8115877Z PASS guest rejects review answer
2026-10-02T01:47:33.8198154Z PASS invalid JSON
2026-10-02T01:47:33.8265836Z PASS empty family
2026-10-02T01:47:33.8350334Z PASS unknown ID
2026-10-02T01:47:33.8436901Z PASS array profiles
2026-10-02T01:47:33.8532636Z PASS unsupported family version
2026-10-02T01:47:33.8736517Z PASS prepare is detached; all seven profiles retain tier, progress and namespaces
2026-10-02T01:47:33.8805754Z PASS jeannie legacy single-pet normalization
2026-10-02T01:47:33.8867235Z PASS cory legacy single-pet normalization
2026-10-02T01:47:33.8937292Z PASS ellie legacy single-pet normalization
2026-10-02T01:47:33.8997831Z PASS kieran legacy single-pet normalization
2026-10-02T01:47:33.9058401Z PASS shannon legacy single-pet normalization
2026-10-02T01:47:33.9153687Z PASS tristan legacy single-pet normalization
2026-10-02T01:47:33.9243592Z PASS guest legacy single-pet normalization
2026-10-02T01:47:33.9326164Z PASS jeannie failed target write restores all original bytes
2026-10-02T01:47:33.9431489Z PASS cory failed target write restores all original bytes
2026-10-02T01:47:33.9509995Z PASS ellie failed target write restores all original bytes
2026-10-02T01:47:33.9589973Z PASS kieran failed target write restores all original bytes
2026-10-02T01:47:33.9668514Z PASS shannon failed target write restores all original bytes
2026-10-02T01:47:33.9748739Z PASS tristan failed target write restores all original bytes
2026-10-02T01:47:33.9830544Z PASS guest failed target write restores all original bytes
2026-10-02T01:47:33.9907899Z PASS failure at craepets.house.import-recovery.v1
2026-10-02T01:47:34.0020853Z PASS failure at craepets.house.reset.cory
2026-10-02T01:47:34.0103495Z PASS failure at craepets.house.who
2026-10-02T01:47:34.0187669Z PASS size quota rollback frees changed pets before restoring larger old bytes
2026-10-02T01:47:34.0358565Z PASS persistent rollback failure preserves journal, blocks writes and recovers on next boot
2026-10-02T01:47:34.0931758Z PASS full/malformed/foreign-key journals safely refuse imports
2026-10-02T01:47:34.0991924Z PASS pending recovery failure blocks boot auto-copy
2026-10-02T01:47:34.1088353Z PASS pending journal acknowledgment failure refuses import without stale writes
2026-10-02T01:47:34.1226662Z PASS completed journal acknowledgment failure reports uncertainty and pauses stale engine
2026-10-02T01:47:34.1283076Z PASS pending boot preserves exact damaged previous bytes instead of automatic recopy
2026-10-02T01:47:34.1285403Z PASS family restore: 163 production checks; seven profile namespaces, malformed state, exact-byte recovery, real size quota and interrupted recovery.
2026-10-02T01:47:34.1405612Z PASS: craepets-family-restore.cjs (1.4s)
2026-10-02T01:47:34.1406585Z 
2026-10-02T01:47:34.1406913Z --- craepets-family-restore-browser.cjs ---
2026-10-02T01:47:38.1221097Z PASS family restore Chromium Desktop: real file preview/apply, seven profiles, literal text, quota retry, interrupted recovery/reload, original export and isolation.
2026-10-02T01:47:40.5281163Z PASS family restore Chromium iPad: real file preview/apply, seven profiles, literal text, quota retry, interrupted recovery/reload, original export and isolation.
2026-10-02T01:47:42.9242416Z PASS family restore Chromium iPhone: real file preview/apply, seven profiles, literal text, quota retry, interrupted recovery/reload, original export and isolation.
2026-10-02T01:47:43.1920868Z PASS: craepets-family-restore-browser.cjs (9.1s)
2026-10-02T01:47:43.1921426Z 
2026-10-02T01:47:43.1921713Z --- post-office-storage.cjs ---
2026-10-02T01:47:43.2209867Z PASS normal saves and key ordering do not create recovery copies
2026-10-02T01:47:43.2226551Z PASS all six drafts and valid family mail survive mixed damage without read-time writes
2026-10-02T01:47:43.2231204Z PASS invalid letter 0 cannot hide a valid sibling
2026-10-02T01:47:43.2232598Z PASS invalid letter 1 cannot hide a valid sibling
2026-10-02T01:47:43.2234478Z PASS invalid letter 2 cannot hide a valid sibling
2026-10-02T01:47:43.2236846Z PASS invalid letter 3 cannot hide a valid sibling
2026-10-02T01:47:43.2239874Z PASS invalid letter 4 cannot hide a valid sibling
2026-10-02T01:47:43.2241546Z PASS invalid letter 5 cannot hide a valid sibling
2026-10-02T01:47:43.2244272Z PASS invalid letter 6 cannot hide a valid sibling
2026-10-02T01:47:43.2249815Z PASS invalid letter 7 cannot hide a valid sibling
2026-10-02T01:47:43.2252533Z PASS invalid letter 8 cannot hide a valid sibling
2026-10-02T01:47:43.2254025Z PASS invalid letter 9 cannot hide a valid sibling
2026-10-02T01:47:43.2269149Z PASS invalid letter 10 cannot hide a valid sibling
2026-10-02T01:47:43.2274211Z PASS invalid letter 11 cannot hide a valid sibling
2026-10-02T01:47:43.2274930Z PASS invalid letter 12 cannot hide a valid sibling
2026-10-02T01:47:43.2275682Z PASS invalid letter 13 cannot hide a valid sibling
2026-10-02T01:47:43.2276437Z PASS invalid letter 14 cannot hide a valid sibling
2026-10-02T01:47:43.2277174Z PASS invalid letter 15 cannot hide a valid sibling
2026-10-02T01:47:43.2277877Z PASS invalid letter 16 cannot hide a valid sibling
2026-10-02T01:47:43.2278841Z PASS invalid letter 17 cannot hide a valid sibling
2026-10-02T01:47:43.2279526Z PASS invalid letter 18 cannot hide a valid sibling
2026-10-02T01:47:43.2280219Z PASS invalid letter 19 cannot hide a valid sibling
2026-10-02T01:47:43.2280902Z PASS invalid letter 20 cannot hide a valid sibling
2026-10-02T01:47:43.2281573Z PASS invalid letter 21 cannot hide a valid sibling
2026-10-02T01:47:43.2282255Z PASS invalid letter 22 cannot hide a valid sibling
2026-10-02T01:47:43.2282933Z PASS invalid letter 23 cannot hide a valid sibling
2026-10-02T01:47:43.2283601Z PASS invalid letter 24 cannot hide a valid sibling
2026-10-02T01:47:43.2284277Z PASS invalid letter 25 cannot hide a valid sibling
2026-10-02T01:47:43.2284945Z PASS invalid letter 26 cannot hide a valid sibling
2026-10-02T01:47:43.2285642Z PASS invalid letter 27 cannot hide a valid sibling
2026-10-02T01:47:43.2286308Z PASS invalid letter 28 cannot hide a valid sibling
2026-10-02T01:47:43.2286981Z PASS invalid letter 29 cannot hide a valid sibling
2026-10-02T01:47:43.2291231Z PASS invalid letter 30 cannot hide a valid sibling
2026-10-02T01:47:43.2292137Z PASS invalid letter 31 cannot hide a valid sibling
2026-10-02T01:47:43.2292992Z PASS invalid letter 32 cannot hide a valid sibling
2026-10-02T01:47:43.2293786Z PASS invalid letter 33 cannot hide a valid sibling
2026-10-02T01:47:43.2318938Z PASS invalid letter 34 cannot hide a valid sibling
2026-10-02T01:47:43.2320156Z PASS invalid letter 35 cannot hide a valid sibling
2026-10-02T01:47:43.2321147Z PASS malformed draft repair preserves jeannie text and isolates recipients
2026-10-02T01:47:43.2322308Z PASS malformed draft repair preserves cory text and isolates recipients
2026-10-02T01:47:43.2323397Z PASS malformed draft repair preserves ellie text and isolates recipients
2026-10-02T01:47:43.2324463Z PASS malformed draft repair preserves kieran text and isolates recipients
2026-10-02T01:47:43.2325516Z PASS malformed draft repair preserves shannon text and isolates recipients
2026-10-02T01:47:43.2326823Z PASS malformed draft repair preserves tristan text and isolates recipients
2026-10-02T01:47:43.2327826Z PASS bad draft body cannot reach trim and valid siblings survive
2026-10-02T01:47:43.2329015Z PASS old Dad draft migration uses only own known IDs
2026-10-02T01:47:43.2329949Z PASS unusable snapshot stays intact until protected repair: {broken
2026-10-02T01:47:43.2330950Z PASS unusable snapshot stays intact until protected repair: null
2026-10-02T01:47:43.2331915Z PASS unusable snapshot stays intact until protected repair: []
2026-10-02T01:47:43.2332875Z PASS unusable snapshot stays intact until protected repair: 45
2026-10-02T01:47:43.2333852Z PASS unusable snapshot stays intact until protected repair: "broken"
2026-10-02T01:47:43.2334746Z PASS backup quota failure refuses original overwrite and warns
2026-10-02T01:47:43.2335766Z PASS mailbag quota failure retains the already captured damaged bytes
2026-10-02T01:47:43.2336879Z PASS distinct recovery copies are append-only, deduplicated and bounded
2026-10-02T01:47:43.2337822Z PASS damaged recovery storage is never overwritten
2026-10-02T01:47:43.2339245Z PASS duplicate IDs cannot bind readers to multiple letters
2026-10-02T01:47:43.2346266Z Post Office storage regressions: 56 checks passed.
2026-10-02T01:47:43.2371613Z PASS: post-office-storage.cjs (0.0s)
2026-10-02T01:47:43.2371982Z 
2026-10-02T01:47:43.2372299Z --- post-office-storage-browser.cjs ---
2026-10-02T01:48:16.2819795Z PASS Post Office Desktop: damaged save recovery, six drafts, real storage events, rebound read/delete, removed/switch reader cancellation, sender preview, quota retry, reload, namespaces and literal text
2026-10-02T01:48:47.4952485Z PASS Post Office iPad: damaged save recovery, six drafts, real storage events, rebound read/delete, removed/switch reader cancellation, sender preview, quota retry, reload, namespaces and literal text
2026-10-02T01:49:25.7934288Z PASS Post Office iPhone: damaged save recovery, six drafts, real storage events, rebound read/delete, removed/switch reader cancellation, sender preview, quota retry, reload, namespaces and literal text
2026-10-02T01:49:25.8760257Z PASS: post-office-storage-browser.cjs (102.6s)
2026-10-02T01:49:25.8760901Z 
2026-10-02T01:49:25.8761142Z --- craepets-import.cjs ---
2026-10-02T01:49:26.2992841Z PASS games/craepets/craepets.js [craepets.] import transactions: 53 invalid backups, storage failure, full and legacy transfers, reload, house progress and shared-profile interoperability
2026-10-02T01:49:26.6743827Z PASS house-test/engine.js [craepets.house.] import transactions: 53 invalid backups, storage failure, full and legacy transfers, reload, house progress and shared-profile interoperability
2026-10-02T01:49:27.0424909Z PASS house-test/engine.js [craepets.] import transactions: 53 invalid backups, storage failure, full and legacy transfers, reload, house progress and shared-profile interoperability
2026-10-02T01:49:27.0575799Z PASS: craepets-import.cjs (1.2s)
2026-10-02T01:49:27.0576052Z 
2026-10-02T01:49:27.0576234Z --- craepets-import-browser.cjs ---
2026-10-02T01:49:31.9029392Z PASS game import browser checks at desktop/phone
2026-10-02T01:49:35.5021049Z PASS house import browser checks at desktop/phone
2026-10-02T01:49:40.6447142Z PASS shared import browser checks at desktop/phone
2026-10-02T01:49:40.6449816Z PASS Craepets browser imports: rejected files and quota failure preserve active lessons; current and legacy transfers reload and play on desktop/phone in game, standalone-house and shared-house modes
2026-10-02T01:49:40.7401084Z PASS: craepets-import-browser.cjs (13.7s)
2026-10-02T01:49:40.7401598Z 
2026-10-02T01:49:40.7401912Z --- shared-media-lifecycle.cjs ---
2026-10-02T01:49:40.8459732Z PASS shared media: canceled narration, audio failure recovery, bounded effects, live preferences, and background cleanup
2026-10-02T01:49:40.8517082Z PASS: shared-media-lifecycle.cjs (0.1s)
2026-10-02T01:49:40.8517356Z 
2026-10-02T01:49:40.8517534Z --- photo-daily-assignment.cjs ---
2026-10-02T01:49:40.8962582Z PASS: Photo daily assignments (300 date/explorer/unlock cases; 101 compatible low-bit hashes, 149 high-bit hashes), real map rendering and one daily reward
2026-10-02T01:49:40.8998199Z PASS: photo-daily-assignment.cjs (0.0s)
2026-10-02T01:49:40.8998625Z 
2026-10-02T01:49:40.8998857Z --- arcade-usability.cjs ---
2026-10-02T01:49:42.1693502Z PASS: corrupt saved preferences, canonical resume metadata and keyboard navigation
2026-10-02T01:49:42.8748373Z PASS: search, kid filters, result status, empty state, reset and reduced motion at 1280px
2026-10-02T01:49:43.5190976Z PASS: search, kid filters, result status, empty state, reset and reduced motion at 320px
2026-10-02T01:49:43.9618748Z PASS: arcade remains playable without localStorage; Surprise me respects search
2026-10-02T01:49:44.0544724Z PASS: arcade-usability.cjs (3.2s)
2026-10-02T01:49:44.0545157Z 
2026-10-02T01:49:44.0545464Z --- math-reliability.test.js ---
2026-10-02T01:49:50.0550696Z Math/logic reliability checks passed (5 games, numeric answers, blocked storage, damaged saves, immediate reload and phone layouts).
2026-10-02T01:49:50.4483703Z PASS: math-reliability.test.js (6.4s)
2026-10-02T01:49:50.4484150Z 
2026-10-02T01:49:50.4484362Z --- service-worker.cjs ---
2026-10-02T01:49:52.9257526Z PASS: scoped cache cleanup, safe bounded warming, module refresh, nested/dynamic imports offline, partial responses, correct fallback URL
2026-10-02T01:49:53.0092415Z PASS: service-worker.cjs (2.6s)
2026-10-02T01:49:53.0092695Z 
2026-10-02T01:49:53.0092868Z --- young-games-regressions.js ---
2026-10-02T01:50:04.6488572Z PASS young games: Desktop
2026-10-02T01:50:15.4615198Z PASS young games: Phone
2026-10-02T01:50:16.4434633Z PASS young games: corrupt and blocked saves
2026-10-02T01:50:16.5260511Z PASS: young-games-regressions.js (23.5s)
2026-10-02T01:50:16.5260963Z 
2026-10-02T01:50:16.5261248Z --- word-puzzles-lifecycle.cjs ---
2026-10-02T01:50:18.5896796Z PASS word puzzles: Desktop, duplicate submit, disabled cards, solve/hint cancellation, stopped/restored clocks, Clear and crossing direction
2026-10-02T01:50:20.0893941Z PASS word puzzles: Phone, duplicate submit, disabled cards, solve/hint cancellation, stopped/restored clocks, Clear and crossing direction
2026-10-02T01:50:20.1776246Z PASS: word-puzzles-lifecycle.cjs (3.7s)
2026-10-02T01:50:20.1776556Z 
2026-10-02T01:50:20.1776736Z --- three-model-visuals.cjs ---
2026-10-02T01:50:56.5535961Z ##[error]The operation was canceled.
2026-10-02T01:50:56.5790400Z Post job cleanup.
2026-10-02T01:50:56.7202840Z [command]/usr/bin/git version
2026-10-02T01:50:56.7301657Z git version 2.55.0
2026-10-02T01:50:56.7473782Z Temporarily overriding HOME='/home/runner/work/_temp/097c3a56-f9ff-4b05-8501-03b868205ff1' before making global git config changes
2026-10-02T01:50:56.7480097Z Adding repository directory to the temporary git global config as a safe directory
2026-10-02T01:50:56.7482125Z [command]/usr/bin/git config --global --add safe.directory /home/runner/work/Kid-games/Kid-games
2026-10-02T01:50:56.7484787Z [command]/usr/bin/git config --local --name-only --get-regexp core\.sshCommand
2026-10-02T01:50:56.7488209Z [command]/usr/bin/git submodule foreach --recursive sh -c "git config --local --name-only --get-regexp 'core\.sshCommand' && git config --local --unset-all 'core.sshCommand' || :"
2026-10-02T01:50:56.7969490Z [command]/usr/bin/git config --local --name-only --get-regexp http\.https\:\/\/github\.com\/\.extraheader
2026-10-02T01:50:56.8031580Z http.https://github.com/.extraheader
2026-10-02T01:50:56.8065818Z [command]/usr/bin/git config --local --unset-all http.https://github.com/.extraheader
2026-10-02T01:50:56.8130148Z [command]/usr/bin/git submodule foreach --recursive sh -c "git config --local --name-only --get-regexp 'http\.https\:\/\/github\.com\/\.extraheader' && git config --local --unset-all 'http.https://github.com/.extraheader' || :"
2026-10-02T01:50:56.8577621Z [command]/usr/bin/git config --local --name-only --get-regexp ^includeIf\.gitdir:
2026-10-02T01:50:56.8642785Z [command]/usr/bin/git submodule foreach --recursive git config --local --show-origin --name-only --get-regexp remote.origin.url
2026-10-02T01:50:56.9097544Z Cleaning up orphan processes
2026-10-02T01:50:56.9543041Z Terminate orphan process: pid (3136) (npm run test:regressions)
2026-10-02T01:50:56.9605577Z Terminate orphan process: pid (3147) (sh)
2026-10-02T01:50:56.9635077Z Terminate orphan process: pid (3148) (node)
2026-10-02T01:50:56.9687442Z Terminate orphan process: pid (5161) (node)
2026-10-02T01:50:56.9753211Z Terminate orphan process: pid (5173) (chrome)
2026-10-02T01:50:56.9796884Z Terminate orphan process: pid (5175) (chrome_crashpad_handler)
2026-10-02T01:50:56.9839800Z Terminate orphan process: pid (5177) (chrome_crashpad_handler)
2026-10-02T01:50:57.0004829Z ##[warning]Node.js 20 is deprecated. The following actions target Node.js 20 but are being forced to run on Node.js 24: actions/checkout@v4, actions/setup-node@v4. For more information see: https://github.blog/changelog/2025-09-19-deprecation-of-node-20-on-github-actions-runners/
