2026-10-02T01:39:15.6322409Z Current runner version: '2.337.0'
2026-10-02T01:39:15.6342315Z ##[group]Runner Image Provisioner
2026-10-02T01:39:15.6343160Z Hosted Compute Agent
2026-10-02T01:39:15.6343655Z Version: 20260901.588
2026-10-02T01:39:15.6344172Z Commit: f88ec8081b781fac6c440065ac7ff9e710ce3d0b
2026-10-02T01:39:15.6344827Z Build Date: 2026-09-01T19:56:44Z
2026-10-02T01:39:15.6345405Z Worker ID: {3de34ce3-f2a4-42b6-a56a-52a2a31911d3}
2026-10-02T01:39:15.6345976Z Azure Region: westus3
2026-10-02T01:39:15.6346509Z ##[endgroup]
2026-10-02T01:39:15.6347586Z ##[group]Operating System
2026-10-02T01:39:15.6348122Z Ubuntu
2026-10-02T01:39:15.6348633Z 24.04.5
2026-10-02T01:39:15.6349048Z LTS
2026-10-02T01:39:15.6349523Z ##[endgroup]
2026-10-02T01:39:15.6349972Z ##[group]Runner Image
2026-10-02T01:39:15.6350488Z Image: ubuntu-24.04
2026-10-02T01:39:15.6350996Z Version: 20260927.320.1
2026-10-02T01:39:15.6352362Z Included Software: https://github.com/actions/runner-images/blob/ubuntu24/20260927.320/images/ubuntu/Ubuntu2404-Readme.md
2026-10-02T01:39:15.6353623Z Image Release: https://github.com/actions/runner-images/releases/tag/ubuntu24%2F20260927.320
2026-10-02T01:39:15.6354455Z ##[endgroup]
2026-10-02T01:39:15.6355395Z ##[group]GITHUB_TOKEN Permissions
2026-10-02T01:39:15.6356975Z Contents: read
2026-10-02T01:39:15.6357474Z Metadata: read
2026-10-02T01:39:15.6357934Z ##[endgroup]
2026-10-02T01:39:15.6359598Z Secret source: Actions
2026-10-02T01:39:15.6360397Z Cache mode: write
2026-10-02T01:39:15.6361026Z Prepare workflow directory
2026-10-02T01:39:15.6671448Z Prepare all required actions
2026-10-02T01:39:15.6710428Z Getting action download info
2026-10-02T01:39:15.9677142Z Download action repository 'actions/checkout@v4' (SHA:11d5960a326750d5838078e36cf38b85af677262)
2026-10-02T01:39:16.0740480Z Download action repository 'actions/setup-node@v4' (SHA:49933ea5288caeca8642d1e84afbd3f7d6820020)
2026-10-02T01:39:16.2770147Z Complete job name: regressions
2026-10-02T01:39:16.3363533Z ##[group]Run actions/checkout@v4
2026-10-02T01:39:16.3364183Z with:
2026-10-02T01:39:16.3364557Z   repository: trimcrae/Kid-games
2026-10-02T01:39:16.3367798Z   token: ***
2026-10-02T01:39:16.3368144Z   ssh-strict: true
2026-10-02T01:39:16.3368490Z   ssh-user: git
2026-10-02T01:39:16.3368840Z   persist-credentials: true
2026-10-02T01:39:16.3369226Z   clean: true
2026-10-02T01:39:16.3369577Z   sparse-checkout-cone-mode: true
2026-10-02T01:39:16.3369983Z   fetch-depth: 1
2026-10-02T01:39:16.3370321Z   fetch-tags: false
2026-10-02T01:39:16.3370668Z   show-progress: true
2026-10-02T01:39:16.3371016Z   lfs: false
2026-10-02T01:39:16.3371344Z   submodules: false
2026-10-02T01:39:16.3371704Z   set-safe-directory: true
2026-10-02T01:39:16.3372248Z   allow-unsafe-pr-checkout: false
2026-10-02T01:39:16.3372822Z ##[endgroup]
2026-10-02T01:39:16.4171210Z Syncing repository: trimcrae/Kid-games
2026-10-02T01:39:16.4172909Z ##[group]Getting Git version info
2026-10-02T01:39:16.4173578Z Working directory is '/home/runner/work/Kid-games/Kid-games'
2026-10-02T01:39:16.4174412Z [command]/usr/bin/git version
2026-10-02T01:39:16.4212707Z git version 2.55.0
2026-10-02T01:39:16.4227655Z ##[endgroup]
2026-10-02T01:39:16.4247465Z Temporarily overriding HOME='/home/runner/work/_temp/c3c76614-4727-4073-a00f-a453e52147c7' before making global git config changes
2026-10-02T01:39:16.4248544Z Adding repository directory to the temporary git global config as a safe directory
2026-10-02T01:39:16.4251561Z [command]/usr/bin/git config --global --add safe.directory /home/runner/work/Kid-games/Kid-games
2026-10-02T01:39:16.4289551Z Deleting the contents of '/home/runner/work/Kid-games/Kid-games'
2026-10-02T01:39:16.4292938Z ##[group]Initializing the repository
2026-10-02T01:39:16.4295746Z [command]/usr/bin/git init /home/runner/work/Kid-games/Kid-games
2026-10-02T01:39:16.4364357Z hint: Using 'master' as the name for the initial branch. This default branch name
2026-10-02T01:39:16.4365630Z hint: will change to "main" in Git 3.0. To configure the initial branch name
2026-10-02T01:39:16.4366787Z hint: to use in all of your new repositories, which will suppress this warning,
2026-10-02T01:39:16.4367985Z hint: call:
2026-10-02T01:39:16.4368472Z hint:
2026-10-02T01:39:16.4369103Z hint: 	git config --global init.defaultBranch <name>
2026-10-02T01:39:16.4369858Z hint:
2026-10-02T01:39:16.4370569Z hint: Names commonly chosen instead of 'master' are 'main', 'trunk' and
2026-10-02T01:39:16.4371722Z hint: 'development'. The just-created branch can be renamed via this command:
2026-10-02T01:39:16.4372848Z hint:
2026-10-02T01:39:16.4373351Z hint: 	git branch -m <name>
2026-10-02T01:39:16.4373930Z hint:
2026-10-02T01:39:16.4374698Z hint: Disable this message with "git config set advice.defaultBranchName false"
2026-10-02T01:39:16.4385295Z Initialized empty Git repository in /home/runner/work/Kid-games/Kid-games/.git/
2026-10-02T01:39:16.4388177Z [command]/usr/bin/git remote add origin https://github.com/trimcrae/Kid-games
2026-10-02T01:39:16.4425684Z ##[endgroup]
2026-10-02T01:39:16.4426716Z ##[group]Disabling automatic garbage collection
2026-10-02T01:39:16.4429153Z [command]/usr/bin/git config --local gc.auto 0
2026-10-02T01:39:16.4457059Z ##[endgroup]
2026-10-02T01:39:16.4457934Z ##[group]Setting up auth
2026-10-02T01:39:16.4462487Z [command]/usr/bin/git config --local --name-only --get-regexp core\.sshCommand
2026-10-02T01:39:16.4489529Z [command]/usr/bin/git submodule foreach --recursive sh -c "git config --local --name-only --get-regexp 'core\.sshCommand' && git config --local --unset-all 'core.sshCommand' || :"
2026-10-02T01:39:16.4773353Z [command]/usr/bin/git config --local --name-only --get-regexp http\.https\:\/\/github\.com\/\.extraheader
2026-10-02T01:39:16.4805587Z [command]/usr/bin/git submodule foreach --recursive sh -c "git config --local --name-only --get-regexp 'http\.https\:\/\/github\.com\/\.extraheader' && git config --local --unset-all 'http.https://github.com/.extraheader' || :"
2026-10-02T01:39:16.5043626Z [command]/usr/bin/git config --local --name-only --get-regexp ^includeIf\.gitdir:
2026-10-02T01:39:16.5073613Z [command]/usr/bin/git submodule foreach --recursive git config --local --show-origin --name-only --get-regexp remote.origin.url
2026-10-02T01:39:16.5261292Z [command]/usr/bin/git config --local http.https://github.com/.extraheader AUTHORIZATION: basic ***
2026-10-02T01:39:16.5296974Z ##[endgroup]
2026-10-02T01:39:16.5297665Z ##[group]Fetching the repository
2026-10-02T01:39:16.5304403Z [command]/usr/bin/git -c protocol.version=2 fetch --no-tags --prune --no-recurse-submodules --depth=1 origin +f65e1146b107ca63bf63319647f883c6069d0405:refs/remotes/pull/4/merge
2026-10-02T01:39:29.9838600Z From https://github.com/trimcrae/Kid-games
2026-10-02T01:39:29.9839242Z  * [new ref]         f65e1146b107ca63bf63319647f883c6069d0405 -> pull/4/merge
2026-10-02T01:39:29.9842454Z ##[endgroup]
2026-10-02T01:39:29.9843155Z ##[group]Determining the checkout info
2026-10-02T01:39:29.9845052Z ##[endgroup]
2026-10-02T01:39:29.9850183Z [command]/usr/bin/git sparse-checkout disable
2026-10-02T01:39:29.9893179Z [command]/usr/bin/git config --local --unset-all extensions.worktreeConfig
2026-10-02T01:39:29.9921556Z ##[group]Checking out the ref
2026-10-02T01:39:29.9924013Z [command]/usr/bin/git checkout --progress --force refs/remotes/pull/4/merge
2026-10-02T01:39:30.7016922Z Note: switching to 'refs/remotes/pull/4/merge'.
2026-10-02T01:39:30.7017914Z 
2026-10-02T01:39:30.7018238Z You are in 'detached HEAD' state. You can look around, make experimental
2026-10-02T01:39:30.7018871Z changes and commit them, and you can discard any commits you make in this
2026-10-02T01:39:30.7019485Z state without impacting any branches by switching back to a branch.
2026-10-02T01:39:30.7019885Z 
2026-10-02T01:39:30.7020177Z If you want to create a new branch to retain commits you create, you may
2026-10-02T01:39:30.7020810Z do so (now or later) by using -c with the switch command. Example:
2026-10-02T01:39:30.7021161Z 
2026-10-02T01:39:30.7021416Z   git switch -c <new-branch-name>
2026-10-02T01:39:30.7021660Z 
2026-10-02T01:39:30.7021996Z Or undo this operation with:
2026-10-02T01:39:30.7022541Z 
2026-10-02T01:39:30.7022675Z   git switch -
2026-10-02T01:39:30.7022955Z 
2026-10-02T01:39:30.7023259Z Turn off this advice by setting config variable advice.detachedHead to false
2026-10-02T01:39:30.7023659Z 
2026-10-02T01:39:30.7024127Z HEAD is now at f65e114 Merge a7d520c7f0a6e72290c18c052604ae8a58e4c69e into 9ee843c7bfbf10ffd0c90ecde411b787dbf60ac9
2026-10-02T01:39:30.7076760Z ##[endgroup]
2026-10-02T01:39:30.7117095Z [command]/usr/bin/git log -1 --format=%H
2026-10-02T01:39:30.7141620Z f65e1146b107ca63bf63319647f883c6069d0405
2026-10-02T01:39:30.7358781Z ##[group]Run actions/setup-node@v4
2026-10-02T01:39:30.7359060Z with:
2026-10-02T01:39:30.7359268Z   node-version: 22
2026-10-02T01:39:30.7359479Z   always-auth: false
2026-10-02T01:39:30.7359692Z   check-latest: false
2026-10-02T01:39:30.7421374Z   token: ***
2026-10-02T01:39:30.7421773Z ##[endgroup]
2026-10-02T01:39:30.8514228Z Found in cache @ /opt/hostedtoolcache/node/22.23.3/x64
2026-10-02T01:39:30.8517655Z (node:2162) [DEP0040] DeprecationWarning: The `punycode` module is deprecated. Please use a userland alternative instead.
2026-10-02T01:39:30.8518259Z (Use `node --trace-deprecation ...` to show where the warning was created)
2026-10-02T01:39:30.8520213Z ##[group]Environment details
2026-10-02T01:39:31.1449496Z node: v22.23.3
2026-10-02T01:39:31.1449919Z npm: 10.9.9
2026-10-02T01:39:31.1450144Z yarn: 1.22.22
2026-10-02T01:39:31.1450776Z ##[endgroup]
2026-10-02T01:39:31.1571338Z ##[group]Run npm install --no-package-lock --no-audit --no-fund
2026-10-02T01:39:31.1571980Z [36;1mnpm install --no-package-lock --no-audit --no-fund[0m
2026-10-02T01:39:31.1776165Z shell: /usr/bin/bash -e {0}
2026-10-02T01:39:31.1776408Z ##[endgroup]
2026-10-02T01:39:32.5319656Z 
2026-10-02T01:39:32.5325463Z added 1 package in 1s
2026-10-02T01:39:32.5690320Z ##[group]Run node node_modules/playwright-core/cli.js install --with-deps --no-shell chromium
2026-10-02T01:39:32.5690879Z [36;1mnode node_modules/playwright-core/cli.js install --with-deps --no-shell chromium[0m
2026-10-02T01:39:32.5748915Z shell: /usr/bin/bash -e {0}
2026-10-02T01:39:32.5749141Z ##[endgroup]
2026-10-02T01:39:32.8299668Z Installing dependencies...
2026-10-02T01:39:32.8372833Z Switching to root user to install dependencies...
2026-10-02T01:39:32.9184046Z Get:1 file:/etc/apt/apt-mirrors.txt Mirrorlist [144 B]
2026-10-02T01:39:32.9536422Z Hit:2 http://azure.archive.ubuntu.com/ubuntu noble InRelease
2026-10-02T01:39:32.9562967Z Get:6 https://packages.microsoft.com/ubuntu/24.04/prod noble InRelease [3600 B]
2026-10-02T01:39:32.9582956Z Get:3 http://azure.archive.ubuntu.com/ubuntu noble-updates InRelease [126 kB]
2026-10-02T01:39:32.9632808Z Get:4 http://azure.archive.ubuntu.com/ubuntu noble-backports InRelease [126 kB]
2026-10-02T01:39:32.9704975Z Get:5 http://azure.archive.ubuntu.com/ubuntu noble-security InRelease [126 kB]
2026-10-02T01:39:33.0582127Z Get:7 https://packages.microsoft.com/ubuntu/24.04/prod noble/main amd64 Packages [510 kB]
2026-10-02T01:39:33.0754510Z Get:8 https://packages.microsoft.com/ubuntu/24.04/prod noble/main arm64 Packages [458 kB]
2026-10-02T01:39:33.0868665Z Get:9 https://packages.microsoft.com/ubuntu/24.04/prod noble/main armhf Packages [12.6 kB]
2026-10-02T01:39:33.1003276Z Get:10 http://azure.archive.ubuntu.com/ubuntu noble-updates/main amd64 Packages [1364 kB]
2026-10-02T01:39:33.1073434Z Get:11 http://azure.archive.ubuntu.com/ubuntu noble-updates/main Translation-en [304 kB]
2026-10-02T01:39:33.1092859Z Get:12 http://azure.archive.ubuntu.com/ubuntu noble-updates/main amd64 Components [181 kB]
2026-10-02T01:39:33.1099012Z Get:13 http://azure.archive.ubuntu.com/ubuntu noble-updates/universe amd64 Packages [1699 kB]
2026-10-02T01:39:33.1178170Z Get:14 http://azure.archive.ubuntu.com/ubuntu noble-updates/universe Translation-en [341 kB]
2026-10-02T01:39:33.1199617Z Get:15 http://azure.archive.ubuntu.com/ubuntu noble-updates/universe amd64 Components [388 kB]
2026-10-02T01:39:33.1241120Z Get:16 http://azure.archive.ubuntu.com/ubuntu noble-updates/restricted amd64 Packages [1720 kB]
2026-10-02T01:39:33.1333698Z Get:17 http://azure.archive.ubuntu.com/ubuntu noble-updates/restricted Translation-en [394 kB]
2026-10-02T01:39:33.1342697Z Get:18 http://azure.archive.ubuntu.com/ubuntu noble-updates/multiverse amd64 Components [940 B]
2026-10-02T01:39:33.1513351Z Get:19 http://azure.archive.ubuntu.com/ubuntu noble-backports/main amd64 Components [5760 B]
2026-10-02T01:39:33.1955163Z Get:20 http://azure.archive.ubuntu.com/ubuntu noble-backports/universe amd64 Components [12.6 kB]
2026-10-02T01:39:33.1967238Z Get:21 http://azure.archive.ubuntu.com/ubuntu noble-security/main amd64 Packages [1069 kB]
2026-10-02T01:39:33.2017336Z Get:22 http://azure.archive.ubuntu.com/ubuntu noble-security/main Translation-en [221 kB]
2026-10-02T01:39:33.2033093Z Get:23 http://azure.archive.ubuntu.com/ubuntu noble-security/main amd64 Components [46.4 kB]
2026-10-02T01:39:33.2042978Z Get:24 http://azure.archive.ubuntu.com/ubuntu noble-security/universe amd64 Packages [1216 kB]
2026-10-02T01:39:33.2096525Z Get:25 http://azure.archive.ubuntu.com/ubuntu noble-security/universe Translation-en [244 kB]
2026-10-02T01:39:33.2113419Z Get:26 http://azure.archive.ubuntu.com/ubuntu noble-security/universe amd64 Components [76.3 kB]
2026-10-02T01:39:33.2124053Z Get:27 http://azure.archive.ubuntu.com/ubuntu noble-security/restricted amd64 Packages [1566 kB]
2026-10-02T01:39:33.2191672Z Get:28 http://azure.archive.ubuntu.com/ubuntu noble-security/restricted Translation-en [361 kB]
2026-10-02T01:39:40.5763570Z Fetched 12.6 MB in 1s (10.9 MB/s)
2026-10-02T01:39:41.2102756Z Reading package lists...
2026-10-02T01:39:41.2306334Z Reading package lists...
2026-10-02T01:39:41.4011662Z Building dependency tree...
2026-10-02T01:39:41.4018519Z Reading state information...
2026-10-02T01:39:41.5254223Z libasound2t64 is already the newest version (1.2.11-1ubuntu0.3).
2026-10-02T01:39:41.5254848Z libasound2t64 set to manually installed.
2026-10-02T01:39:41.5255439Z libatk-bridge2.0-0t64 is already the newest version (2.52.0-1build1).
2026-10-02T01:39:41.5256042Z libatk-bridge2.0-0t64 set to manually installed.
2026-10-02T01:39:41.5256631Z libatk1.0-0t64 is already the newest version (2.52.0-1build1).
2026-10-02T01:39:41.5257167Z libatk1.0-0t64 set to manually installed.
2026-10-02T01:39:41.5257746Z libatspi2.0-0t64 is already the newest version (2.52.0-1build1).
2026-10-02T01:39:41.5258293Z libatspi2.0-0t64 set to manually installed.
2026-10-02T01:39:41.5258894Z libcairo2 is already the newest version (1.18.0-3build1).
2026-10-02T01:39:41.5259432Z libcairo2 set to manually installed.
2026-10-02T01:39:41.5260025Z libcups2t64 is already the newest version (2.4.7-1.2ubuntu7.14).
2026-10-02T01:39:41.5260572Z libcups2t64 set to manually installed.
2026-10-02T01:39:41.5261117Z libdbus-1-3 is already the newest version (1.14.10-4ubuntu4.1).
2026-10-02T01:39:41.5261558Z libdbus-1-3 set to manually installed.
2026-10-02T01:39:41.5262197Z libdrm2 is already the newest version (2.4.125-1ubuntu0.1~24.04.2).
2026-10-02T01:39:41.5262571Z libdrm2 set to manually installed.
2026-10-02T01:39:41.5262892Z libglib2.0-0t64 is already the newest version (2.80.0-6ubuntu3.9).
2026-10-02T01:39:41.5263217Z libglib2.0-0t64 set to manually installed.
2026-10-02T01:39:41.5263544Z libnspr4 is already the newest version (2:4.35-1.1build1).
2026-10-02T01:39:41.5263844Z libnspr4 set to manually installed.
2026-10-02T01:39:41.5264308Z libnss3 is already the newest version (2:3.98-1ubuntu0.2).
2026-10-02T01:39:41.5264610Z libnss3 set to manually installed.
2026-10-02T01:39:41.5264935Z libpango-1.0-0 is already the newest version (1.52.1+ds-1build1).
2026-10-02T01:39:41.5265254Z libpango-1.0-0 set to manually installed.
2026-10-02T01:39:41.5265667Z libx11-6 is already the newest version (2:1.8.7-1build1).
2026-10-02T01:39:41.5266099Z libx11-6 set to manually installed.
2026-10-02T01:39:41.5266395Z libxcb1 is already the newest version (1.15-1ubuntu2).
2026-10-02T01:39:41.5266681Z libxcb1 set to manually installed.
2026-10-02T01:39:41.5267006Z libxcomposite1 is already the newest version (1:0.4.5-1build3).
2026-10-02T01:39:41.5267508Z libxcomposite1 set to manually installed.
2026-10-02T01:39:41.5267835Z libxdamage1 is already the newest version (1:1.1.6-1build1).
2026-10-02T01:39:41.5268196Z libxdamage1 set to manually installed.
2026-10-02T01:39:41.5268753Z libxext6 is already the newest version (2:1.3.4-1build2).
2026-10-02T01:39:41.5269201Z libxext6 set to manually installed.
2026-10-02T01:39:41.5269779Z libxfixes3 is already the newest version (1:6.0.0-2build1).
2026-10-02T01:39:41.5270232Z libxfixes3 set to manually installed.
2026-10-02T01:39:41.5270713Z libxkbcommon0 is already the newest version (1.6.0-1build1).
2026-10-02T01:39:41.5271071Z libxkbcommon0 set to manually installed.
2026-10-02T01:39:41.5271394Z libxrandr2 is already the newest version (2:1.5.2-2build1).
2026-10-02T01:39:41.5271711Z libxrandr2 set to manually installed.
2026-10-02T01:39:41.5272350Z xvfb is already the newest version (2:21.1.12-1ubuntu1.8).
2026-10-02T01:39:41.5273031Z fonts-noto-color-emoji is already the newest version (2.047-0ubuntu0.24.04.1).
2026-10-02T01:39:41.5273701Z libfontconfig1 is already the newest version (2.15.0-1.1ubuntu2).
2026-10-02T01:39:41.5274031Z libfontconfig1 set to manually installed.
2026-10-02T01:39:41.5274372Z libfreetype6 is already the newest version (2.13.2+dfsg-1ubuntu0.1).
2026-10-02T01:39:41.5274705Z libfreetype6 set to manually installed.
2026-10-02T01:39:41.5275024Z fonts-liberation is already the newest version (1:2.1.5-3).
2026-10-02T01:39:41.5275340Z fonts-liberation set to manually installed.
2026-10-02T01:39:41.5275670Z The following additional packages will be installed:
2026-10-02T01:39:41.5276036Z   libgl1-mesa-dri libglx-mesa0 libwayland-server0 mesa-libgallium
2026-10-02T01:39:41.5276349Z   xfonts-encodings xfonts-utils
2026-10-02T01:39:41.5276778Z Recommended packages:
2026-10-02T01:39:41.5277099Z   fonts-ipafont-mincho fonts-tlwg-loma
2026-10-02T01:39:41.5419769Z The following NEW packages will be installed:
2026-10-02T01:39:41.5420541Z   fonts-freefont-ttf fonts-ipafont-gothic fonts-tlwg-loma-otf fonts-unifont
2026-10-02T01:39:41.5425105Z   fonts-wqy-zenhei libwayland-server0 xfonts-cyrillic xfonts-encodings
2026-10-02T01:39:41.5425720Z   xfonts-scalable xfonts-utils
2026-10-02T01:39:41.5428919Z The following packages will be upgraded:
2026-10-02T01:39:41.5432668Z   libgbm1 libgl1-mesa-dri libglx-mesa0 mesa-libgallium
2026-10-02T01:39:41.5571693Z 4 upgraded, 10 newly installed, 0 to remove and 21 not upgraded.
2026-10-02T01:39:41.5572298Z Need to get 32.1 MB of archives.
2026-10-02T01:39:41.5572668Z After this operation, 79.7 MB of additional disk space will be used.
2026-10-02T01:39:41.5573296Z Get:1 file:/etc/apt/apt-mirrors.txt Mirrorlist [144 B]
2026-10-02T01:39:41.6377609Z Get:2 http://azure.archive.ubuntu.com/ubuntu noble/universe amd64 fonts-ipafont-gothic all 00303-21ubuntu1 [3513 kB]
2026-10-02T01:39:41.7714222Z Get:3 http://azure.archive.ubuntu.com/ubuntu noble/main amd64 fonts-freefont-ttf all 20211204+svn4273-2 [5641 kB]
2026-10-02T01:39:41.9477741Z Get:4 http://azure.archive.ubuntu.com/ubuntu noble/universe amd64 fonts-tlwg-loma-otf all 1:0.7.3-1 [107 kB]
2026-10-02T01:39:42.0119789Z Get:5 http://azure.archive.ubuntu.com/ubuntu noble/universe amd64 fonts-unifont all 1:15.1.01-1build1 [2993 kB]
2026-10-02T01:39:42.1352666Z Get:6 http://azure.archive.ubuntu.com/ubuntu noble/universe amd64 fonts-wqy-zenhei all 0.9.45-8 [7472 kB]
2026-10-02T01:39:42.3533375Z Get:7 http://azure.archive.ubuntu.com/ubuntu noble-updates/main amd64 libgl1-mesa-dri amd64 25.2.8-0ubuntu0.24.04.3 [37.9 kB]
2026-10-02T01:39:42.4172234Z Get:8 http://azure.archive.ubuntu.com/ubuntu noble/main amd64 libwayland-server0 amd64 1.22.0-2.1build1 [33.9 kB]
2026-10-02T01:39:42.4810173Z Get:9 http://azure.archive.ubuntu.com/ubuntu noble-updates/main amd64 libglx-mesa0 amd64 25.2.8-0ubuntu0.24.04.3 [110 kB]
2026-10-02T01:39:42.5464682Z Get:10 http://azure.archive.ubuntu.com/ubuntu noble-updates/main amd64 libgbm1 amd64 25.2.8-0ubuntu0.24.04.3 [34.3 kB]
2026-10-02T01:39:42.6105011Z Get:11 http://azure.archive.ubuntu.com/ubuntu noble-updates/main amd64 mesa-libgallium amd64 25.2.8-0ubuntu0.24.04.3 [10.8 MB]
2026-10-02T01:39:42.9003489Z Get:12 http://azure.archive.ubuntu.com/ubuntu noble/main amd64 xfonts-encodings all 1:1.0.5-0ubuntu2 [578 kB]
2026-10-02T01:39:42.9760125Z Get:13 http://azure.archive.ubuntu.com/ubuntu noble/main amd64 xfonts-utils amd64 1:7.7+6build3 [94.4 kB]
2026-10-02T01:39:43.0441976Z Get:14 http://azure.archive.ubuntu.com/ubuntu noble/universe amd64 xfonts-cyrillic all 1:1.0.5+nmu1 [384 kB]
2026-10-02T01:39:43.1296526Z Get:15 http://azure.archive.ubuntu.com/ubuntu noble/main amd64 xfonts-scalable all 1:1.0.3-1.3 [304 kB]
2026-10-02T01:39:43.3415375Z Fetched 32.1 MB in 2s (20.2 MB/s)
2026-10-02T01:39:43.3599194Z Selecting previously unselected package fonts-ipafont-gothic.
2026-10-02T01:39:43.3801761Z (Reading database ... 
2026-10-02T01:39:43.3802159Z (Reading database ... 5%
2026-10-02T01:39:43.3802497Z (Reading database ... 10%
2026-10-02T01:39:43.3802836Z (Reading database ... 15%
2026-10-02T01:39:43.3803063Z (Reading database ... 20%
2026-10-02T01:39:43.3803257Z (Reading database ... 25%
2026-10-02T01:39:43.3803453Z (Reading database ... 30%
2026-10-02T01:39:43.3803654Z (Reading database ... 35%
2026-10-02T01:39:43.3803845Z (Reading database ... 40%
2026-10-02T01:39:43.3804038Z (Reading database ... 45%
2026-10-02T01:39:43.3804224Z (Reading database ... 50%
2026-10-02T01:39:43.3839098Z (Reading database ... 55%
2026-10-02T01:39:43.4642148Z (Reading database ... 60%
2026-10-02T01:39:43.6679693Z (Reading database ... 65%
2026-10-02T01:39:43.8182900Z (Reading database ... 70%
2026-10-02T01:39:44.0181137Z (Reading database ... 75%
2026-10-02T01:39:44.1599397Z (Reading database ... 80%
2026-10-02T01:39:44.3636306Z (Reading database ... 85%
2026-10-02T01:39:44.5321386Z (Reading database ... 90%
2026-10-02T01:39:44.6749152Z (Reading database ... 95%
2026-10-02T01:39:44.6749595Z (Reading database ... 100%
2026-10-02T01:39:44.6750134Z (Reading database ... 202296 files and directories currently installed.)
2026-10-02T01:39:44.6789057Z Preparing to unpack .../00-fonts-ipafont-gothic_00303-21ubuntu1_all.deb ...
2026-10-02T01:39:44.6944067Z Unpacking fonts-ipafont-gothic (00303-21ubuntu1) ...
2026-10-02T01:39:44.9206534Z Selecting previously unselected package fonts-freefont-ttf.
2026-10-02T01:39:44.9316067Z Preparing to unpack .../01-fonts-freefont-ttf_20211204+svn4273-2_all.deb ...
2026-10-02T01:39:44.9323644Z Unpacking fonts-freefont-ttf (20211204+svn4273-2) ...
2026-10-02T01:39:45.0411671Z Selecting previously unselected package fonts-tlwg-loma-otf.
2026-10-02T01:39:45.0519757Z Preparing to unpack .../02-fonts-tlwg-loma-otf_1%3a0.7.3-1_all.deb ...
2026-10-02T01:39:45.0529380Z Unpacking fonts-tlwg-loma-otf (1:0.7.3-1) ...
2026-10-02T01:39:45.0709046Z Selecting previously unselected package fonts-unifont.
2026-10-02T01:39:45.0814421Z Preparing to unpack .../03-fonts-unifont_1%3a15.1.01-1build1_all.deb ...
2026-10-02T01:39:45.0827282Z Unpacking fonts-unifont (1:15.1.01-1build1) ...
2026-10-02T01:39:45.2925555Z Selecting previously unselected package fonts-wqy-zenhei.
2026-10-02T01:39:45.3035182Z Preparing to unpack .../04-fonts-wqy-zenhei_0.9.45-8_all.deb ...
2026-10-02T01:39:45.3117278Z Unpacking fonts-wqy-zenhei (0.9.45-8) ...
2026-10-02T01:39:45.7897995Z Preparing to unpack .../05-libgl1-mesa-dri_25.2.8-0ubuntu0.24.04.3_amd64.deb ...
2026-10-02T01:39:45.8025643Z Unpacking libgl1-mesa-dri:amd64 (25.2.8-0ubuntu0.24.04.3) over (25.2.8-0ubuntu0.24.04.2) ...
2026-10-02T01:39:45.8343745Z Selecting previously unselected package libwayland-server0:amd64.
2026-10-02T01:39:45.8452658Z Preparing to unpack .../06-libwayland-server0_1.22.0-2.1build1_amd64.deb ...
2026-10-02T01:39:45.8474446Z Unpacking libwayland-server0:amd64 (1.22.0-2.1build1) ...
2026-10-02T01:39:45.8748245Z Preparing to unpack .../07-libglx-mesa0_25.2.8-0ubuntu0.24.04.3_amd64.deb ...
2026-10-02T01:39:45.8770370Z Unpacking libglx-mesa0:amd64 (25.2.8-0ubuntu0.24.04.3) over (25.2.8-0ubuntu0.24.04.2) ...
2026-10-02T01:39:45.9086727Z Preparing to unpack .../08-libgbm1_25.2.8-0ubuntu0.24.04.3_amd64.deb ...
2026-10-02T01:39:45.9109302Z Unpacking libgbm1:amd64 (25.2.8-0ubuntu0.24.04.3) over (25.2.8-0ubuntu0.24.04.2) ...
2026-10-02T01:39:45.9424921Z Preparing to unpack .../09-mesa-libgallium_25.2.8-0ubuntu0.24.04.3_amd64.deb ...
2026-10-02T01:39:45.9448607Z Unpacking mesa-libgallium:amd64 (25.2.8-0ubuntu0.24.04.3) over (25.2.8-0ubuntu0.24.04.2) ...
2026-10-02T01:39:46.3049736Z Selecting previously unselected package xfonts-encodings.
2026-10-02T01:39:46.3159003Z Preparing to unpack .../10-xfonts-encodings_1%3a1.0.5-0ubuntu2_all.deb ...
2026-10-02T01:39:46.3165484Z Unpacking xfonts-encodings (1:1.0.5-0ubuntu2) ...
2026-10-02T01:39:46.3401482Z Selecting previously unselected package xfonts-utils.
2026-10-02T01:39:46.3507208Z Preparing to unpack .../11-xfonts-utils_1%3a7.7+6build3_amd64.deb ...
2026-10-02T01:39:46.3513550Z Unpacking xfonts-utils (1:7.7+6build3) ...
2026-10-02T01:39:46.3791581Z Selecting previously unselected package xfonts-cyrillic.
2026-10-02T01:39:46.3897850Z Preparing to unpack .../12-xfonts-cyrillic_1%3a1.0.5+nmu1_all.deb ...
2026-10-02T01:39:46.3903437Z Unpacking xfonts-cyrillic (1:1.0.5+nmu1) ...
2026-10-02T01:39:46.4179607Z Selecting previously unselected package xfonts-scalable.
2026-10-02T01:39:46.4286617Z Preparing to unpack .../13-xfonts-scalable_1%3a1.0.3-1.3_all.deb ...
2026-10-02T01:39:46.4293928Z Unpacking xfonts-scalable (1:1.0.3-1.3) ...
2026-10-02T01:39:46.4739157Z Setting up libwayland-server0:amd64 (1.22.0-2.1build1) ...
2026-10-02T01:39:46.4760764Z Setting up mesa-libgallium:amd64 (25.2.8-0ubuntu0.24.04.3) ...
2026-10-02T01:39:46.4777585Z Setting up libgbm1:amd64 (25.2.8-0ubuntu0.24.04.3) ...
2026-10-02T01:39:46.4794655Z Setting up libgl1-mesa-dri:amd64 (25.2.8-0ubuntu0.24.04.3) ...
2026-10-02T01:39:46.4855556Z Setting up fonts-wqy-zenhei (0.9.45-8) ...
2026-10-02T01:39:46.4953607Z Setting up fonts-freefont-ttf (20211204+svn4273-2) ...
2026-10-02T01:39:46.4974651Z Setting up fonts-tlwg-loma-otf (1:0.7.3-1) ...
2026-10-02T01:39:46.4993377Z Setting up xfonts-encodings (1:1.0.5-0ubuntu2) ...
2026-10-02T01:39:46.5206859Z Setting up fonts-ipafont-gothic (00303-21ubuntu1) ...
2026-10-02T01:39:46.5267054Z update-alternatives: using /usr/share/fonts/opentype/ipafont-gothic/ipag.ttf to provide /usr/share/fonts/truetype/fonts-japanese-gothic.ttf (fonts-japanese-gothic.ttf) in auto mode
2026-10-02T01:39:46.5280221Z Setting up fonts-unifont (1:15.1.01-1build1) ...
2026-10-02T01:39:46.5293879Z Setting up libglx-mesa0:amd64 (25.2.8-0ubuntu0.24.04.3) ...
2026-10-02T01:39:46.5307622Z Setting up xfonts-utils (1:7.7+6build3) ...
2026-10-02T01:39:46.5338450Z Setting up xfonts-cyrillic (1:1.0.5+nmu1) ...
2026-10-02T01:39:46.5577251Z Setting up xfonts-scalable (1:1.0.3-1.3) ...
2026-10-02T01:39:46.5805415Z Processing triggers for libc-bin (2.39-0ubuntu8.9) ...
2026-10-02T01:39:46.7531608Z Processing triggers for man-db (2.12.0-4build2) ...
2026-10-02T01:39:46.7549341Z Not building database; man-db/auto-update is not 'true'.
2026-10-02T01:39:46.7558522Z Processing triggers for fontconfig (2.15.0-1.1ubuntu2) ...
2026-10-02T01:39:47.3201151Z 
2026-10-02T01:39:47.3202047Z Running kernel seems to be up-to-date.
2026-10-02T01:39:47.3202309Z 
2026-10-02T01:39:47.3202442Z No services need to be restarted.
2026-10-02T01:39:47.3202604Z 
2026-10-02T01:39:47.3202723Z No containers need to be restarted.
2026-10-02T01:39:47.3202869Z 
2026-10-02T01:39:47.3203010Z No user sessions are running outdated binaries.
2026-10-02T01:39:47.3203184Z 
2026-10-02T01:39:47.3203409Z No VM guests are running outdated hypervisor (qemu) binaries on this host.
2026-10-02T01:39:48.0706516Z Downloading Chrome for Testing 153.0.8010.12 (playwright chromium v1243) from https://cdn.playwright.dev/builds/cft/153.0.8010.12/linux64/chrome-linux64.zip
2026-10-02T01:39:48.4253466Z |                                                                                |   0% of 186.8 MiB
2026-10-02T01:39:48.6303057Z |■■■■■■■■                                                                        |  10% of 186.8 MiB
2026-10-02T01:39:48.7279020Z |■■■■■■■■■■■■■■■■                                                                |  20% of 186.8 MiB
2026-10-02T01:39:48.8599009Z |■■■■■■■■■■■■■■■■■■■■■■■■                                                        |  30% of 186.8 MiB
2026-10-02T01:39:48.9930390Z |■■■■■■■■■■■■■■■■■■■■■■■■■■■■■■■■                                                |  40% of 186.8 MiB
2026-10-02T01:39:49.1722188Z |■■■■■■■■■■■■■■■■■■■■■■■■■■■■■■■■■■■■■■■■                                        |  50% of 186.8 MiB
2026-10-02T01:39:49.2942683Z |■■■■■■■■■■■■■■■■■■■■■■■■■■■■■■■■■■■■■■■■■■■■■■■■                                |  60% of 186.8 MiB
2026-10-02T01:39:49.4079165Z |■■■■■■■■■■■■■■■■■■■■■■■■■■■■■■■■■■■■■■■■■■■■■■■■■■■■■■■■                        |  70% of 186.8 MiB
2026-10-02T01:39:49.5195093Z |■■■■■■■■■■■■■■■■■■■■■■■■■■■■■■■■■■■■■■■■■■■■■■■■■■■■■■■■■■■■■■■■                |  80% of 186.8 MiB
2026-10-02T01:39:49.6384509Z |■■■■■■■■■■■■■■■■■■■■■■■■■■■■■■■■■■■■■■■■■■■■■■■■■■■■■■■■■■■■■■■■■■■■■■■■        |  90% of 186.8 MiB
2026-10-02T01:39:49.7285654Z |■■■■■■■■■■■■■■■■■■■■■■■■■■■■■■■■■■■■■■■■■■■■■■■■■■■■■■■■■■■■■■■■■■■■■■■■■■■■■■■■| 100% of 186.8 MiB
2026-10-02T01:39:51.9412739Z Chrome for Testing 153.0.8010.12 (playwright chromium v1243) downloaded to /home/runner/.cache/ms-playwright/chromium-1243
2026-10-02T01:39:51.9415457Z Downloading FFmpeg (playwright ffmpeg v1011) from https://cdn.playwright.dev/dbazure/download/playwright/builds/ffmpeg/1011/ffmpeg-linux.zip
2026-10-02T01:39:52.2422245Z |                                                                                |   0% of 2.3 MiB
2026-10-02T01:39:52.2470315Z |■■■■■■■■                                                                        |  10% of 2.3 MiB
2026-10-02T01:39:52.2497723Z |■■■■■■■■■■■■■■■■                                                                |  20% of 2.3 MiB
2026-10-02T01:39:52.2532901Z |■■■■■■■■■■■■■■■■■■■■■■■■                                                        |  30% of 2.3 MiB
2026-10-02T01:39:52.2546894Z |■■■■■■■■■■■■■■■■■■■■■■■■■■■■■■■■                                                |  40% of 2.3 MiB
2026-10-02T01:39:52.2568300Z |■■■■■■■■■■■■■■■■■■■■■■■■■■■■■■■■■■■■■■■■                                        |  50% of 2.3 MiB
2026-10-02T01:39:52.2578448Z |■■■■■■■■■■■■■■■■■■■■■■■■■■■■■■■■■■■■■■■■■■■■■■■■                                |  60% of 2.3 MiB
2026-10-02T01:39:52.2599060Z |■■■■■■■■■■■■■■■■■■■■■■■■■■■■■■■■■■■■■■■■■■■■■■■■■■■■■■■■                        |  70% of 2.3 MiB
2026-10-02T01:39:52.2616944Z |■■■■■■■■■■■■■■■■■■■■■■■■■■■■■■■■■■■■■■■■■■■■■■■■■■■■■■■■■■■■■■■■                |  80% of 2.3 MiB
2026-10-02T01:39:52.2627229Z |■■■■■■■■■■■■■■■■■■■■■■■■■■■■■■■■■■■■■■■■■■■■■■■■■■■■■■■■■■■■■■■■■■■■■■■■        |  90% of 2.3 MiB
2026-10-02T01:39:52.2642293Z |■■■■■■■■■■■■■■■■■■■■■■■■■■■■■■■■■■■■■■■■■■■■■■■■■■■■■■■■■■■■■■■■■■■■■■■■■■■■■■■■| 100% of 2.3 MiB
2026-10-02T01:39:52.3299822Z FFmpeg (playwright ffmpeg v1011) downloaded to /home/runner/.cache/ms-playwright/ffmpeg-1011
2026-10-02T01:39:52.3441278Z ##[group]Run node -e 'const { chromium } = require("playwright-core"); const fs = require("node:fs"); const executable = chromium.executablePath(); fs.accessSync(executable, fs.constants.X_OK); fs.appendFileSync(process.env.GITHUB_ENV, `CHROMIUM_PATH=${executable}\n`);'
2026-10-02T01:39:52.3443090Z [36;1mnode -e 'const { chromium } = require("playwright-core"); const fs = require("node:fs"); const executable = chromium.executablePath(); fs.accessSync(executable, fs.constants.X_OK); fs.appendFileSync(process.env.GITHUB_ENV, `CHROMIUM_PATH=${executable}\n`);'[0m
2026-10-02T01:39:52.3498731Z shell: /usr/bin/bash -e {0}
2026-10-02T01:39:52.3498948Z ##[endgroup]
2026-10-02T01:39:52.6528101Z ##[group]Run npm run test:regressions
2026-10-02T01:39:52.6528377Z [36;1mnpm run test:regressions[0m
2026-10-02T01:39:52.6600019Z shell: /usr/bin/bash -e {0}
2026-10-02T01:39:52.6600254Z env:
2026-10-02T01:39:52.6600564Z   CHROMIUM_PATH: /home/runner/.cache/ms-playwright/chromium-1243/chrome-linux64/chrome
2026-10-02T01:39:52.6600936Z ##[endgroup]
2026-10-02T01:39:52.7463422Z 
2026-10-02T01:39:52.7463837Z > kid-games-playtests@1.0.0 test:regressions
2026-10-02T01:39:52.7464273Z > node regressions.cjs
2026-10-02T01:39:52.7464456Z 
2026-10-02T01:39:52.9860946Z Running 14 focused regression suites with /home/runner/.cache/ms-playwright/chromium-1243/chrome-linux64/chrome
2026-10-02T01:39:52.9861658Z 
2026-10-02T01:39:52.9862043Z --- craepets-family-restore.cjs ---
2026-10-02T01:39:53.0553072Z PASS jeannie rejects stats string
2026-10-02T01:39:53.0672634Z PASS jeannie rejects fractional house
2026-10-02T01:39:53.0711716Z PASS jeannie rejects review null
2026-10-02T01:39:53.0770997Z PASS jeannie rejects bag count string
2026-10-02T01:39:53.0834527Z PASS jeannie rejects subject stats string
2026-10-02T01:39:53.0933097Z PASS jeannie rejects room array
2026-10-02T01:39:53.0997600Z PASS jeannie rejects pet unknown species
2026-10-02T01:39:53.1072466Z PASS jeannie rejects pet unknown colour
2026-10-02T01:39:53.1153006Z PASS jeannie rejects blank name
2026-10-02T01:39:53.1232495Z PASS jeannie rejects invalid needs
2026-10-02T01:39:53.1316251Z PASS jeannie rejects bad diary
2026-10-02T01:39:53.1368187Z PASS jeannie rejects mail markup shape
2026-10-02T01:39:53.1434150Z PASS jeannie rejects invalid quest
2026-10-02T01:39:53.1492762Z PASS jeannie rejects bad coins
2026-10-02T01:39:53.1543389Z PASS jeannie rejects bad bank
2026-10-02T01:39:53.1601765Z PASS jeannie rejects seen string
2026-10-02T01:39:53.1657816Z PASS jeannie rejects pet array
2026-10-02T01:39:53.1723271Z PASS jeannie rejects bad version
2026-10-02T01:39:53.1775103Z PASS jeannie rejects review answer
2026-10-02T01:39:53.1833760Z PASS cory rejects stats string
2026-10-02T01:39:53.1895298Z PASS cory rejects fractional house
2026-10-02T01:39:53.1958203Z PASS cory rejects review null
2026-10-02T01:39:53.2030858Z PASS cory rejects bag count string
2026-10-02T01:39:53.2108795Z PASS cory rejects subject stats string
2026-10-02T01:39:53.2159849Z PASS cory rejects room array
2026-10-02T01:39:53.2210234Z PASS cory rejects pet unknown species
2026-10-02T01:39:53.2260950Z PASS cory rejects pet unknown colour
2026-10-02T01:39:53.2312434Z PASS cory rejects blank name
2026-10-02T01:39:53.2373677Z PASS cory rejects invalid needs
2026-10-02T01:39:53.2427822Z PASS cory rejects bad diary
2026-10-02T01:39:53.2481037Z PASS cory rejects mail markup shape
2026-10-02T01:39:53.2532806Z PASS cory rejects invalid quest
2026-10-02T01:39:53.2604661Z PASS cory rejects bad coins
2026-10-02T01:39:53.2656024Z PASS cory rejects bad bank
2026-10-02T01:39:53.2708376Z PASS cory rejects seen string
2026-10-02T01:39:53.2756681Z PASS cory rejects pet array
2026-10-02T01:39:53.2805462Z PASS cory rejects bad version
2026-10-02T01:39:53.2862648Z PASS cory rejects review answer
2026-10-02T01:39:53.2922444Z PASS ellie rejects stats string
2026-10-02T01:39:53.2982429Z PASS ellie rejects fractional house
2026-10-02T01:39:53.3041698Z PASS ellie rejects review null
2026-10-02T01:39:53.3100833Z PASS ellie rejects bag count string
2026-10-02T01:39:53.3172476Z PASS ellie rejects subject stats string
2026-10-02T01:39:53.3225864Z PASS ellie rejects room array
2026-10-02T01:39:53.3278497Z PASS ellie rejects pet unknown species
2026-10-02T01:39:53.3332979Z PASS ellie rejects pet unknown colour
2026-10-02T01:39:53.3392159Z PASS ellie rejects blank name
2026-10-02T01:39:53.3458484Z PASS ellie rejects invalid needs
2026-10-02T01:39:53.3518745Z PASS ellie rejects bad diary
2026-10-02T01:39:53.3582365Z PASS ellie rejects mail markup shape
2026-10-02T01:39:53.3709571Z PASS ellie rejects invalid quest
2026-10-02T01:39:53.3794775Z PASS ellie rejects bad coins
2026-10-02T01:39:53.3879593Z PASS ellie rejects bad bank
2026-10-02T01:39:53.3964990Z PASS ellie rejects seen string
2026-10-02T01:39:53.4042981Z PASS ellie rejects pet array
2026-10-02T01:39:53.4121091Z PASS ellie rejects bad version
2026-10-02T01:39:53.4208276Z PASS ellie rejects review answer
2026-10-02T01:39:53.4322448Z PASS kieran rejects stats string
2026-10-02T01:39:53.4405732Z PASS kieran rejects fractional house
2026-10-02T01:39:53.4511228Z PASS kieran rejects review null
2026-10-02T01:39:53.4599472Z PASS kieran rejects bag count string
2026-10-02T01:39:53.4686233Z PASS kieran rejects subject stats string
2026-10-02T01:39:53.4774625Z PASS kieran rejects room array
2026-10-02T01:39:53.4861045Z PASS kieran rejects pet unknown species
2026-10-02T01:39:53.4947938Z PASS kieran rejects pet unknown colour
2026-10-02T01:39:53.5034844Z PASS kieran rejects blank name
2026-10-02T01:39:53.5132393Z PASS kieran rejects invalid needs
2026-10-02T01:39:53.5244433Z PASS kieran rejects bad diary
2026-10-02T01:39:53.5331775Z PASS kieran rejects mail markup shape
2026-10-02T01:39:53.5418891Z PASS kieran rejects invalid quest
2026-10-02T01:39:53.5483153Z PASS kieran rejects bad coins
2026-10-02T01:39:53.5539362Z PASS kieran rejects bad bank
2026-10-02T01:39:53.5595583Z PASS kieran rejects seen string
2026-10-02T01:39:53.5645402Z PASS kieran rejects pet array
2026-10-02T01:39:53.5695242Z PASS kieran rejects bad version
2026-10-02T01:39:53.5751171Z PASS kieran rejects review answer
2026-10-02T01:39:53.5831047Z PASS shannon rejects stats string
2026-10-02T01:39:53.5888509Z PASS shannon rejects fractional house
2026-10-02T01:39:53.5945435Z PASS shannon rejects review null
2026-10-02T01:39:53.6002465Z PASS shannon rejects bag count string
2026-10-02T01:39:53.6059317Z PASS shannon rejects subject stats string
2026-10-02T01:39:53.6115884Z PASS shannon rejects room array
2026-10-02T01:39:53.6173146Z PASS shannon rejects pet unknown species
2026-10-02T01:39:53.6228714Z PASS shannon rejects pet unknown colour
2026-10-02T01:39:53.6327181Z PASS shannon rejects blank name
2026-10-02T01:39:53.6382122Z PASS shannon rejects invalid needs
2026-10-02T01:39:53.6437899Z PASS shannon rejects bad diary
2026-10-02T01:39:53.6493303Z PASS shannon rejects mail markup shape
2026-10-02T01:39:53.6549661Z PASS shannon rejects invalid quest
2026-10-02T01:39:53.6604859Z PASS shannon rejects bad coins
2026-10-02T01:39:53.6660183Z PASS shannon rejects bad bank
2026-10-02T01:39:53.6716490Z PASS shannon rejects seen string
2026-10-02T01:39:53.6765370Z PASS shannon rejects pet array
2026-10-02T01:39:53.6813479Z PASS shannon rejects bad version
2026-10-02T01:39:53.6870643Z PASS shannon rejects review answer
2026-10-02T01:39:53.6939899Z PASS tristan rejects stats string
2026-10-02T01:39:53.6996409Z PASS tristan rejects fractional house
2026-10-02T01:39:53.7053025Z PASS tristan rejects review null
2026-10-02T01:39:53.7109192Z PASS tristan rejects bag count string
2026-10-02T01:39:53.7166172Z PASS tristan rejects subject stats string
2026-10-02T01:39:53.7222072Z PASS tristan rejects room array
2026-10-02T01:39:53.7278146Z PASS tristan rejects pet unknown species
2026-10-02T01:39:53.7350471Z PASS tristan rejects pet unknown colour
2026-10-02T01:39:53.7406759Z PASS tristan rejects blank name
2026-10-02T01:39:53.7463277Z PASS tristan rejects invalid needs
2026-10-02T01:39:53.7519781Z PASS tristan rejects bad diary
2026-10-02T01:39:53.7576523Z PASS tristan rejects mail markup shape
2026-10-02T01:39:53.7633250Z PASS tristan rejects invalid quest
2026-10-02T01:39:53.7694478Z PASS tristan rejects bad coins
2026-10-02T01:39:53.7752984Z PASS tristan rejects bad bank
2026-10-02T01:39:53.7810083Z PASS tristan rejects seen string
2026-10-02T01:39:53.7874573Z PASS tristan rejects pet array
2026-10-02T01:39:53.7922017Z PASS tristan rejects bad version
2026-10-02T01:39:53.7978134Z PASS tristan rejects review answer
2026-10-02T01:39:53.8035426Z PASS guest rejects stats string
2026-10-02T01:39:53.8093675Z PASS guest rejects fractional house
2026-10-02T01:39:53.8151671Z PASS guest rejects review null
2026-10-02T01:39:53.8210345Z PASS guest rejects bag count string
2026-10-02T01:39:53.8267992Z PASS guest rejects subject stats string
2026-10-02T01:39:53.8342544Z PASS guest rejects room array
2026-10-02T01:39:53.8399833Z PASS guest rejects pet unknown species
2026-10-02T01:39:53.8456880Z PASS guest rejects pet unknown colour
2026-10-02T01:39:53.8514113Z PASS guest rejects blank name
2026-10-02T01:39:53.8572098Z PASS guest rejects invalid needs
2026-10-02T01:39:53.8631328Z PASS guest rejects bad diary
2026-10-02T01:39:53.8689956Z PASS guest rejects mail markup shape
2026-10-02T01:39:53.8747840Z PASS guest rejects invalid quest
2026-10-02T01:39:53.8820862Z PASS guest rejects bad coins
2026-10-02T01:39:53.8878411Z PASS guest rejects bad bank
2026-10-02T01:39:53.8936288Z PASS guest rejects seen string
2026-10-02T01:39:53.8985184Z PASS guest rejects pet array
2026-10-02T01:39:53.9033219Z PASS guest rejects bad version
2026-10-02T01:39:53.9091225Z PASS guest rejects review answer
2026-10-02T01:39:53.9138852Z PASS invalid JSON
2026-10-02T01:39:53.9184866Z PASS empty family
2026-10-02T01:39:53.9246444Z PASS unknown ID
2026-10-02T01:39:53.9292573Z PASS array profiles
2026-10-02T01:39:53.9339385Z PASS unsupported family version
2026-10-02T01:39:53.9424365Z PASS prepare is detached; all seven profiles retain tier, progress and namespaces
2026-10-02T01:39:53.9472957Z PASS jeannie legacy single-pet normalization
2026-10-02T01:39:53.9520638Z PASS cory legacy single-pet normalization
2026-10-02T01:39:53.9567677Z PASS ellie legacy single-pet normalization
2026-10-02T01:39:53.9615252Z PASS kieran legacy single-pet normalization
2026-10-02T01:39:53.9662374Z PASS shannon legacy single-pet normalization
2026-10-02T01:39:53.9709651Z PASS tristan legacy single-pet normalization
2026-10-02T01:39:53.9774861Z PASS guest legacy single-pet normalization
2026-10-02T01:39:53.9838144Z PASS jeannie failed target write restores all original bytes
2026-10-02T01:39:53.9897922Z PASS cory failed target write restores all original bytes
2026-10-02T01:39:53.9957301Z PASS ellie failed target write restores all original bytes
2026-10-02T01:39:54.0017851Z PASS kieran failed target write restores all original bytes
2026-10-02T01:39:54.0078071Z PASS shannon failed target write restores all original bytes
2026-10-02T01:39:54.0140136Z PASS tristan failed target write restores all original bytes
2026-10-02T01:39:54.0224492Z PASS guest failed target write restores all original bytes
2026-10-02T01:39:54.0287182Z PASS failure at craepets.house.import-recovery.v1
2026-10-02T01:39:54.0347799Z PASS failure at craepets.house.reset.cory
2026-10-02T01:39:54.0408852Z PASS failure at craepets.house.who
2026-10-02T01:39:54.0474891Z PASS size quota rollback frees changed pets before restoring larger old bytes
2026-10-02T01:39:54.0584937Z PASS persistent rollback failure preserves journal, blocks writes and recovers on next boot
2026-10-02T01:39:54.1136552Z PASS full/malformed/foreign-key journals safely refuse imports
2026-10-02T01:39:54.1184209Z PASS pending recovery failure blocks boot auto-copy
2026-10-02T01:39:54.1185341Z PASS family restore: 160 production checks; seven profile namespaces, malformed state, exact-byte recovery, real size quota and interrupted recovery.
2026-10-02T01:39:54.1295351Z PASS: craepets-family-restore.cjs (1.1s)
2026-10-02T01:39:54.1295985Z 
2026-10-02T01:39:54.1296299Z --- craepets-family-restore-browser.cjs ---
2026-10-02T01:39:56.8451286Z AssertionError [ERR_ASSERTION]: Expected values to be strictly deep-equal:
2026-10-02T01:39:56.8452090Z + actual - expected
2026-10-02T01:39:56.8452350Z ... Skipped lines
2026-10-02T01:39:56.8452519Z 
2026-10-02T01:39:56.8452612Z   {
2026-10-02T01:39:56.8453017Z     'craepets.house.before-import': 'keep prior safety copy',
2026-10-02T01:39:56.8453560Z     'craepets.house.position.cory': 'position cory',
2026-10-02T01:39:56.8454031Z     'craepets.house.position.ellie': 'position ellie',
2026-10-02T01:39:56.8454489Z     'craepets.house.position.guest': 'position guest',
2026-10-02T01:39:56.8454798Z ...
2026-10-02T01:39:56.8466353Z     'craepets.house.v1.cory': '{"v":1,"tier":"mid","coins":321,"pet":{"species":"blorb","colour":"berry","name":"Retry cory","born":1790905195534,"hunger":80,"happy":85,"energy":95,"clean":90,"xp":0,"wear":{"head":null,"face":null,"neck":null},"egg":{"need":3,"got":0,"taps":0}},"bag":{"strawberry":3,"soap":1},"bagNew":{"strawberry":true,"soap":true},"colours":["berry","sky","meadow","bubble","tangerine","lavender"],"lastTick":1790905195534,"day":20728,"quests":["tower1","tower3","match1"],"claimed":{},"today":{},"review":[],"seen":{},"harvest":{"farm":[],"well":[],"pool":[]},"house":{"home":"nest","homes":["nest"],"rooms":{"nest":{"wall":"straw","floor":"earth","view":"windowsun","name":""}},"walls":[],"floors":[],"views":[],"owned":[],"placed":[]},"stall":{"name":"","goods":[],"sales":[]},"adapt":{"math":{"rung":1,"hist":[],"best":1},"word":{"rung":1,"hist":[],"best":1},"wonder":{"rung":1,"hist":[],"best":1}},"arena":{"floor":0,"ally":null,"shadeWins":0,"hoardGot":0,"hoardIds":[]},"spinDay":0,"dayStreak":1,"lastPlayDay":20728,"wardrobe":[],"wish":null,"diary":[{"d":20728,"t":1790905195534,"e":"🥚","s":"Cory chose a Berry Red egg and called it Cory old already. Something is moving inside…","me":false},{"d":20728,"t":1790905195534,"e":"🏆","s":"We earned a trophy: First Friend (Adopt a Craepet).","me":false}],"mail":[],"petpets":[],"bank":{"balance":0,"day":20728,"earned":0},"catch":{"best":0,"games":0},"stats":{"correct":0,"wrong":0,"best":0,"streak":0,"farm":0,"well":0,"pool":0,"arena":0,"arenaWin":0,"feed":0,"play":0,"wash":0,"read":0,"buy":0,"quests":0,"coinsEarned":0,"fixed":0,"bestDayStreak":1,"bySubject":{},"spin":0,"placed":0,"stocked":0,"sold":0,"soldCoins":0,"styled":0,"newq":0,"repeatq":0,"heat":0,"stepup":0,"crit":0,"quick":0,"tower":0,"shadeWin":0,"allyHits":0,"allyWins":0,"bestFloor":0,"wishes":0,"dressed":0,"gifts":0,"received":0,"diary":0,"banked":0,"events":0,"catchGames":0,"matchGames":0,"visits":0,"parties":0},"trophies":["adopt"],"dailyGift":false,"steps":{}}',
2026-10-02T01:39:56.8485597Z +   'craepets.house.v1.ellie': '{"v":1,"tier":"mid","coins":321,"pet":{"species":"blorb","colour":"berry","name":"Retry ellie","born":1790905195534,"hunger":80,"happy":85,"energy":95,"clean":90,"xp":0,"wear":{"head":null,"face":null,"neck":null},"egg":{"need":3,"got":0,"taps":0}},"bag":{"strawberry":3,"soap":1},"bagNew":{"strawberry":true,"soap":true},"colours":["berry","sky","meadow","bubble","tangerine","lavender"],"lastTick":1790905196614,"day":20728,"quests":["tower1","tower3","match1"],"claimed":{},"today":{},"review":[],"seen":{},"harvest":{"farm":[],"well":[],"pool":[]},"house":{"home":"nest","homes":["nest"],"rooms":{"nest":{"wall":"straw","floor":"earth","view":"windowsun","name":""}},"walls":[],"floors":[],"views":[],"owned":[],"placed":[]},"stall":{"name":"","goods":[],"sales":[]},"adapt":{"math":{"rung":1,"hist":[],"best":1},"word":{"rung":1,"hist":[],"best":1},"wonder":{"rung":1,"hist":[],"best":1}},"arena":{"floor":0,"ally":null,"shadeWins":0,"hoardGot":0,"hoardIds":[]},"spinDay":0,"dayStreak":1,"lastPlayDay":20728,"wardrobe":[],"wish":null,"diary":[{"d":20728,"t":1790905195534,"e":"🥚","s":"Cory chose a Berry Red egg and called it Cory old already. Something is moving inside…","me":false},{"d":20728,"t":1790905195534,"e":"🏆","s":"We earned a trophy: First Friend (Adopt a Craepet).","me":false}],"mail":[],"petpets":[],"bank":{"balance":0,"day":20728,"earned":0},"catch":{"best":0,"games":0},"stats":{"correct":0,"wrong":0,"best":0,"streak":0,"farm":0,"well":0,"pool":0,"arena":0,"arenaWin":0,"feed":0,"play":0,"wash":0,"read":0,"buy":0,"quests":0,"coinsEarned":0,"fixed":0,"bestDayStreak":1,"bySubject":{},"spin":0,"placed":0,"stocked":0,"sold":0,"soldCoins":0,"styled":0,"newq":0,"repeatq":0,"heat":0,"stepup":0,"crit":0,"quick":0,"tower":0,"shadeWin":0,"allyHits":0,"allyWins":0,"bestFloor":0,"wishes":0,"dressed":0,"gifts":0,"received":0,"diary":0,"banked":0,"events":0,"catchGames":0,"matchGames":0,"visits":0,"parties":0},"trophies":["adopt"],"dailyGift":false,"steps":{}}',
2026-10-02T01:39:56.8505382Z -   'craepets.house.v1.ellie': '{"v":1,"tier":"mid","coins":321,"pet":{"species":"blorb","colour":"berry","name":"Retry ellie","born":1790905195534,"hunger":80,"happy":85,"energy":95,"clean":90,"xp":0,"wear":{"head":null,"face":null,"neck":null},"egg":{"need":3,"got":0,"taps":0}},"bag":{"strawberry":3,"soap":1},"bagNew":{"strawberry":true,"soap":true},"colours":["berry","sky","meadow","bubble","tangerine","lavender"],"lastTick":1790905196278,"day":20728,"quests":["tower1","tower3","match1"],"claimed":{},"today":{},"review":[],"seen":{},"harvest":{"farm":[],"well":[],"pool":[]},"house":{"home":"nest","homes":["nest"],"rooms":{"nest":{"wall":"straw","floor":"earth","view":"windowsun","name":""}},"walls":[],"floors":[],"views":[],"owned":[],"placed":[]},"stall":{"name":"","goods":[],"sales":[]},"adapt":{"math":{"rung":1,"hist":[],"best":1},"word":{"rung":1,"hist":[],"best":1},"wonder":{"rung":1,"hist":[],"best":1}},"arena":{"floor":0,"ally":null,"shadeWins":0,"hoardGot":0,"hoardIds":[]},"spinDay":0,"dayStreak":1,"lastPlayDay":20728,"wardrobe":[],"wish":null,"diary":[{"d":20728,"t":1790905195534,"e":"🥚","s":"Cory chose a Berry Red egg and called it Cory old already. Something is moving inside…","me":false},{"d":20728,"t":1790905195534,"e":"🏆","s":"We earned a trophy: First Friend (Adopt a Craepet).","me":false}],"mail":[],"petpets":[],"bank":{"balance":0,"day":20728,"earned":0},"catch":{"best":0,"games":0},"stats":{"correct":0,"wrong":0,"best":0,"streak":0,"farm":0,"well":0,"pool":0,"arena":0,"arenaWin":0,"feed":0,"play":0,"wash":0,"read":0,"buy":0,"quests":0,"coinsEarned":0,"fixed":0,"bestDayStreak":1,"bySubject":{},"spin":0,"placed":0,"stocked":0,"sold":0,"soldCoins":0,"styled":0,"newq":0,"repeatq":0,"heat":0,"stepup":0,"crit":0,"quick":0,"tower":0,"shadeWin":0,"allyHits":0,"allyWins":0,"bestFloor":0,"wishes":0,"dressed":0,"gifts":0,"received":0,"diary":0,"banked":0,"events":0,"catchGames":0,"matchGames":0,"visits":0,"parties":0},"trophies":["adopt"],"dailyGift":false,"steps":{}}',
2026-10-02T01:39:56.8523287Z     'craepets.house.v1.guest': '{"v":1,"tier":"mid","coins":321,"pet":{"species":"blorb","colour":"berry","name":"Retry guest","born":1790905195534,"hunger":80,"happy":85,"energy":95,"clean":90,"xp":0,"wear":{"head":null,"face":null,"neck":null},"egg":{"need":3,"got":0,"taps":0}},"bag":{"strawberry":3,"soap":1},"bagNew":{"strawberry":true,"soap":true},"colours":["berry","sky","meadow","bubble","tangerine","lavender"],"lastTick":1790905195534,"day":20728,"quests":["tower1","tower3","match1"],"claimed":{},"today":{},"review":[],"seen":{},"harvest":{"farm":[],"well":[],"pool":[]},"house":{"home":"nest","homes":["nest"],"rooms":{"nest":{"wall":"straw","floor":"earth","view":"windowsun","name":""}},"walls":[],"floors":[],"views":[],"owned":[],"placed":[]},"stall":{"name":"","goods":[],"sales":[]},"adapt":{"math":{"rung":1,"hist":[],"best":1},"word":{"rung":1,"hist":[],"best":1},"wonder":{"rung":1,"hist":[],"best":1}},"arena":{"floor":0,"ally":null,"shadeWins":0,"hoardGot":0,"hoardIds":[]},"spinDay":0,"dayStreak":1,"lastPlayDay":20728,"wardrobe":[],"wish":null,"diary":[{"d":20728,"t":1790905195534,"e":"🥚","s":"Cory chose a Berry Red egg and called it Cory old already. Something is moving inside…","me":false},{"d":20728,"t":1790905195534,"e":"🏆","s":"We earned a trophy: First Friend (Adopt a Craepet).","me":false}],"mail":[],"petpets":[],"bank":{"balance":0,"day":20728,"earned":0},"catch":{"best":0,"games":0},"stats":{"correct":0,"wrong":0,"best":0,"streak":0,"farm":0,"well":0,"pool":0,"arena":0,"arenaWin":0,"feed":0,"play":0,"wash":0,"read":0,"buy":0,"quests":0,"coinsEarned":0,"fixed":0,"bestDayStreak":1,"bySubject":{},"spin":0,"placed":0,"stocked":0,"sold":0,"soldCoins":0,"styled":0,"newq":0,"repeatq":0,"heat":0,"stepup":0,"crit":0,"quick":0,"tower":0,"shadeWin":0,"allyHits":0,"allyWins":0,"bestFloor":0,"wishes":0,"dressed":0,"gifts":0,"received":0,"diary":0,"banked":0,"events":0,"catchGames":0,"matchGames":0,"visits":0,"parties":0},"trophies":["adopt"],"dailyGift":false,"steps":{}}',
2026-10-02T01:39:56.8541682Z     'craepets.house.v1.jeannie': '{"v":1,"tier":"mid","coins":321,"pet":{"species":"blorb","colour":"berry","name":"Retry jeannie","born":1790905195534,"hunger":80,"happy":85,"energy":95,"clean":90,"xp":0,"wear":{"head":null,"face":null,"neck":null},"egg":{"need":3,"got":0,"taps":0}},"bag":{"strawberry":3,"soap":1},"bagNew":{"strawberry":true,"soap":true},"colours":["berry","sky","meadow","bubble","tangerine","lavender"],"lastTick":1790905195534,"day":20728,"quests":["tower1","tower3","match1"],"claimed":{},"today":{},"review":[],"seen":{},"harvest":{"farm":[],"well":[],"pool":[]},"house":{"home":"nest","homes":["nest"],"rooms":{"nest":{"wall":"straw","floor":"earth","view":"windowsun","name":""}},"walls":[],"floors":[],"views":[],"owned":[],"placed":[]},"stall":{"name":"","goods":[],"sales":[]},"adapt":{"math":{"rung":1,"hist":[],"best":1},"word":{"rung":1,"hist":[],"best":1},"wonder":{"rung":1,"hist":[],"best":1}},"arena":{"floor":0,"ally":null,"shadeWins":0,"hoardGot":0,"hoardIds":[]},"spinDay":0,"dayStreak":1,"lastPlayDay":20728,"wardrobe":[],"wish":null,"diary":[{"d":20728,"t":1790905195534,"e":"🥚","s":"Cory chose a Berry Red egg and called it Cory old already. Something is moving inside…","me":false},{"d":20728,"t":1790905195534,"e":"🏆","s":"We earned a trophy: First Friend (Adopt a Craepet).","me":false}],"mail":[],"petpets":[],"bank":{"balance":0,"day":20728,"earned":0},"catch":{"best":0,"games":0},"stats":{"correct":0,"wrong":0,"best":0,"streak":0,"farm":0,"well":0,"pool":0,"arena":0,"arenaWin":0,"feed":0,"play":0,"wash":0,"read":0,"buy":0,"quests":0,"coinsEarned":0,"fixed":0,"bestDayStreak":1,"bySubject":{},"spin":0,"placed":0,"stocked":0,"sold":0,"soldCoins":0,"styled":0,"newq":0,"repeatq":0,"heat":0,"stepup":0,"crit":0,"quick":0,"tower":0,"shadeWin":0,"allyHits":0,"allyWins":0,"bestFloor":0,"wishes":0,"dressed":0,"gifts":0,"received":0,"diary":0,"banked":0,"events":0,"catchGames":0,"matchGames":0,"visits":0,"parties":0},"trophies":["adopt"],"dailyGift":false,"steps":{}}',
2026-10-02T01:39:56.8561081Z     'craepets.house.v1.kieran': '{"v":1,"tier":"mid","coins":321,"pet":{"species":"blorb","colour":"berry","name":"Retry kieran","born":1790905195534,"hunger":80,"happy":85,"energy":95,"clean":90,"xp":0,"wear":{"head":null,"face":null,"neck":null},"egg":{"need":3,"got":0,"taps":0}},"bag":{"strawberry":3,"soap":1},"bagNew":{"strawberry":true,"soap":true},"colours":["berry","sky","meadow","bubble","tangerine","lavender"],"lastTick":1790905195534,"day":20728,"quests":["tower1","tower3","match1"],"claimed":{},"today":{},"review":[],"seen":{},"harvest":{"farm":[],"well":[],"pool":[]},"house":{"home":"nest","homes":["nest"],"rooms":{"nest":{"wall":"straw","floor":"earth","view":"windowsun","name":""}},"walls":[],"floors":[],"views":[],"owned":[],"placed":[]},"stall":{"name":"","goods":[],"sales":[]},"adapt":{"math":{"rung":1,"hist":[],"best":1},"word":{"rung":1,"hist":[],"best":1},"wonder":{"rung":1,"hist":[],"best":1}},"arena":{"floor":0,"ally":null,"shadeWins":0,"hoardGot":0,"hoardIds":[]},"spinDay":0,"dayStreak":1,"lastPlayDay":20728,"wardrobe":[],"wish":null,"diary":[{"d":20728,"t":1790905195534,"e":"🥚","s":"Cory chose a Berry Red egg and called it Cory old already. Something is moving inside…","me":false},{"d":20728,"t":1790905195534,"e":"🏆","s":"We earned a trophy: First Friend (Adopt a Craepet).","me":false}],"mail":[],"petpets":[],"bank":{"balance":0,"day":20728,"earned":0},"catch":{"best":0,"games":0},"stats":{"correct":0,"wrong":0,"best":0,"streak":0,"farm":0,"well":0,"pool":0,"arena":0,"arenaWin":0,"feed":0,"play":0,"wash":0,"read":0,"buy":0,"quests":0,"coinsEarned":0,"fixed":0,"bestDayStreak":1,"bySubject":{},"spin":0,"placed":0,"stocked":0,"sold":0,"soldCoins":0,"styled":0,"newq":0,"repeatq":0,"heat":0,"stepup":0,"crit":0,"quick":0,"tower":0,"shadeWin":0,"allyHits":0,"allyWins":0,"bestFloor":0,"wishes":0,"dressed":0,"gifts":0,"received":0,"diary":0,"banked":0,"events":0,"catchGames":0,"matchGames":0,"visits":0,"parties":0},"trophies":["adopt"],"dailyGift":false,"steps":{}}',
2026-10-02T01:39:56.8572664Z     'craepets.house.v1.shannon': '{"v":1,"tier":"mid","coins":321,"pet":{"species":"blorb","colour":"berry","name":"Retry shannon","born":1790905195534,"hunger":80,"happy":85,"energy":95,"clean":90,"xp":0,"wear":{"head":null,"face":null,"neck":null},"egg":{"need":3,"got":0,"taps":0}},"bag":{"strawberry":3,"soap":1},"bagNew":{"strawberry":true,"soap":true},"colours":["berry","sky","meadow","bubble","tangerine","lavender"],"lastTick":1790905195534,"day":20728,"quests":["tower1","tower3","match1"],"claimed":{},"today":{},"review":[],"seen":{},"harvest":{"farm":[],"well":[],"pool":[]},"house":{"home":"nest","homes":["nest"],"rooms":{"nest":{"wall":"straw","floor":"earth","view":"windowsun","name":""}},"walls":[],"floors":[],"views":[],"owned":[],"placed":[]},"stall":{"name":"","goods":[],"sales":[]},"adapt":{"math":{"rung":1,"hist":[],"best":1},"word":{"rung":1,"hist":[],"best":1},"wonder":{"rung":1,"hist":[],"best":1}},"arena":{"floor":0,"ally":null,"shadeWins":0,"hoardGot":0,"hoardIds":[]},"spinDay":0,"dayStreak":1,"lastPlayDay":20728,"wardrobe":[],"wish":null,"diary":[{"d":20728,"t":1790905195534,"e":"🥚","s":"Cory chose a Berry Red egg and called it Cory old already. Something is moving inside…","me":false},{"d":20728,"t":1790905195534,"e":"🏆","s":"We earned a trophy: First Friend (Adopt a Craepet).","me":false}],"mail":[],"petpets":[],"bank":{"balance":0,"day":20728,"earned":0},"catch":{"best":0,"games":0},"stats":{"correct":0,"wrong":0,"best":0,"streak":0,"farm":0,"well":0,"pool":0,"arena":0,"arenaWin":0,"feed":0,"play":0,"wash":0,"read":0,"buy":0,"quests":0,"coinsEarned":0,"fixed":0,"bestDayStreak":1,"bySubject":{},"spin":0,"placed":0,"stocked":0,"sold":0,"soldCoins":0,"styled":0,"newq":0,"repeatq":0,"heat":0,"stepup":0,"crit":0,"quick":0,"tower":0,"shadeWin":0,"allyHits":0,"allyWins":0,"bestFloor":0,"wishes":0,"dressed":0,"gifts":0,"received":0,"diary":0,"banked":0,"events":0,"catchGames":0,"matchGames":0,"visits":0,"parties":0},"trophies":["adopt"],"dailyGift":false,"steps":{}}',
2026-10-02T01:39:56.8583388Z     'craepets.house.v1.tristan': '{"v":1,"tier":"mid","coins":321,"pet":{"species":"blorb","colour":"berry","name":"Retry tristan","born":1790905195534,"hunger":80,"happy":85,"energy":95,"clean":90,"xp":0,"wear":{"head":null,"face":null,"neck":null},"egg":{"need":3,"got":0,"taps":0}},"bag":{"strawberry":3,"soap":1},"bagNew":{"strawberry":true,"soap":true},"colours":["berry","sky","meadow","bubble","tangerine","lavender"],"lastTick":1790905195534,"day":20728,"quests":["tower1","tower3","match1"],"claimed":{},"today":{},"review":[],"seen":{},"harvest":{"farm":[],"well":[],"pool":[]},"house":{"home":"nest","homes":["nest"],"rooms":{"nest":{"wall":"straw","floor":"earth","view":"windowsun","name":""}},"walls":[],"floors":[],"views":[],"owned":[],"placed":[]},"stall":{"name":"","goods":[],"sales":[]},"adapt":{"math":{"rung":1,"hist":[],"best":1},"word":{"rung":1,"hist":[],"best":1},"wonder":{"rung":1,"hist":[],"best":1}},"arena":{"floor":0,"ally":null,"shadeWins":0,"hoardGot":0,"hoardIds":[]},"spinDay":0,"dayStreak":1,"lastPlayDay":20728,"wardrobe":[],"wish":null,"diary":[{"d":20728,"t":1790905195534,"e":"🥚","s":"Cory chose a Berry Red egg and called it Cory old already. Something is moving inside…","me":false},{"d":20728,"t":1790905195534,"e":"🏆","s":"We earned a trophy: First Friend (Adopt a Craepet).","me":false}],"mail":[],"petpets":[],"bank":{"balance":0,"day":20728,"earned":0},"catch":{"best":0,"games":0},"stats":{"correct":0,"wrong":0,"best":0,"streak":0,"farm":0,"well":0,"pool":0,"arena":0,"arenaWin":0,"feed":0,"play":0,"wash":0,"read":0,"buy":0,"quests":0,"coinsEarned":0,"fixed":0,"bestDayStreak":1,"bySubject":{},"spin":0,"placed":0,"stocked":0,"sold":0,"soldCoins":0,"styled":0,"newq":0,"repeatq":0,"heat":0,"stepup":0,"crit":0,"quick":0,"tower":0,"shadeWin":0,"allyHits":0,"allyWins":0,"bestFloor":0,"wishes":0,"dressed":0,"gifts":0,"received":0,"diary":0,"banked":0,"events":0,"catchGames":0,"matchGames":0,"visits":0,"parties":0},"trophies":["adopt"],"dailyGift":false,"steps":{}}',
2026-10-02T01:39:56.8587685Z 
2026-10-02T01:39:56.8588105Z     at check (/home/runner/work/Kid-games/Kid-games/tests/craepets-family-restore-browser.cjs:60:10)
2026-10-02T01:39:56.8588682Z     at async /home/runner/work/Kid-games/Kid-games/tests/craepets-family-restore-browser.cjs:67:497 {
2026-10-02T01:39:56.8589056Z   generatedMessage: true,
2026-10-02T01:39:56.8589269Z   code: 'ERR_ASSERTION',
2026-10-02T01:39:56.8589460Z   actual: [Object],
2026-10-02T01:39:56.8589633Z   expected: [Object],
2026-10-02T01:39:56.8589832Z   operator: 'deepStrictEqual',
2026-10-02T01:39:56.8590030Z   diff: 'simple'
2026-10-02T01:39:56.8590197Z }
2026-10-02T01:39:56.8605028Z FAIL: craepets-family-restore-browser.cjs (2.7s) — exited with status 1
2026-10-02T01:39:56.8605439Z 
2026-10-02T01:39:56.8605641Z --- post-office-storage.cjs ---
2026-10-02T01:39:56.8845206Z PASS normal saves and key ordering do not create recovery copies
2026-10-02T01:39:56.8854773Z PASS all six drafts and valid family mail survive mixed damage without read-time writes
2026-10-02T01:39:56.8857396Z PASS invalid letter 0 cannot hide a valid sibling
2026-10-02T01:39:56.8858385Z PASS invalid letter 1 cannot hide a valid sibling
2026-10-02T01:39:56.8859451Z PASS invalid letter 2 cannot hide a valid sibling
2026-10-02T01:39:56.8861339Z PASS invalid letter 3 cannot hide a valid sibling
2026-10-02T01:39:56.8863438Z PASS invalid letter 4 cannot hide a valid sibling
2026-10-02T01:39:56.8864627Z PASS invalid letter 5 cannot hide a valid sibling
2026-10-02T01:39:56.8866601Z PASS invalid letter 6 cannot hide a valid sibling
2026-10-02T01:39:56.8869705Z PASS invalid letter 7 cannot hide a valid sibling
2026-10-02T01:39:56.8871686Z PASS invalid letter 8 cannot hide a valid sibling
2026-10-02T01:39:56.8872844Z PASS invalid letter 9 cannot hide a valid sibling
2026-10-02T01:39:56.8873720Z PASS invalid letter 10 cannot hide a valid sibling
2026-10-02T01:39:56.8874489Z PASS invalid letter 11 cannot hide a valid sibling
2026-10-02T01:39:56.8879805Z PASS invalid letter 12 cannot hide a valid sibling
2026-10-02T01:39:56.8880574Z PASS invalid letter 13 cannot hide a valid sibling
2026-10-02T01:39:56.8881263Z PASS invalid letter 14 cannot hide a valid sibling
2026-10-02T01:39:56.8881995Z PASS invalid letter 15 cannot hide a valid sibling
2026-10-02T01:39:56.8882783Z PASS invalid letter 16 cannot hide a valid sibling
2026-10-02T01:39:56.8883382Z PASS invalid letter 17 cannot hide a valid sibling
2026-10-02T01:39:56.8884083Z PASS invalid letter 18 cannot hide a valid sibling
2026-10-02T01:39:56.8884727Z PASS invalid letter 19 cannot hide a valid sibling
2026-10-02T01:39:56.8885308Z PASS invalid letter 20 cannot hide a valid sibling
2026-10-02T01:39:56.8885888Z PASS invalid letter 21 cannot hide a valid sibling
2026-10-02T01:39:56.8886579Z PASS invalid letter 22 cannot hide a valid sibling
2026-10-02T01:39:56.8887314Z PASS invalid letter 23 cannot hide a valid sibling
2026-10-02T01:39:56.8887868Z PASS invalid letter 24 cannot hide a valid sibling
2026-10-02T01:39:56.8888584Z PASS invalid letter 25 cannot hide a valid sibling
2026-10-02T01:39:56.8889187Z PASS invalid letter 26 cannot hide a valid sibling
2026-10-02T01:39:56.8889782Z PASS invalid letter 27 cannot hide a valid sibling
2026-10-02T01:39:56.8890392Z PASS invalid letter 28 cannot hide a valid sibling
2026-10-02T01:39:56.8891066Z PASS invalid letter 29 cannot hide a valid sibling
2026-10-02T01:39:56.8892068Z PASS invalid letter 30 cannot hide a valid sibling
2026-10-02T01:39:56.8897050Z PASS invalid letter 31 cannot hide a valid sibling
2026-10-02T01:39:56.8897610Z PASS invalid letter 32 cannot hide a valid sibling
2026-10-02T01:39:56.8898147Z PASS invalid letter 33 cannot hide a valid sibling
2026-10-02T01:39:56.8898656Z PASS invalid letter 34 cannot hide a valid sibling
2026-10-02T01:39:56.8902734Z PASS invalid letter 35 cannot hide a valid sibling
2026-10-02T01:39:56.8904656Z PASS malformed draft repair preserves jeannie text and isolates recipients
2026-10-02T01:39:56.8905396Z PASS malformed draft repair preserves cory text and isolates recipients
2026-10-02T01:39:56.8906294Z PASS malformed draft repair preserves ellie text and isolates recipients
2026-10-02T01:39:56.8906998Z PASS malformed draft repair preserves kieran text and isolates recipients
2026-10-02T01:39:56.8907707Z PASS malformed draft repair preserves shannon text and isolates recipients
2026-10-02T01:39:56.8908403Z PASS malformed draft repair preserves tristan text and isolates recipients
2026-10-02T01:39:56.8909072Z PASS bad draft body cannot reach trim and valid siblings survive
2026-10-02T01:39:56.8909618Z PASS old Dad draft migration uses only own known IDs
2026-10-02T01:39:56.8910214Z PASS unusable snapshot stays intact until protected repair: {broken
2026-10-02T01:39:56.8910889Z PASS unusable snapshot stays intact until protected repair: null
2026-10-02T01:39:56.8911509Z PASS unusable snapshot stays intact until protected repair: []
2026-10-02T01:39:56.8912223Z PASS unusable snapshot stays intact until protected repair: 45
2026-10-02T01:39:56.8912851Z PASS unusable snapshot stays intact until protected repair: "broken"
2026-10-02T01:39:56.8913468Z PASS backup quota failure refuses original overwrite and warns
2026-10-02T01:39:56.8914087Z PASS mailbag quota failure retains the already captured damaged bytes
2026-10-02T01:39:56.8917378Z PASS distinct recovery copies are append-only, deduplicated and bounded
2026-10-02T01:39:56.8921233Z PASS damaged recovery storage is never overwritten
2026-10-02T01:39:56.8922281Z PASS duplicate IDs cannot bind readers to multiple letters
2026-10-02T01:39:56.8922807Z Post Office storage regressions: 56 checks passed.
2026-10-02T01:39:56.8950740Z PASS: post-office-storage.cjs (0.0s)
2026-10-02T01:39:56.8950995Z 
2026-10-02T01:39:56.8951192Z --- post-office-storage-browser.cjs ---
2026-10-02T01:40:31.2912959Z PASS Post Office Desktop: damaged save recovery, six drafts, real storage events, rebound read/delete, removed/switch reader cancellation, sender preview, quota retry, reload, namespaces and literal text
2026-10-02T01:41:02.3900196Z PASS Post Office iPad: damaged save recovery, six drafts, real storage events, rebound read/delete, removed/switch reader cancellation, sender preview, quota retry, reload, namespaces and literal text
2026-10-02T01:41:39.5539346Z PASS Post Office iPhone: damaged save recovery, six drafts, real storage events, rebound read/delete, removed/switch reader cancellation, sender preview, quota retry, reload, namespaces and literal text
2026-10-02T01:41:39.6329682Z PASS: post-office-storage-browser.cjs (102.7s)
2026-10-02T01:41:39.6331249Z 
2026-10-02T01:41:39.6331404Z --- craepets-import.cjs ---
2026-10-02T01:41:39.9635450Z PASS games/craepets/craepets.js [craepets.] import transactions: 53 invalid backups, storage failure, full and legacy transfers, reload, house progress and shared-profile interoperability
2026-10-02T01:41:40.2528768Z PASS house-test/engine.js [craepets.house.] import transactions: 53 invalid backups, storage failure, full and legacy transfers, reload, house progress and shared-profile interoperability
2026-10-02T01:41:40.5380533Z PASS house-test/engine.js [craepets.] import transactions: 53 invalid backups, storage failure, full and legacy transfers, reload, house progress and shared-profile interoperability
2026-10-02T01:41:40.5513986Z PASS: craepets-import.cjs (0.9s)
2026-10-02T01:41:40.5516533Z 
2026-10-02T01:41:40.5516885Z --- craepets-import-browser.cjs ---
2026-10-02T01:41:44.3759815Z PASS game import browser checks at desktop/phone
2026-10-02T01:41:47.2728955Z PASS house import browser checks at desktop/phone
2026-10-02T01:41:51.3193850Z PASS shared import browser checks at desktop/phone
2026-10-02T01:41:51.3195764Z PASS Craepets browser imports: rejected files and quota failure preserve active lessons; current and legacy transfers reload and play on desktop/phone in game, standalone-house and shared-house modes
2026-10-02T01:41:51.4090219Z PASS: craepets-import-browser.cjs (10.9s)
2026-10-02T01:41:51.4090573Z 
2026-10-02T01:41:51.4090759Z --- shared-media-lifecycle.cjs ---
2026-10-02T01:41:51.4887137Z PASS shared media: canceled narration, audio failure recovery, bounded effects, live preferences, and background cleanup
2026-10-02T01:41:51.4933039Z PASS: shared-media-lifecycle.cjs (0.1s)
2026-10-02T01:41:51.4933316Z 
2026-10-02T01:41:51.4933504Z --- photo-daily-assignment.cjs ---
2026-10-02T01:41:51.5295098Z PASS: Photo daily assignments (300 date/explorer/unlock cases; 101 compatible low-bit hashes, 149 high-bit hashes), real map rendering and one daily reward
2026-10-02T01:41:51.5324462Z PASS: photo-daily-assignment.cjs (0.0s)
2026-10-02T01:41:51.5324748Z 
2026-10-02T01:41:51.5324913Z --- arcade-usability.cjs ---
2026-10-02T01:41:52.5154183Z PASS: corrupt saved preferences, canonical resume metadata and keyboard navigation
2026-10-02T01:41:53.0946059Z PASS: search, kid filters, result status, empty state, reset and reduced motion at 1280px
2026-10-02T01:41:53.6090767Z PASS: search, kid filters, result status, empty state, reset and reduced motion at 320px
2026-10-02T01:41:53.9617856Z PASS: arcade remains playable without localStorage; Surprise me respects search
2026-10-02T01:41:54.0322006Z PASS: arcade-usability.cjs (2.5s)
2026-10-02T01:41:54.0322330Z 
2026-10-02T01:41:54.0322529Z --- math-reliability.test.js ---
2026-10-02T01:41:58.9015329Z Math/logic reliability checks passed (5 games, numeric answers, blocked storage, damaged saves, immediate reload and phone layouts).
2026-10-02T01:41:59.2266746Z PASS: math-reliability.test.js (5.2s)
2026-10-02T01:41:59.2267072Z 
2026-10-02T01:41:59.2267227Z --- service-worker.cjs ---
2026-10-02T01:42:01.4230380Z PASS: scoped cache cleanup, safe bounded warming, module refresh, nested/dynamic imports offline, partial responses, correct fallback URL
2026-10-02T01:42:01.4940288Z PASS: service-worker.cjs (2.3s)
2026-10-02T01:42:01.4940582Z 
2026-10-02T01:42:01.4940782Z --- young-games-regressions.js ---
2026-10-02T01:42:12.7760336Z PASS young games: Desktop
2026-10-02T01:42:23.4219626Z PASS young games: Phone
2026-10-02T01:42:24.2696744Z PASS young games: corrupt and blocked saves
2026-10-02T01:42:24.3376561Z PASS: young-games-regressions.js (22.8s)
2026-10-02T01:42:24.3376792Z 
2026-10-02T01:42:24.3376945Z --- word-puzzles-lifecycle.cjs ---
2026-10-02T01:42:26.0818564Z PASS word puzzles: Desktop, duplicate submit, disabled cards, solve/hint cancellation, stopped/restored clocks, Clear and crossing direction
2026-10-02T01:42:27.4317968Z PASS word puzzles: Phone, duplicate submit, disabled cards, solve/hint cancellation, stopped/restored clocks, Clear and crossing direction
2026-10-02T01:42:27.5199158Z PASS: word-puzzles-lifecycle.cjs (3.2s)
2026-10-02T01:42:27.5199457Z 
2026-10-02T01:42:27.5199589Z --- three-model-visuals.cjs ---
2026-10-02T01:43:03.9184754Z PASS models: 35 wildlife, 18 pets/companions, 221 furnishings, 12 biome/quality variants; geometry, shaders, animation and disposal
2026-10-02T01:43:03.9300116Z PASS real WebGL: 35 wildlife models, 18 pets and companions, 221 furnishings, 12 biome/quality variants; finite geometry and rigs, shaders, animation, quality and disposal.
2026-10-02T01:43:03.9303710Z {"maxAnimalDraws":33,"maxAnimalTriangles":15564,"maxPetDraws":2,"maxFurnitureDraws":4,"maxFurnitureTriangles":2480,"maxWorldDraws":614,"maxWorldTriangles":1034478,"evidence":"/tmp/kid-games-visuals/validation"}
2026-10-02T01:43:04.0014945Z PASS: three-model-visuals.cjs (36.5s)
2026-10-02T01:43:04.0015572Z   craepets-family-restore-browser.cjs: exited with status 1
2026-10-02T01:43:04.0016294Z 
2026-10-02T01:43:04.0042775Z Regressions: 13/14 passed.
2026-10-02T01:43:04.0163288Z ##[error]Process completed with exit code 1.
2026-10-02T01:43:04.0279178Z Post job cleanup.
2026-10-02T01:43:04.0958562Z [command]/usr/bin/git version
2026-10-02T01:43:04.0995101Z git version 2.55.0
2026-10-02T01:43:04.1027441Z Temporarily overriding HOME='/home/runner/work/_temp/0b57c6ba-c332-46f2-8c06-e2774550eeed' before making global git config changes
2026-10-02T01:43:04.1028370Z Adding repository directory to the temporary git global config as a safe directory
2026-10-02T01:43:04.1032566Z [command]/usr/bin/git config --global --add safe.directory /home/runner/work/Kid-games/Kid-games
2026-10-02T01:43:04.1064711Z [command]/usr/bin/git config --local --name-only --get-regexp core\.sshCommand
2026-10-02T01:43:04.1093364Z [command]/usr/bin/git submodule foreach --recursive sh -c "git config --local --name-only --get-regexp 'core\.sshCommand' && git config --local --unset-all 'core.sshCommand' || :"
2026-10-02T01:43:04.1323055Z [command]/usr/bin/git config --local --name-only --get-regexp http\.https\:\/\/github\.com\/\.extraheader
2026-10-02T01:43:04.1334660Z http.https://github.com/.extraheader
2026-10-02T01:43:04.1344080Z [command]/usr/bin/git config --local --unset-all http.https://github.com/.extraheader
2026-10-02T01:43:04.1372598Z [command]/usr/bin/git submodule foreach --recursive sh -c "git config --local --name-only --get-regexp 'http\.https\:\/\/github\.com\/\.extraheader' && git config --local --unset-all 'http.https://github.com/.extraheader' || :"
2026-10-02T01:43:04.1592860Z [command]/usr/bin/git config --local --name-only --get-regexp ^includeIf\.gitdir:
2026-10-02T01:43:04.1626570Z [command]/usr/bin/git submodule foreach --recursive git config --local --show-origin --name-only --get-regexp remote.origin.url
2026-10-02T01:43:04.1974405Z Cleaning up orphan processes
2026-10-02T01:43:04.2281550Z ##[warning]Node.js 20 is deprecated. The following actions target Node.js 20 but are being forced to run on Node.js 24: actions/checkout@v4, actions/setup-node@v4. For more information see: https://github.blog/changelog/2025-09-19-deprecation-of-node-20-on-github-actions-runners/
